Component: ARM Compiler 5.06 update 7 (build 960) Tool: armlink [4d3601]

==============================================================================

Section Cross References

    startup_stm32f103xe.o(STACK) refers (Special) to heapauxi.o(.text) for __use_two_region_memory
    startup_stm32f103xe.o(HEAP) refers (Special) to heapauxi.o(.text) for __use_two_region_memory
    startup_stm32f103xe.o(RESET) refers (Special) to heapauxi.o(.text) for __use_two_region_memory
    startup_stm32f103xe.o(RESET) refers to startup_stm32f103xe.o(STACK) for __initial_sp
    startup_stm32f103xe.o(RESET) refers to startup_stm32f103xe.o(.text) for Reset_Handler
    startup_stm32f103xe.o(RESET) refers to stm32f1xx_it.o(i.NMI_Handler) for NMI_Handler
    startup_stm32f103xe.o(RESET) refers to stm32f1xx_it.o(i.HardFault_Handler) for HardFault_Handler
    startup_stm32f103xe.o(RESET) refers to stm32f1xx_it.o(i.MemManage_Handler) for MemManage_Handler
    startup_stm32f103xe.o(RESET) refers to stm32f1xx_it.o(i.BusFault_Handler) for BusFault_Handler
    startup_stm32f103xe.o(RESET) refers to stm32f1xx_it.o(i.UsageFault_Handler) for UsageFault_Handler
    startup_stm32f103xe.o(RESET) refers to port.o(.emb_text) for SVC_Handler
    startup_stm32f103xe.o(RESET) refers to stm32f1xx_it.o(i.DebugMon_Handler) for DebugMon_Handler
    startup_stm32f103xe.o(RESET) refers to port.o(i.SysTick_Handler) for SysTick_Handler
    startup_stm32f103xe.o(RESET) refers to stm32f1xx_it.o(i.DMA1_Channel5_IRQHandler) for DMA1_Channel5_IRQHandler
    startup_stm32f103xe.o(RESET) refers to stm32f1xx_it.o(i.TIM1_UP_IRQHandler) for TIM1_UP_IRQHandler
    startup_stm32f103xe.o(RESET) refers to stm32f1xx_it.o(i.TIM2_IRQHandler) for TIM2_IRQHandler
    startup_stm32f103xe.o(RESET) refers to stm32f1xx_it.o(i.USART1_IRQHandler) for USART1_IRQHandler
    startup_stm32f103xe.o(RESET) refers to stm32f1xx_it.o(i.TIM6_IRQHandler) for TIM6_IRQHandler
    startup_stm32f103xe.o(RESET) refers to stm32f1xx_it.o(i.TIM7_IRQHandler) for TIM7_IRQHandler
    startup_stm32f103xe.o(RESET) refers to stm32f1xx_it.o(i.DMA2_Channel3_IRQHandler) for DMA2_Channel3_IRQHandler
    startup_stm32f103xe.o(.text) refers (Special) to heapauxi.o(.text) for __use_two_region_memory
    startup_stm32f103xe.o(.text) refers to system_stm32f1xx.o(i.SystemInit) for SystemInit
    startup_stm32f103xe.o(.text) refers to __main.o(!!!main) for __main
    startup_stm32f103xe.o(.text) refers to startup_stm32f103xe.o(HEAP) for Heap_Mem
    startup_stm32f103xe.o(.text) refers to startup_stm32f103xe.o(STACK) for Stack_Mem
    main.o(i.Error_Handler) refers to user_bsp.o(i.USART_SendData) for USART_SendData
    main.o(i.Error_Handler) refers to usart.o(.bss) for huart1
    main.o(i.HAL_TIM_PeriodElapsedCallback) refers to stm32f1xx_hal.o(i.HAL_IncTick) for HAL_IncTick
    main.o(i.HAL_TIM_PeriodElapsedCallback) refers to user_bsp_it.o(i.USER_TIM_PeriodElapsedCallback) for USER_TIM_PeriodElapsedCallback
    main.o(i.SystemClock_Config) refers to rt_memclr_w.o(.text) for __aeabi_memclr4
    main.o(i.SystemClock_Config) refers to stm32f1xx_hal_rcc.o(i.HAL_RCC_OscConfig) for HAL_RCC_OscConfig
    main.o(i.SystemClock_Config) refers to stm32f1xx_hal_rcc.o(i.HAL_RCC_ClockConfig) for HAL_RCC_ClockConfig
    main.o(i.SystemClock_Config) refers to main.o(i.Error_Handler) for Error_Handler
    main.o(i.assert_failed) refers to user_bsp.o(i.USART_SendData) for USART_SendData
    main.o(i.assert_failed) refers to usart.o(.bss) for huart1
    main.o(i.main) refers to stm32f1xx_hal.o(i.HAL_Init) for HAL_Init
    main.o(i.main) refers to main.o(i.SystemClock_Config) for SystemClock_Config
    main.o(i.main) refers to gpio.o(i.MX_GPIO_Init) for MX_GPIO_Init
    main.o(i.main) refers to dma.o(i.MX_DMA_Init) for MX_DMA_Init
    main.o(i.main) refers to usart.o(i.MX_USART1_UART_Init) for MX_USART1_UART_Init
    main.o(i.main) refers to tim.o(i.MX_TIM6_Init) for MX_TIM6_Init
    main.o(i.main) refers to tim.o(i.MX_TIM7_Init) for MX_TIM7_Init
    main.o(i.main) refers to dac.o(i.MX_DAC_Init) for MX_DAC_Init
    main.o(i.main) refers to tim.o(i.MX_TIM2_Init) for MX_TIM2_Init
    main.o(i.main) refers to tim.o(i.MX_TIM4_Init) for MX_TIM4_Init
    main.o(i.main) refers to spi.o(i.MX_SPI1_Init) for MX_SPI1_Init
    main.o(i.main) refers to fatfs.o(i.MX_FATFS_Init) for MX_FATFS_Init
    main.o(i.main) refers to stm32f1xx_hal_tim.o(i.HAL_TIM_Base_Start) for HAL_TIM_Base_Start
    main.o(i.main) refers to cmsis_os2.o(i.osKernelInitialize) for osKernelInitialize
    main.o(i.main) refers to freertos.o(i.MX_FREERTOS_Init) for MX_FREERTOS_Init
    main.o(i.main) refers to cmsis_os2.o(i.osKernelStart) for osKernelStart
    main.o(i.main) refers to tim.o(.bss) for htim4
    gpio.o(i.MX_GPIO_Init) refers to stm32f1xx_hal_gpio.o(i.HAL_GPIO_WritePin) for HAL_GPIO_WritePin
    gpio.o(i.MX_GPIO_Init) refers to stm32f1xx_hal_gpio.o(i.HAL_GPIO_Init) for HAL_GPIO_Init
    freertos.o(i.Led_Ctr_Task) refers to tasks.o(i.vTaskDelay) for vTaskDelay
[...]
    ReadWav                                  0x080061c1   Thumb Code   376  core.o(i.ReadWav)
    SD_GetCIDRegister                        0x08006491   Thumb Code   248  bsp_spi_sdcard.o(i.SD_GetCIDRegister)
    SD_GetCSDRegister                        0x0800658d   Thumb Code   446  bsp_spi_sdcard.o(i.SD_GetCSDRegister)
    SD_GetCardInfo                           0x08006755   Thumb Code   116  bsp_spi_sdcard.o(i.SD_GetCardInfo)
    SD_GetCardType                           0x080067cd   Thumb Code   286  bsp_spi_sdcard.o(i.SD_GetCardType)
    SD_GetDataResponse                       0x080068f5   Thumb Code    50  bsp_spi_sdcard.o(i.SD_GetDataResponse)
    SD_GetResponse                           0x08006927   Thumb Code    36  bsp_spi_sdcard.o(i.SD_GetResponse)
    SD_GoIdleState                           0x0800694d   Thumb Code    48  bsp_spi_sdcard.o(i.SD_GoIdleState)
    SD_Init                                  0x08006981   Thumb Code    56  bsp_spi_sdcard.o(i.SD_Init)
    SD_ReadBlock                             0x080069c5   Thumb Code   112  bsp_spi_sdcard.o(i.SD_ReadBlock)
    SD_ReadByte                              0x08006a3d   Thumb Code    32  bsp_spi_sdcard.o(i.SD_ReadByte)
    SD_SendCmd                               0x08006a61   Thumb Code    54  bsp_spi_sdcard.o(i.SD_SendCmd)
    SD_WriteBlock                            0x08006a99   Thumb Code   124  bsp_spi_sdcard.o(i.SD_WriteBlock)
    SD_WriteByte                             0x08006b1d   Thumb Code    30  bsp_spi_sdcard.o(i.SD_WriteByte)
    SoftReset                                0x08006b41   Thumb Code    32  user_bsp_handler.o(i.SoftReset)
    SysTick_Handler                          0x08006b69   Thumb Code    38  port.o(i.SysTick_Handler)
    Sys_Init_Task                            0x08006b95   Thumb Code   144  freertos.o(i.Sys_Init_Task)
    SystemClock_Config                       0x08006c99   Thumb Code    88  main.o(i.SystemClock_Config)
    SystemInit                               0x08006cf1   Thumb Code     2  system_stm32f1xx.o(i.SystemInit)
    System_Init                              0x08006cf5   Thumb Code    68  user_bsp.o(i.System_Init)
    TIM1_UP_IRQHandler                       0x08006d5d   Thumb Code     6  stm32f1xx_it.o(i.TIM1_UP_IRQHandler)
    TIM2_IRQHandler                          0x08006d69   Thumb Code     6  stm32f1xx_it.o(i.TIM2_IRQHandler)
    TIM6_IRQHandler                          0x08006d75   Thumb Code     6  stm32f1xx_it.o(i.TIM6_IRQHandler)
    TIM7_IRQHandler                          0x08006d81   Thumb Code     6  stm32f1xx_it.o(i.TIM7_IRQHandler)
    TIM_Base_SetConfig                       0x08006d8d   Thumb Code   120  stm32f1xx_hal_tim.o(i.TIM_Base_SetConfig)
    TIM_ETR_SetConfig                        0x08006e19   Thumb Code    20  stm32f1xx_hal_tim.o(i.TIM_ETR_SetConfig)
    UART_Start_Receive_DMA                   0x080071f9   Thumb Code   130  stm32f1xx_hal_uart.o(i.UART_Start_Receive_DMA)
    USART1_IRQHandler                        0x08007301   Thumb Code    18  stm32f1xx_it.o(i.USART1_IRQHandler)
    USART_SendData                           0x08007319   Thumb Code    48  user_bsp.o(i.USART_SendData)
    USER_TIM_PeriodElapsedCallback           0x08007351   Thumb Code    24  user_bsp_it.o(i.USER_TIM_PeriodElapsedCallback)
    USER_initialize                          0x08007375   Thumb Code    34  user_diskio.o(i.USER_initialize)
    USER_ioctl                               0x0800739d   Thumb Code    60  user_diskio.o(i.USER_ioctl)
    USER_read                                0x080073dd   Thumb Code    40  user_diskio.o(i.USER_read)
    USER_status                              0x08007405   Thumb Code    14  user_diskio.o(i.USER_status)
    USER_write                               0x08007419   Thumb Code    40  user_diskio.o(i.USER_write)
    Uart1_Init                               0x08007441   Thumb Code    22  user_bsp.o(i.Uart1_Init)
    Uart1_Reve_Callback                      0x08007461   Thumb Code   104  user_bsp_it.o(i.Uart1_Reve_Callback)
    Uart1_Scan_Task                          0x080074e9   Thumb Code   114  user_bsp_handler.o(i.Uart1_Scan_Task)
    Uart_Strcmp                              0x080075d5   Thumb Code    16  user_bsp.o(i.Uart_Strcmp)
    UsageFault_Handler                       0x080075e5   Thumb Code     2  stm32f1xx_it.o(i.UsageFault_Handler)
    WAV_Format_parsing                       0x080075e9   Thumb Code   372  audio.o(i.WAV_Format_parsing)
    __ARM_fpclassify                         0x08007855   Thumb Code    40  fpclassify.o(i.__ARM_fpclassify)
    _is_digit                                0x0800789d   Thumb Code    14  __printf_wp.o(i._is_digit)
    assert_failed                            0x080078ad   Thumb Code    12  main.o(i.assert_failed)
    clust2sect                               0x08007a2f   Thumb Code    30  ff.o(i.clust2sect)
    configureTimerForRunTimeStats            0x08007a4d   Thumb Code    16  freertos.o(i.configureTimerForRunTimeStats)
    disk_initialize                          0x08008221   Thumb Code    36  diskio.o(i.disk_initialize)
    disk_ioctl                               0x08008249   Thumb Code    24  diskio.o(i.disk_ioctl)
    disk_read                                0x08008265   Thumb Code    24  diskio.o(i.disk_read)
    disk_status                              0x08008281   Thumb Code    18  diskio.o(i.disk_status)
    disk_write                               0x08008299   Thumb Code    24  diskio.o(i.disk_write)
    eTaskConfirmSleepModeStatus              0x080082b5   Thumb Code    38  tasks.o(i.eTaskConfirmSleepModeStatus)
    eTaskGetState                            0x080082e5   Thumb Code    94  tasks.o(i.eTaskGetState)
    f_close                                  0x0800834d   Thumb Code    54  ff.o(i.f_close)
    f_lseek                                  0x08008385   Thumb Code   684  ff.o(i.f_lseek)
    f_mount                                  0x08008631   Thumb Code   126  ff.o(i.f_mount)
    f_open                                   0x080086b5   Thumb Code   486  ff.o(i.f_open)
    f_read                                   0x080088a1   Thumb Code   466  ff.o(i.f_read)
    f_sync                                   0x08008a73   Thumb Code   210  ff.o(i.f_sync)
    ff_convert                               0x08008b45   Thumb Code    52  ccsbcs.o(i.ff_convert)
    ff_cre_syncobj                           0x08008b7d   Thumb Code    20  syscall.o(i.ff_cre_syncobj)
    ff_del_syncobj                           0x08008b91   Thumb Code    10  syscall.o(i.ff_del_syncobj)
    ff_memalloc                              0x08008b9b   Thumb Code     4  syscall.o(i.ff_memalloc)
    ff_memfree                               0x08008b9f   Thumb Code     4  syscall.o(i.ff_memfree)
    ff_rel_grant                             0x08008ba3   Thumb Code    10  syscall.o(i.ff_rel_grant)
    ff_req_grant                             0x08008bad   Thumb Code    18  syscall.o(i.ff_req_grant)
    ff_wtoupper                              0x08008bc1   Thumb Code    28  ccsbcs.o(i.ff_wtoupper)
    getRunTimeCounterValue                   0x08008fb5   Thumb Code     6  freertos.o(i.getRunTimeCounterValue)
    get_fat                                  0x08008fc1   Thumb Code   204  ff.o(i.get_fat)
    get_fattime                              0x0800908d   Thumb Code     4  fatfs.o(i.get_fattime)
    main                                     0x08009189   Thumb Code    68  main.o(i.main)
    my_strnstr_kmp                           0x08009227   Thumb Code    66  audio.o(i.my_strnstr_kmp)
    osKernelInitialize                       0x08009269   Thumb Code    50  cmsis_os2.o(i.osKernelInitialize)
    osKernelStart                            0x080092a1   Thumb Code    58  cmsis_os2.o(i.osKernelStart)
    osThreadNew                              0x080092e1   Thumb Code   160  cmsis_os2.o(i.osThreadNew)
    put_fat                                  0x08009be1   Thumb Code   246  ff.o(i.put_fat)
    pvPortMalloc                             0x08009cd9   Thumb Code   210  heap_4.o(i.pvPortMalloc)
    pvTaskIncrementMutexHeldCount            0x08009db1   Thumb Code    18  tasks.o(i.pvTaskIncrementMutexHeldCount)
    pxPortInitialiseStack                    0x08009dc9   Thumb Code    32  port.o(i.pxPortInitialiseStack)
    ulTaskNotifyTake                         0x08009f9d   Thumb Code    96  tasks.o(i.ulTaskNotifyTake)
    uxListRemove                             0x0800a023   Thumb Code    38  list.o(i.uxListRemove)
    uxTaskGetSystemState                     0x0800a049   Thumb Code   162  tasks.o(i.uxTaskGetSystemState)
    uxTaskResetEventItemValue                0x0800a0f5   Thumb Code    20  tasks.o(i.uxTaskResetEventItemValue)
    vApplicationGetIdleTaskMemory            0x0800a10d   Thumb Code    16  cmsis_os2.o(i.vApplicationGetIdleTaskMemory)
    vApplicationGetTimerTaskMemory           0x0800a121   Thumb Code    16  cmsis_os2.o(i.vApplicationGetTimerTaskMemory)
    vListInitialise                          0x0800a135   Thumb Code    22  list.o(i.vListInitialise)
    vListInitialiseItem                      0x0800a14b   Thumb Code     6  list.o(i.vListInitialiseItem)
    vListInsert                              0x0800a151   Thumb Code    48  list.o(i.vListInsert)
    vListInsertEnd                           0x0800a181   Thumb Code    24  list.o(i.vListInsertEnd)
    vPortEnterCritical                       0x0800a199   Thumb Code    54  port.o(i.vPortEnterCritical)
    vPortExitCritical                        0x0800a1d9   Thumb Code    34  port.o(i.vPortExitCritical)
    vPortFree                                0x0800a201   Thumb Code    88  heap_4.o(i.vPortFree)
    vPortSetupTimerInterrupt                 0x0800a25d   Thumb Code    64  port.o(i.vPortSetupTimerInterrupt)
    vPortSuppressTicksAndSleep               0x0800a2a5   Thumb Code   230  port.o(i.vPortSuppressTicksAndSleep)
    vPortValidateInterruptPriority           0x0800a391   Thumb Code    74  port.o(i.vPortValidateInterruptPriority)
    vQueueAddToRegistry                      0x0800a3e5   Thumb Code    34  queue.o(i.vQueueAddToRegistry)
    vQueueDelete                             0x0800a40d   Thumb Code    46  queue.o(i.vQueueDelete)
    vQueueUnregisterQueue                    0x0800a43d   Thumb Code    36  queue.o(i.vQueueUnregisterQueue)
    vQueueWaitForMessageRestricted           0x0800a465   Thumb Code    68  queue.o(i.vQueueWaitForMessageRestricted)
    vTaskDelay                               0x0800a4a9   Thumb Code    66  tasks.o(i.vTaskDelay)
    vTaskDelete                              0x0800a4f5   Thumb Code   130  tasks.o(i.vTaskDelete)
    vTaskGetInfo                             0x0800a585   Thumb Code   114  tasks.o(i.vTaskGetInfo)
    vTaskGetRunTimeStats                     0x0800a5fd   Thumb Code   150  tasks.o(i.vTaskGetRunTimeStats)
    vTaskInternalSetTimeOutState             0x0800a6b1   Thumb Code    12  tasks.o(i.vTaskInternalSetTimeOutState)
    vTaskList                                0x0800a6c1   Thumb Code   170  tasks.o(i.vTaskList)
    vTaskMissedYield                         0x0800a781   Thumb Code     8  tasks.o(i.vTaskMissedYield)
    vTaskNotifyGiveFromISR                   0x0800a78d   Thumb Code   166  tasks.o(i.vTaskNotifyGiveFromISR)
    vTaskPlaceOnEventList                    0x0800a83d   Thumb Code    44  tasks.o(i.vTaskPlaceOnEventList)
    vTaskPlaceOnEventListRestricted          0x0800a86d   Thumb Code    52  tasks.o(i.vTaskPlaceOnEventListRestricted)
    vTaskPlaceOnUnorderedEventList           0x0800a8a5   Thumb Code    76  tasks.o(i.vTaskPlaceOnUnorderedEventList)
    vTaskPriorityDisinheritAfterTimeout      0x0800a8f5   Thumb Code   134  tasks.o(i.vTaskPriorityDisinheritAfterTimeout)
    vTaskRemoveFromUnorderedEventList        0x0800a985   Thumb Code   102  tasks.o(i.vTaskRemoveFromUnorderedEventList)
    vTaskStartScheduler                      0x0800a9f5   Thumb Code   122  tasks.o(i.vTaskStartScheduler)
    vTaskStepTick                            0x0800aa81   Thumb Code    36  tasks.o(i.vTaskStepTick)
    vTaskSuspendAll                          0x0800aaa9   Thumb Code    10  tasks.o(i.vTaskSuspendAll)
    vTaskSwitchContext                       0x0800aab9   Thumb Code   114  tasks.o(i.vTaskSwitchContext)
    xEventGroupCreate                        0x0800ab75   Thumb Code    28  event_groups.o(i.xEventGroupCreate)
    xEventGroupSetBits                       0x0800ab91   Thumb Code   140  event_groups.o(i.xEventGroupSetBits)
    xEventGroupWaitBits                      0x0800ac1d   Thumb Code   260  event_groups.o(i.xEventGroupWaitBits)
    xPortStartScheduler                      0x0800ad25   Thumb Code   154  port.o(i.xPortStartScheduler)
    xQueueCreateMutex                        0x0800adcd   Thumb Code    22  queue.o(i.xQueueCreateMutex)
    xQueueGenericCreate                      0x0800ade3   Thumb Code    72  queue.o(i.xQueueGenericCreate)
    xQueueGenericCreateStatic                0x0800ae2b   Thumb Code   102  queue.o(i.xQueueGenericCreateStatic)
    xQueueGenericReset                       0x0800ae91   Thumb Code   132  queue.o(i.xQueueGenericReset)
    xQueueGenericSend                        0x0800af19   Thumb Code   346  queue.o(i.xQueueGenericSend)
    xQueueGenericSendFromISR                 0x0800b079   Thumb Code   188  queue.o(i.xQueueGenericSendFromISR)
    xQueueReceive                            0x0800b135   Thumb Code   308  queue.o(i.xQueueReceive)
    xQueueSemaphoreTake                      0x0800b26d   Thumb Code   372  queue.o(i.xQueueSemaphoreTake)
    xTaskCheckForTimeOut                     0x0800b3e5   Thumb Code   112  tasks.o(i.xTaskCheckForTimeOut)
    xTaskCreate                              0x0800b459   Thumb Code    90  tasks.o(i.xTaskCreate)
    xTaskCreateStatic                        0x0800b4b3   Thumb Code    86  tasks.o(i.xTaskCreateStatic)
    xTaskGetSchedulerState                   0x0800b509   Thumb Code    22  tasks.o(i.xTaskGetSchedulerState)
    xTaskGetTickCount                        0x0800b525   Thumb Code     6  tasks.o(i.xTaskGetTickCount)
    xTaskIncrementTick                       0x0800b531   Thumb Code   190  tasks.o(i.xTaskIncrementTick)
    xTaskPriorityDisinherit                  0x0800b5f9   Thumb Code   118  tasks.o(i.xTaskPriorityDisinherit)
    xTaskPriorityInherit                     0x0800b679   Thumb Code   112  tasks.o(i.xTaskPriorityInherit)
    xTaskRemoveFromEventList                 0x0800b6f1   Thumb Code   106  tasks.o(i.xTaskRemoveFromEventList)
    xTaskResumeAll                           0x0800b765   Thumb Code   182  tasks.o(i.xTaskResumeAll)
    xTimerCreateTimerTask                    0x0800b829   Thumb Code    78  timers.o(i.xTimerCreateTimerTask)
    xTimerGenericCommand                     0x0800b889   Thumb Code    98  timers.o(i.xTimerGenericCommand)
    _get_lc_numeric                          0x0800b8f1   Thumb Code    44  lc_numeric_c.o(locale$$code)
    _get_lc_ctype                            0x0800b91d   Thumb Code    44  lc_ctype_c.o(locale$$code)
    _printf_fp_dec                           0x0800b949   Thumb Code     4  printf1.o(x$fpl$printf1)
    _printf_fp_hex                           0x0800b94d   Thumb Code     4  printf2.o(x$fpl$printf2)
    SysInitTask_attributes                   0x0800b950   Data          36  freertos.o(.constdata)
    __I$use$fp                               0x0800b950   Number         0  usenofp.o(x$fpl$usenofp)
    AHBPrescTable                            0x0800b986   Data          16  system_stm32f1xx.o(.constdata)
    APBPrescTable                            0x0800b996   Data           8  system_stm32f1xx.o(.constdata)
    ASCII8x16_Table                          0x0800b99e   Data        1520  fonts.o(.constdata)
    Region$$Table$$Base                      0x0800c614   Number         0  anon$$obj.o(Region$$Table)
    Region$$Table$$Limit                     0x0800c634   Number         0  anon$$obj.o(Region$$Table)
    __ctype                                  0x0800c65d   Data           0  lc_ctype_c.o(locale$$data)
    FreeRTOS_RunTimeTicks                    0x20000000   Data           4  freertos.o(.data)
    Led_Ctr_Task_Handle                      0x20000004   Data           4  freertos.o(.data)
    Led_Test_Task_Handle                     0x20000008   Data           4  freertos.o(.data)
    Key_Scan_Task_Handle                     0x2000000c   Data           4  freertos.o(.data)
    Key_Run_Task_Handle                      0x20000010   Data           4  freertos.o(.data)
    Uart1_Scan_Task_Handle                   0x20000014   Data           4  freertos.o(.data)
    ReadWav_Task_Handle                      0x20000018   Data           4  freertos.o(.data)
    SysInitTaskHandle                        0x2000001c   Data           4  freertos.o(.data)
    uwTickFreq                               0x20000020   Data           1  stm32f1xx_hal.o(.data)
    uwTickPrio                               0x20000024   Data           4  stm32f1xx_hal.o(.data)
    uwTick                                   0x20000028   Data           4  stm32f1xx_hal.o(.data)
    SystemCoreClock                          0x2000002c   Data           4  system_stm32f1xx.o(.data)
    pxCurrentTCB                             0x20000030   Data           4  tasks.o(.data)
    SD_Type                                  0x200000bc   Data           1  bsp_spi_sdcard.o(.data)
    Uart1_Len                                0x200000c0   Data           4  user_bsp.o(.data)
    Uart1_ReveFlag                           0x200000c4   Data           1  user_bsp.o(.data)
    Key_Reg                                  0x200000c8   Data           1  user_bsp_handler.o(.data)
    EvenGroup_Key_Handle                     0x200000cc   Data           4  user_bsp_handler.o(.data)
    LCD_SCAN_MODE                            0x200000d0   Data           1  bsp_ili9341_lcd.o(.data)
    LCD_X_LENGTH                             0x200000d2   Data           2  bsp_ili9341_lcd.o(.data)
    LCD_Y_LENGTH                             0x200000d4   Data           2  bsp_ili9341_lcd.o(.data)
    lcdid                                    0x200000d6   Data           2  bsp_ili9341_lcd.o(.data)
    Font8x16                                 0x200000e0   Data           8  fonts.o(.data)
    WriteCnt                                 0x200000e8   Data           1  core.o(.data)
    USER_Driver                              0x200000ec   Data          20  user_diskio.o(.data)
    retUSER                                  0x20000100   Data           1  fatfs.o(.data)
    USERPath                                 0x20000101   Data           4  fatfs.o(.data)
    hdac                                     0x20000110   Data          20  dac.o(.bss)
    hdma_dac_ch1                             0x20000124   Data          68  dac.o(.bss)
    hspi1                                    0x20000168   Data          88  spi.o(.bss)
    htim2                                    0x200001c0   Data          72  tim.o(.bss)
    htim4                                    0x20000208   Data          72  tim.o(.bss)
    htim6                                    0x20000250   Data          72  tim.o(.bss)
    htim7                                    0x20000298   Data          72  tim.o(.bss)
    huart1                                   0x200002e0   Data          72  usart.o(.bss)
    hdma_usart1_rx                           0x20000328   Data          68  usart.o(.bss)
    htim1                                    0x2000036c   Data          72  stm32f1xx_hal_timebase_tim.o(.bss)
    xQueueRegistry                           0x200003b4   Data          64  queue.o(.bss)
    SDCardInfo                               0x200059d0   Data          88  bsp_spi_sdcard.o(.bss)
    SpiHandle                                0x20005a28   Data          88  bsp_spi_sdcard.o(.bss)
    Uart_TxBuf                               0x20005a80   Data         128  user_bsp.o(.bss)
    Uart1_Buf                                0x20005b00   Data         128  user_bsp.o(.bss)
    strTmp                                   0x20005b80   Data         500  user_bsp_handler.o(.bss)
    wavInfo                                  0x20005d74   Data         256  core.o(.bss)
    wavBuff                                  0x20005e74   Data         512  core.o(.bss)
    Wav_DacOutout_Buf                        0x20006074   Data        1024  core.o(.bss)
    USERFatFS                                0x20006474   Data         564  fatfs.o(.bss)
    disk                                     0x200066c0   Data          12  ff_gen_drv.o(.bss)
    __libspace_start                         0x200066cc   Data          96  libspace.o(.bss)
    __temporary_stack_top$libspace           0x2000672c   Data           0  libspace.o(.bss)



==============================================================================

Memory Map of the image

  Image Entry point : 0x08000131

  Load Region LR_IROM1 (Base: 0x08000000, Size: 0x0000c870, Max: 0x00040000, ABSOLUTE)

    Execution Region ER_IROM1 (Exec base: 0x08000000, Load base: 0x08000000, Size: 0x0000c760, Max: 0x00040000, ABSOLUTE)

    Exec Addr    Load Addr    Size         Type   Attr      Idx    E Section Name        Object

    0x08000000   0x08000000   0x00000130   Data   RO            3    RESET               startup_stm32f103xe.o
    0x08000130   0x08000130   0x00000008   Code   RO         7251  * !!!main             c_w.l(__main.o)
    0x08000138   0x08000138   0x00000034   Code   RO         7600    !!!scatter          c_w.l(__scatter.o)
    0x0800016c   0x0800016c   0x0000001a   Code   RO         7602    !!handler_copy      c_w.l(__scatter_copy.o)
    0x08000186   0x08000186   0x00000002   PAD
    0x08000188   0x08000188   0x0000001c   Code   RO         7604    !!handler_zi        c_w.l(__scatter_zi.o)
    0x080001a4   0x080001a4   0x00000000   Code   RO         7232    .ARM.Collect$$_printf_percent$$00000000  c_w.l(_printf_percent.o)
    0x080001a4   0x080001a4   0x00000006   Code   RO         7331    .ARM.Collect$$_printf_percent$$00000001  c_w.l(_printf_n.o)
    0x080001aa   0x080001aa   0x00000006   Code   RO         7333    .ARM.Collect$$_printf_percent$$00000002  c_w.l(_printf_p.o)
    0x080001b0   0x080001b0   0x00000006   Code   RO         7337    .ARM.Collect$$_printf_percent$$00000003  c_w.l(_printf_f.o)
    0x080001b6   0x080001b6   0x00000006   Code   RO         7338    .ARM.Collect$$_printf_percent$$00000004  c_w.l(_printf_e.o)
    0x080001bc   0x080001bc   0x00000006   Code   RO         7339    .ARM.Collect$$_printf_percent$$00000005  c_w.l(_printf_g.o)
    0x080001c2   0x080001c2   0x00000006   Code   RO         7340    .ARM.Collect$$_printf_percent$$00000006  c_w.l(_printf_a.o)
    0x080001c8   0x080001c8   0x0000000a   Code   RO         7345    .ARM.Collect$$_printf_percent$$00000007  c_w.l(_printf_ll.o)
    0x080001d2   0x080001d2   0x00000006   Code   RO         7335    .ARM.Collect$$_printf_percent$$00000008  c_w.l(_printf_i.o)
    0x080001d8   0x080001d8   0x00000006   Code   RO         7336    .ARM.Collect$$_printf_percent$$00000009  c_w.l(_printf_d.o)
    0x080001de   0x080001de   0x00000006   Code   RO         7231    .ARM.Collect$$_printf_percent$$0000000A  c_w.l(_printf_u.o)
    0x080001e4   0x080001e4   0x00000006   Code   RO         7334    .ARM.Collect$$_printf_percent$$0000000B  c_w.l(_printf_o.o)
    0x080001ea   0x080001ea   0x00000006   Code   RO         7332    .ARM.Collect$$_printf_percent$$0000000C  c_w.l(_printf_x.o)
    0x080001f0   0x080001f0   0x00000006   Code   RO         7342    .ARM.Collect$$_printf_percent$$0000000D  c_w.l(_printf_lli.o)
    0x080001f6   0x080001f6   0x00000006   Code   RO         7343    .ARM.Collect$$_printf_percent$$0000000E  c_w.l(_printf_lld.o)
    0x080001fc   0x080001fc   0x00000006   Code   RO         7344    .ARM.Collect$$_printf_percent$$0000000F  c_w.l(_printf_llu.o)
    0x08000202   0x08000202   0x00000006   Code   RO         7349    .ARM.Collect$$_printf_percent$$00000010  c_w.l(_printf_llo.o)
    0x08000208   0x08000208   0x00000006   Code   RO         7350    .ARM.Collect$$_printf_percent$$00000011  c_w.l(_printf_llx.o)
    0x0800020e   0x0800020e   0x0000000a   Code   RO         7346    .ARM.Collect$$_printf_percent$$00000012  c_w.l(_printf_l.o)
    0x08000218   0x08000218   0x00000006   Code   RO         7229    .ARM.Collect$$_printf_percent$$00000013  c_w.l(_printf_c.o)
    0x0800021e   0x0800021e   0x00000006   Code   RO         7230    .ARM.Collect$$_printf_percent$$00000014  c_w.l(_printf_s.o)
    0x08000224   0x08000224   0x00000006   Code   RO         7347    .ARM.Collect$$_printf_percent$$00000015  c_w.l(_printf_lc.o)
    0x0800022a   0x0800022a   0x00000006   Code   RO         7348    .ARM.Collect$$_printf_percent$$00000016  c_w.l(_printf_ls.o)
    0x08000230   0x08000230   0x00000004   Code   RO         7341    .ARM.Collect$$_printf_percent$$00000017  c_w.l(_printf_percent_end.o)
    0x08000234   0x08000234   0x00000002   Code   RO         7529    .ARM.Collect$$libinit$$00000000  c_w.l(libinit.o)
    0x08000236   0x08000236   0x00000000   Code   RO         7358    .ARM.Collect$$libinit$$00000002  c_w.l(libinit2.o)
    0x08000236   0x08000236   0x00000000   Code   RO         7360    .ARM.Collect$$libinit$$00000004  c_w.l(libinit2.o)
    0x08000236   0x08000236   0x00000008   Code   RO         7361    .ARM.Collect$$libinit$$00000005  c_w.l(libinit2.o)
    0x0800023e   0x0800023e   0x00000000   Code   RO         7363    .ARM.Collect$$libinit$$0000000A  c_w.l(libinit2.o)
    0x0800023e   0x0800023e   0x00000000   Code   RO         7365    .ARM.Collect$$libinit$$0000000C  c_w.l(libinit2.o)
    0x0800023e   0x0800023e   0x00000000   Code   RO         7367    .ARM.Collect$$libinit$$0000000E  c_w.l(libinit2.o)
    0x0800023e   0x0800023e   0x00000006   Code   RO         7368    .ARM.Collect$$libinit$$0000000F  c_w.l(libinit2.o)
    0x08000244   0x08000244   0x00000000   Code   RO         7370    .ARM.Collect$$libinit$$00000011  c_w.l(libinit2.o)
    0x08000244   0x08000244   0x0000000c   Code   RO         7371    .ARM.Collect$$libinit$$00000012  c_w.l(libinit2.o)
    0x08000250   0x08000250   0x00000000   Code   RO         7372    .ARM.Collect$$libinit$$00000013  c_w.l(libinit2.o)
    0x08000250   0x08000250   0x00000000   Code   RO         7374    .ARM.Collect$$libinit$$00000015  c_w.l(libinit2.o)
    0x08000250   0x08000250   0x0000000a   Code   RO         7375    .ARM.Collect$$libinit$$00000016  c_w.l(libinit2.o)
    0x0800025a   0x0800025a   0x00000000   Code   RO         7376    .ARM.Collect$$libinit$$00000017  c_w.l(libinit2.o)
    0x0800025a   0x0800025a   0x00000000   Code   RO         7378    .ARM.Collect$$libinit$$00000019  c_w.l(libinit2.o)
    0x0800025a   0x0800025a   0x00000000   Code   RO         7380    .ARM.Collect$$libinit$$0000001B  c_w.l(libinit2.o)
    0x0800025a   0x0800025a   0x00000000   Code   RO         7382    .ARM.Collect$$libinit$$0000001D  c_w.l(libinit2.o)
    0x0800025a   0x0800025a   0x00000000   Code   RO         7384    .ARM.Collect$$libinit$$0000001F  c_w.l(libinit2.o)
    0x0800025a   0x0800025a   0x00000000   Code   RO         7386    .ARM.Collect$$libinit$$00000021  c_w.l(libinit2.o)
    0x0800025a   0x0800025a   0x00000000   Code   RO         7388    .ARM.Collect$$libinit$$00000023  c_w.l(libinit2.o)
    0x0800025a   0x0800025a   0x00000000   Code   RO         7390    .ARM.Collect$$libinit$$00000025  c_w.l(libinit2.o)
    0x0800025a   0x0800025a   0x00000000   Code   RO         7394    .ARM.Collect$$libinit$$0000002C  c_w.l(libinit2.o)
    0x0800025a   0x0800025a   0x00000000   Code   RO         7396    .ARM.Collect$$libinit$$0000002E  c_w.l(libinit2.o)
    0x0800025a   0x0800025a   0x00000000   Code   RO         7398    .ARM.Collect$$libinit$$00000030  c_w.l(libinit2.o)
    0x0800025a   0x0800025a   0x00000000   Code   RO         7400    .ARM.Collect$$libinit$$00000032  c_w.l(libinit2.o)
    0x0800025a   0x0800025a   0x00000002   Code   RO         7401    .ARM.Collect$$libinit$$00000033  c_w.l(libinit2.o)
    0x0800025c   0x0800025c   0x00000002   Code   RO         7597    .ARM.Collect$$libshutdown$$00000000  c_w.l(libshutdown.o)
    0x0800025e   0x0800025e   0x00000000   Code   RO         7553    .ARM.Collect$$libshutdown$$00000002  c_w.l(libshutdown2.o)
    0x0800025e   0x0800025e   0x00000000   Code   RO         7555    .ARM.Collect$$libshutdown$$00000004  c_w.l(libshutdown2.o)
    0x0800025e   0x0800025e   0x00000000   Code   RO         7557    .ARM.Collect$$libshutdown$$00000006  c_w.l(libshutdown2.o)
    0x0800025e   0x0800025e   0x00000000   Code   RO         7560    .ARM.Collect$$libshutdown$$00000009  c_w.l(libshutdown2.o)
    0x0800025e   0x0800025e   0x00000000   Code   RO         7563    .ARM.Collect$$libshutdown$$0000000C  c_w.l(libshutdown2.o)
    0x0800025e   0x0800025e   0x00000000   Code   RO         7565    .ARM.Collect$$libshutdown$$0000000E  c_w.l(libshutdown2.o)
    0x0800025e   0x0800025e   0x00000000   Code   RO         7568    .ARM.Collect$$libshutdown$$00000011  c_w.l(libshutdown2.o)
    0x0800025e   0x0800025e   0x00000002   Code   RO         7569    .ARM.Collect$$libshutdown$$00000012  c_w.l(libshutdown2.o)
    0x08000260   0x08000260   0x00000000   Code   RO         7255    .ARM.Collect$$rtentry$$00000000  c_w.l(__rtentry.o)
    0x08000260   0x08000260   0x00000000   Code   RO         7416    .ARM.Collect$$rtentry$$00000002  c_w.l(__rtentry2.o)
    0x08000260   0x08000260   0x00000006   Code   RO         7428    .ARM.Collect$$rtentry$$00000004  c_w.l(__rtentry4.o)
    0x08000266   0x08000266   0x00000000   Code   RO         7418    .ARM.Collect$$rtentry$$00000009  c_w.l(__rtentry2.o)
    0x08000266   0x08000266   0x00000004   Code   RO         7419    .ARM.Collect$$rtentry$$0000000A  c_w.l(__rtentry2.o)
    0x0800026a   0x0800026a   0x00000000   Code   RO         7421    .ARM.Collect$$rtentry$$0000000C  c_w.l(__rtentry2.o)
    0x0800026a   0x0800026a   0x00000008   Code   RO         7422    .ARM.Collect$$rtentry$$0000000D  c_w.l(__rtentry2.o)
    0x08000272   0x08000272   0x00000002   Code   RO         7537    .ARM.Collect$$rtexit$$00000000  c_w.l(rtexit.o)
    0x08000274   0x08000274   0x00000000   Code   RO         7573    .ARM.Collect$$rtexit$$00000002  c_w.l(rtexit2.o)
    0x08000274   0x08000274   0x00000004   Code   RO         7574    .ARM.Collect$$rtexit$$00000003  c_w.l(rtexit2.o)
    0x08000278   0x08000278   0x00000006   Code   RO         7575    .ARM.Collect$$rtexit$$00000004  c_w.l(rtexit2.o)
    0x0800027e   0x0800027e   0x00000002   PAD
    0x08000280   0x08000280   0x00000096   Code   RO         5454    .emb_text           port.o
    0x08000316   0x08000316   0x00000002   PAD
    0x08000318   0x08000318   0x00000000   Code   RO         7434    .emb_text           c_w.l(maybetermalloc1.o)
    0x08000318   0x08000318   0x00000040   Code   RO            4    .text               startup_stm32f103xe.o
    0x08000358   0x08000358   0x0000005e   Code   RO         7135    .text               c_w.l(h1_alloc.o)
    0x080003b6   0x080003b6   0x0000004e   Code   RO         7137    .text               c_w.l(h1_free.o)
    0x08000404   0x08000404   0x000000ee   Code   RO         7193    .text               c_w.l(lludivv7m.o)
    0x080004f2   0x080004f2   0x00000002   PAD
    0x080004f4   0x080004f4   0x00000024   Code   RO         7197    .text               c_w.l(vsprintf.o)
    0x08000518   0x08000518   0x0000002c   Code   RO         7199    .text               c_w.l(__2sprintf.o)
    0x08000544   0x08000544   0x00000052   Code   RO         7205    .text               c_w.l(_printf_str.o)
    0x08000596   0x08000596   0x00000002   PAD
    0x08000598   0x08000598   0x00000078   Code   RO         7207    .text               c_w.l(_printf_dec.o)
    0x08000610   0x08000610   0x00000188   Code   RO         7226    .text               c_w.l(__printf_flags_ss_wp.o)
    0x08000798   0x08000798   0x00000058   Code   RO         7233    .text               c_w.l(memcmp.o)
    0x080007f0   0x080007f0   0x00000048   Code   RO         7235    .text               c_w.l(strcpy.o)
    0x08000838   0x08000838   0x0000003e   Code   RO         7237    .text               c_w.l(strlen.o)
    0x08000876   0x08000876   0x0000008a   Code   RO         7239    .text               c_w.l(rt_memcpy_v6.o)
    0x08000900   0x08000900   0x00000010   Code   RO         7243    .text               c_w.l(aeabi_memset.o)
    0x08000910   0x08000910   0x0000004e   Code   RO         7245    .text               c_w.l(rt_memclr_w.o)
    0x0800095e   0x0800095e   0x00000002   PAD
    0x08000960   0x08000960   0x00000080   Code   RO         7247    .text               c_w.l(strcmpv7m.o)
    0x080009e0   0x080009e0   0x00000006   Code   RO         7249    .text               c_w.l(heapauxi.o)
    0x080009e6   0x080009e6   0x00000002   PAD
    0x080009e8   0x080009e8   0x00000008   Code   RO         7263    .text               c_w.l(rt_heap_descriptor_intlibspace.o)
    0x080009f0   0x080009f0   0x00000004   Code   RO         7265    .text               c_w.l(hguard.o)
    0x080009f4   0x080009f4   0x0000008a   Code   RO         7267    .text               c_w.l(init_alloc.o)
    0x08000a7e   0x08000a7e   0x0000000e   Code   RO         7271    .text               c_w.l(h1_init.o)
    0x08000a8c   0x08000a8c   0x0000004e   Code   RO         7285    .text               c_w.l(_printf_pad.o)
    0x08000ada   0x08000ada   0x00000024   Code   RO         7287    .text               c_w.l(_printf_truncate.o)
    0x08000afe   0x08000afe   0x000000b2   Code   RO         7289    .text               c_w.l(_printf_intcommon.o)
    0x08000bb0   0x08000bb0   0x00000028   Code   RO         7291    .text               c_w.l(_printf_charcount.o)
    0x08000bd8   0x08000bd8   0x00000030   Code   RO         7293    .text               c_w.l(_printf_char_common.o)
    0x08000c08   0x08000c08   0x0000000a   Code   RO         7295    .text               c_w.l(_sputc.o)
    0x08000c12   0x08000c12   0x0000002c   Code   RO         7297    .text               c_w.l(_printf_char.o)
    0x08000c3e   0x08000c3e   0x00000002   PAD
    0x08000c40   0x08000c40   0x000000bc   Code   RO         7299    .text               c_w.l(_printf_wctomb.o)
    0x08000cfc   0x08000cfc   0x0000007c   Code   RO         7302    .text               c_w.l(_printf_longlong_dec.o)
    0x08000d78   0x08000d78   0x00000070   Code   RO         7308    .text               c_w.l(_printf_oct_int_ll.o)
    0x08000de8   0x08000de8   0x00000094   Code   RO         7328    .text               c_w.l(_printf_hex_int_ll_ptr.o)
    0x08000e7c   0x08000e7c   0x00000064   Code   RO         7351    .text               c_w.l(rt_memcpy_w.o)
    0x08000ee0   0x08000ee0   0x00000044   Code   RO         7353    .text               c_w.l(rt_memclr.o)
    0x08000f24   0x08000f24   0x00000008   Code   RO         7412    .text               c_w.l(libspace.o)
    0x08000f2c   0x08000f2c   0x00000034   Code   RO         7436    .text               c_w.l(h1_extend.o)
    0x08000f60   0x08000f60   0x0000008a   Code   RO         7440    .text               c_w.l(lludiv10.o)
    0x08000fea   0x08000fea   0x0000041e   Code   RO         7442    .text               c_w.l(_printf_fp_dec.o)
    0x08001408   0x08001408   0x000002fc   Code   RO         7444    .text               c_w.l(_printf_fp_hex.o)
    0x08001704   0x08001704   0x0000002c   Code   RO         7449    .text               c_w.l(_printf_wchar.o)
    0x08001730   0x08001730   0x00000040   Code   RO         7451    .text               c_w.l(_wcrtomb.o)
    0x08001770   0x08001770   0x0000000e   Code   RO         7453    .text               c_w.l(defsig_rtmem_outer.o)
    0x0800177e   0x0800177e   0x00000002   Code   RO         7464    .text               c_w.l(use_no_semi.o)
    0x08001780   0x08001780   0x00000000   Code   RO         7466    .text               c_w.l(indicate_semi.o)
    0x08001780   0x08001780   0x0000004a   Code   RO         7467    .text               c_w.l(sys_stackheap_outer.o)
    0x080017ca   0x080017ca   0x00000002   PAD
    0x080017cc   0x080017cc   0x00000010   Code   RO         7469    .text               c_w.l(rt_ctype_table.o)
    0x080017dc   0x080017dc   0x00000008   Code   RO         7476    .text               c_w.l(rt_locale_intlibspace.o)
    0x080017e4   0x080017e4   0x00000080   Code   RO         7480    .text               c_w.l(_printf_fp_infnan.o)
    0x08001864   0x08001864   0x000000e4   Code   RO         7482    .text               c_w.l(bigflt0.o)
    0x08001948   0x08001948   0x00000012   Code   RO         7510    .text               c_w.l(exit.o)
    0x0800195a   0x0800195a   0x0000000a   Code   RO         7512    .text               c_w.l(defsig_exit.o)
    0x08001964   0x08001964   0x00000050   Code   RO         7518    .text               c_w.l(defsig_rtmem_inner.o)
    0x080019b4   0x080019b4   0x0000000c   Code   RO         7535    .text               c_w.l(sys_exit.o)
    0x080019c0   0x080019c0   0x00000032   Code   RO         7548    .text               c_w.l(defsig_general.o)
    0x080019f2   0x080019f2   0x0000000e   Code   RO         7570    .text               c_w.l(sys_wrch.o)
    0x08001a00   0x08001a00   0x0000003e   Code   RO         7485    CL$$btod_d2e        c_w.l(btod.o)
    0x08001a3e   0x08001a3e   0x00000046   Code   RO         7487    CL$$btod_d2e_denorm_low  c_w.l(btod.o)
    0x08001a84   0x08001a84   0x00000060   Code   RO         7486    CL$$btod_d2e_norm_op1  c_w.l(btod.o)
    0x08001ae4   0x08001ae4   0x00000338   Code   RO         7495    CL$$btod_div_common  c_w.l(btod.o)
    0x08001e1c   0x08001e1c   0x000000dc   Code   RO         7492    CL$$btod_e2e        c_w.l(btod.o)
    0x08001ef8   0x08001ef8   0x0000002a   Code   RO         7489    CL$$btod_ediv       c_w.l(btod.o)
    0x08001f22   0x08001f22   0x0000002a   Code   RO         7488    CL$$btod_emul       c_w.l(btod.o)
    0x08001f4c   0x08001f4c   0x00000244   Code   RO         7494    CL$$btod_mult_common  c_w.l(btod.o)
    0x08002190   0x08002190   0x00000002   Code   RO          726    i.BusFault_Handler  stm32f1xx_it.o
    0x08002192   0x08002192   0x00000010   Code   RO          925    i.DAC_DMAConvCpltCh1  stm32f1xx_hal_dac.o
    0x080021a2   0x080021a2   0x00000010   Code   RO         1069    i.DAC_DMAConvCpltCh2  stm32f1xx_hal_dac_ex.o
    0x080021b2   0x080021b2   0x00000018   Code   RO          926    i.DAC_DMAErrorCh1   stm32f1xx_hal_dac.o
    0x080021ca   0x080021ca   0x00000018   Code   RO         1070    i.DAC_DMAErrorCh2   stm32f1xx_hal_dac_ex.o
    0x080021e2   0x080021e2   0x0000000a   Code   RO          927    i.DAC_DMAHalfConvCpltCh1  stm32f1xx_hal_dac.o
    0x080021ec   0x080021ec   0x0000000a   Code   RO         1071    i.DAC_DMAHalfConvCpltCh2  stm32f1xx_hal_dac_ex.o
    0x080021f6   0x080021f6   0x00000002   PAD
    0x080021f8   0x080021f8   0x0000000c   Code   RO          727    i.DMA1_Channel5_IRQHandler  stm32f1xx_it.o
    0x08002204   0x08002204   0x0000000c   Code   RO          728    i.DMA2_Channel3_IRQHandler  stm32f1xx_it.o
    0x08002210   0x08002210   0x0000002a   Code   RO         1545    i.DMA_SetConfig     stm32f1xx_hal_dma.o
    0x0800223a   0x0800223a   0x0000002a   Code   RO         6269    i.Data_16to12_Mult  core.o
    0x08002264   0x08002264   0x00000002   Code   RO          729    i.DebugMon_Handler  stm32f1xx_it.o
    0x08002266   0x08002266   0x00000002   PAD
    0x08002268   0x08002268   0x00000020   Code   RO           13    i.Error_Handler     main.o
    0x08002288   0x08002288   0x00000006   Code   RO         6990    i.FATFS_LinkDriver  ff_gen_drv.o
    0x0800228e   0x0800228e   0x00000002   PAD
    0x08002290   0x08002290   0x00000040   Code   RO         6991    i.FATFS_LinkDriverEx  ff_gen_drv.o
    0x080022d0   0x080022d0   0x00000006   Code   RO         6992    i.FATFS_UnLinkDriver  ff_gen_drv.o
    0x080022d6   0x080022d6   0x00000002   PAD
    0x080022d8   0x080022d8   0x00000034   Code   RO         6993    i.FATFS_UnLinkDriverEx  ff_gen_drv.o
    0x0800230c   0x0800230c   0x000000d0   Code   RO         5540    i.GPIO_Configuration  bsp_spi_sdcard.o
    0x080023dc   0x080023dc   0x00000002   Code   RO         1072    i.HAL_DACEx_ConvCpltCallbackCh2  stm32f1xx_hal_dac_ex.o
    0x080023de   0x080023de   0x00000002   Code   RO         1073    i.HAL_DACEx_ConvHalfCpltCallbackCh2  stm32f1xx_hal_dac_ex.o
    0x080023e0   0x080023e0   0x00000002   Code   RO         1079    i.HAL_DACEx_ErrorCallbackCh2  stm32f1xx_hal_dac_ex.o
    0x080023e2   0x080023e2   0x00000002   PAD
    0x080023e4   0x080023e4   0x000000e0   Code   RO          928    i.HAL_DAC_ConfigChannel  stm32f1xx_hal_dac.o
    0x080024c4   0x080024c4   0x00000030   Code   RO         5883    i.HAL_DAC_ConvCpltCallbackCh1  user_bsp_it.o
    0x080024f4   0x080024f4   0x00000030   Code   RO         5884    i.HAL_DAC_ConvHalfCpltCallbackCh1  user_bsp_it.o
    0x08002524   0x08002524   0x0000000c   Code   RO         5885    i.HAL_DAC_ErrorCallbackCh1  user_bsp_it.o
    0x08002530   0x08002530   0x00000078   Code   RO          938    i.HAL_DAC_Init      stm32f1xx_hal_dac.o
    0x080025a8   0x080025a8   0x00000090   Code   RO          514    i.HAL_DAC_MspInit   dac.o
    0x08002638   0x08002638   0x000000ac   Code   RO          942    i.HAL_DAC_Start     stm32f1xx_hal_dac.o
    0x080026e4   0x080026e4   0x0000012c   Code   RO          943    i.HAL_DAC_Start_DMA  stm32f1xx_hal_dac.o
    0x08002810   0x08002810   0x00000088   Code   RO          945    i.HAL_DAC_Stop_DMA  stm32f1xx_hal_dac.o
    0x08002898   0x08002898   0x00000046   Code   RO         1546    i.HAL_DMA_Abort     stm32f1xx_hal_dma.o
    0x080028de   0x080028de   0x00000002   PAD
    0x080028e0   0x080028e0   0x00000130   Code   RO         1547    i.HAL_DMA_Abort_IT  stm32f1xx_hal_dma.o
    0x08002a10   0x08002a10   0x00000248   Code   RO         1551    i.HAL_DMA_IRQHandler  stm32f1xx_hal_dma.o
    0x08002c58   0x08002c58   0x000001b0   Code   RO         1552    i.HAL_DMA_Init      stm32f1xx_hal_dma.o
    0x08002e08   0x08002e08   0x000000cc   Code   RO         1556    i.HAL_DMA_Start_IT  stm32f1xx_hal_dma.o
    0x08002ed4   0x08002ed4   0x0000034c   Code   RO         1482    i.HAL_GPIO_Init     stm32f1xx_hal_gpio.o
    0x08003220   0x08003220   0x00000058   Code   RO         1484    i.HAL_GPIO_ReadPin  stm32f1xx_hal_gpio.o
    0x08003278   0x08003278   0x00000060   Code   RO         1485    i.HAL_GPIO_TogglePin  stm32f1xx_hal_gpio.o
    0x080032d8   0x080032d8   0x0000006c   Code   RO         1486    i.HAL_GPIO_WritePin  stm32f1xx_hal_gpio.o
    0x08003344   0x08003344   0x0000000c   Code   RO         1176    i.HAL_GetTick       stm32f1xx_hal.o
    0x08003350   0x08003350   0x00000010   Code   RO         1182    i.HAL_IncTick       stm32f1xx_hal.o
    0x08003360   0x08003360   0x00000024   Code   RO         1183    i.HAL_Init          stm32f1xx_hal.o
    0x08003384   0x08003384   0x0000008c   Code   RO          850    i.HAL_InitTick      stm32f1xx_hal_timebase_tim.o
    0x08003410   0x08003410   0x00000048   Code   RO          826    i.HAL_MspInit       stm32f1xx_hal_msp.o
    0x08003458   0x08003458   0x00000064   Code   RO         1642    i.HAL_NVIC_EnableIRQ  stm32f1xx_hal_cortex.o
    0x080034bc   0x080034bc   0x000000a0   Code   RO         1648    i.HAL_NVIC_SetPriority  stm32f1xx_hal_cortex.o
    0x0800355c   0x0800355c   0x00000080   Code   RO         1649    i.HAL_NVIC_SetPriorityGrouping  stm32f1xx_hal_cortex.o
    0x080035dc   0x080035dc   0x0000022c   Code   RO         1340    i.HAL_RCC_ClockConfig  stm32f1xx_hal_rcc.o
    0x08003808   0x08003808   0x00000094   Code   RO         1344    i.HAL_RCC_GetClockConfig  stm32f1xx_hal_rcc.o
    0x0800389c   0x0800389c   0x00000020   Code   RO         1347    i.HAL_RCC_GetPCLK1Freq  stm32f1xx_hal_rcc.o
    0x080038bc   0x080038bc   0x00000020   Code   RO         1348    i.HAL_RCC_GetPCLK2Freq  stm32f1xx_hal_rcc.o
    0x080038dc   0x080038dc   0x0000004c   Code   RO         1349    i.HAL_RCC_GetSysClockFreq  stm32f1xx_hal_rcc.o
    0x08003928   0x08003928   0x0000048e   Code   RO         1352    i.HAL_RCC_OscConfig  stm32f1xx_hal_rcc.o
    0x08003db6   0x08003db6   0x00000002   PAD
    0x08003db8   0x08003db8   0x0000023c   Code   RO         2163    i.HAL_SPI_Init      stm32f1xx_hal_spi.o
    0x08003ff4   0x08003ff4   0x00000070   Code   RO          583    i.HAL_SPI_MspInit   spi.o
    0x08004064   0x08004064   0x00000002   Code   RO         3181    i.HAL_TIMEx_BreakCallback  stm32f1xx_hal_tim_ex.o
    0x08004066   0x08004066   0x00000002   Code   RO         3182    i.HAL_TIMEx_CommutCallback  stm32f1xx_hal_tim_ex.o
    0x08004068   0x08004068   0x0000013c   Code   RO         3200    i.HAL_TIMEx_MasterConfigSynchronization  stm32f1xx_hal_tim_ex.o
    0x080041a4   0x080041a4   0x0000014c   Code   RO         2476    i.HAL_TIM_Base_Init  stm32f1xx_hal_tim.o
    0x080042f0   0x080042f0   0x000000a0   Code   RO          625    i.HAL_TIM_Base_MspInit  tim.o
    0x08004390   0x08004390   0x000000e0   Code   RO         2479    i.HAL_TIM_Base_Start  stm32f1xx_hal_tim.o
    0x08004470   0x08004470   0x000000ec   Code   RO         2481    i.HAL_TIM_Base_Start_IT  stm32f1xx_hal_tim.o
    0x0800455c   0x0800455c   0x000003a0   Code   RO         2485    i.HAL_TIM_ConfigClockSource  stm32f1xx_hal_tim.o
    0x080048fc   0x080048fc   0x00000002   Code   RO         5886    i.HAL_TIM_IC_CaptureCallback  user_bsp_it.o
    0x080048fe   0x080048fe   0x00000166   Code   RO         2524    i.HAL_TIM_IRQHandler  stm32f1xx_hal_tim.o
    0x08004a64   0x08004a64   0x00000002   Code   RO         2527    i.HAL_TIM_OC_DelayElapsedCallback  stm32f1xx_hal_tim.o
    0x08004a66   0x08004a66   0x00000002   Code   RO         2554    i.HAL_TIM_PWM_PulseFinishedCallback  stm32f1xx_hal_tim.o
    0x08004a68   0x08004a68   0x00000020   Code   RO           14    i.HAL_TIM_PeriodElapsedCallback  main.o
    0x08004a88   0x08004a88   0x00000002   Code   RO         2567    i.HAL_TIM_TriggerCallback  stm32f1xx_hal_tim.o
    0x08004a8a   0x08004a8a   0x00000002   Code   RO         3460    i.HAL_UARTEx_RxEventCallback  stm32f1xx_hal_uart.o
    0x08004a8c   0x08004a8c   0x00000070   Code   RO         3472    i.HAL_UART_DMAStop  stm32f1xx_hal_uart.o
    0x08004afc   0x08004afc   0x00000002   Code   RO         3474    i.HAL_UART_ErrorCallback  stm32f1xx_hal_uart.o
    0x08004afe   0x08004afe   0x00000002   PAD
    0x08004b00   0x08004b00   0x0000026c   Code   RO         3477    i.HAL_UART_IRQHandler  stm32f1xx_hal_uart.o
    0x08004d6c   0x08004d6c   0x0000012c   Code   RO         3478    i.HAL_UART_Init     stm32f1xx_hal_uart.o
    0x08004e98   0x08004e98   0x000000b0   Code   RO          685    i.HAL_UART_MspInit  usart.o
    0x08004f48   0x08004f48   0x0000001c   Code   RO         3482    i.HAL_UART_Receive_DMA  stm32f1xx_hal_uart.o
    0x08004f64   0x08004f64   0x00000002   Code   RO         3484    i.HAL_UART_RxCpltCallback  stm32f1xx_hal_uart.o
    0x08004f66   0x08004f66   0x00000002   Code   RO         3485    i.HAL_UART_RxHalfCpltCallback  stm32f1xx_hal_uart.o
    0x08004f68   0x08004f68   0x0000009a   Code   RO         3486    i.HAL_UART_Transmit  stm32f1xx_hal_uart.o
    0x08005002   0x08005002   0x00000002   Code   RO         3489    i.HAL_UART_TxCpltCallback  stm32f1xx_hal_uart.o
    0x08005004   0x08005004   0x00000002   Code   RO          730    i.HardFault_Handler  stm32f1xx_it.o
    0x08005006   0x08005006   0x00000002   PAD
    0x08005008   0x08005008   0x00000014   Code   RO         5949    i.ILI9341_BackLed_Control  bsp_ili9341_lcd.o
    0x0800501c   0x0800501c   0x00000020   Code   RO         5950    i.ILI9341_Clear     bsp_ili9341_lcd.o
    0x0800503c   0x0800503c   0x00000010   Code   RO         5951    i.ILI9341_Delay     bsp_ili9341_lcd.o
    0x0800504c   0x0800504c   0x0000006c   Code   RO         5952    i.ILI9341_DispChar_EN  bsp_ili9341_lcd.o
    0x080050b8   0x080050b8   0x00000050   Code   RO         5953    i.ILI9341_DispStringLine_EN  bsp_ili9341_lcd.o
    0x08005108   0x08005108   0x0000001e   Code   RO         5959    i.ILI9341_FillColor  bsp_ili9341_lcd.o
    0x08005126   0x08005126   0x00000002   PAD
    0x08005128   0x08005128   0x000000c4   Code   RO         5960    i.ILI9341_GPIO_Config  bsp_ili9341_lcd.o
    0x080051ec   0x080051ec   0x000000ac   Code   RO         5962    i.ILI9341_GramScan  bsp_ili9341_lcd.o
    0x08005298   0x08005298   0x00000020   Code   RO         5963    i.ILI9341_Init      bsp_ili9341_lcd.o
    0x080052b8   0x080052b8   0x00000058   Code   RO         5964    i.ILI9341_OpenWindow  bsp_ili9341_lcd.o
    0x08005310   0x08005310   0x000004fc   Code   RO         5965    i.ILI9341_REG_Config  bsp_ili9341_lcd.o
    0x0800580c   0x0800580c   0x00000052   Code   RO         5966    i.ILI9341_ReadID    bsp_ili9341_lcd.o
    0x0800585e   0x0800585e   0x00000002   PAD
    0x08005860   0x08005860   0x0000004c   Code   RO         6129    i.ILI9341_Read_Data  bsp_ili9341_lcd.o
    0x080058ac   0x080058ac   0x00000024   Code   RO         6117    i.ILI9341_Write_Cmd  bsp_ili9341_lcd.o
    0x080058d0   0x080058d0   0x00000024   Code   RO         6123    i.ILI9341_Write_Data  bsp_ili9341_lcd.o
    0x080058f4   0x080058f4   0x00000038   Code   RO         5822    i.Key_Run_Task      user_bsp_handler.o
    0x0800592c   0x0800592c   0x0000008c   Code   RO         5823    i.Key_Scan_Task     user_bsp_handler.o
    0x080059b8   0x080059b8   0x0000000c   Code   RO         5971    i.LCD_GetFont       bsp_ili9341_lcd.o
    0x080059c4   0x080059c4   0x00000078   Code   RO         5730    i.LCD_Init          user_bsp.o
    0x08005a3c   0x08005a3c   0x0000000c   Code   RO         5973    i.LCD_SetColors     bsp_ili9341_lcd.o
    0x08005a48   0x08005a48   0x0000000c   Code   RO         5974    i.LCD_SetFont       bsp_ili9341_lcd.o
    0x08005a54   0x08005a54   0x00000008   Code   RO          404    i.Led_Ctr_Task      freertos.o
    0x08005a5c   0x08005a5c   0x0000000c   Code   RO          405    i.Led_Test_Task     freertos.o
    0x08005a68   0x08005a68   0x0000003c   Code   RO          515    i.MX_DAC_Init       dac.o
    0x08005aa4   0x08005aa4   0x0000004c   Code   RO          555    i.MX_DMA_Init       dma.o
    0x08005af0   0x08005af0   0x000000d8   Code   RO         6523    i.MX_FATFS_Init     fatfs.o
    0x08005bc8   0x08005bc8   0x00000058   Code   RO          406    i.MX_FREERTOS_Init  freertos.o
    0x08005c20   0x08005c20   0x000000b8   Code   RO          287    i.MX_GPIO_Init      gpio.o
    0x08005cd8   0x08005cd8   0x00000048   Code   RO          584    i.MX_SPI1_Init      spi.o
    0x08005d20   0x08005d20   0x00000064   Code   RO          626    i.MX_TIM2_Init      tim.o
    0x08005d84   0x08005d84   0x00000068   Code   RO          627    i.MX_TIM4_Init      tim.o
    0x08005dec   0x08005dec   0x00000044   Code   RO          628    i.MX_TIM6_Init      tim.o
    0x08005e30   0x08005e30   0x00000044   Code   RO          629    i.MX_TIM7_Init      tim.o
    0x08005e74   0x08005e74   0x00000038   Code   RO          686    i.MX_USART1_UART_Init  usart.o
    0x08005eac   0x08005eac   0x00000002   Code   RO          731    i.MemManage_Handler  stm32f1xx_it.o
    0x08005eae   0x08005eae   0x00000002   Code   RO          732    i.NMI_Handler       stm32f1xx_it.o
    0x08005eb0   0x08005eb0   0x0000007c   Code   RO          407    i.PostSleepProcessing  freertos.o
    0x08005f2c   0x08005f2c   0x00000040   Code   RO          408    i.PreSleepProcessing  freertos.o
    0x08005f6c   0x08005f6c   0x00000254   Code   RO         6524    i.Printf_FATFS_Error  fatfs.o
    0x080061c0   0x080061c0   0x000002d0   Code   RO         6272    i.ReadWav           core.o
    0x08006490   0x08006490   0x000000fc   Code   RO         5542    i.SD_GetCIDRegister  bsp_spi_sdcard.o
    0x0800658c   0x0800658c   0x000001c8   Code   RO         5543    i.SD_GetCSDRegister  bsp_spi_sdcard.o
    0x08006754   0x08006754   0x00000078   Code   RO         5544    i.SD_GetCardInfo    bsp_spi_sdcard.o
    0x080067cc   0x080067cc   0x00000128   Code   RO         5545    i.SD_GetCardType    bsp_spi_sdcard.o
    0x080068f4   0x080068f4   0x00000032   Code   RO         5546    i.SD_GetDataResponse  bsp_spi_sdcard.o
    0x08006926   0x08006926   0x00000024   Code   RO         5547    i.SD_GetResponse    bsp_spi_sdcard.o
    0x0800694a   0x0800694a   0x00000002   PAD
    0x0800694c   0x0800694c   0x00000034   Code   RO         5549    i.SD_GoIdleState    bsp_spi_sdcard.o
    0x08006980   0x08006980   0x00000044   Code   RO         5550    i.SD_Init           bsp_spi_sdcard.o
    0x080069c4   0x080069c4   0x00000078   Code   RO         5551    i.SD_ReadBlock      bsp_spi_sdcard.o
    0x08006a3c   0x08006a3c   0x00000024   Code   RO         5552    i.SD_ReadByte       bsp_spi_sdcard.o
    0x08006a60   0x08006a60   0x00000036   Code   RO         5554    i.SD_SendCmd        bsp_spi_sdcard.o
    0x08006a96   0x08006a96   0x00000002   PAD
    0x08006a98   0x08006a98   0x00000084   Code   RO         5555    i.SD_WriteBlock     bsp_spi_sdcard.o
    0x08006b1c   0x08006b1c   0x00000024   Code   RO         5556    i.SD_WriteByte      bsp_spi_sdcard.o
    0x08006b40   0x08006b40   0x00000028   Code   RO         5824    i.SoftReset         user_bsp_handler.o
    0x08006b68   0x08006b68   0x0000002c   Code   RO         5455    i.SysTick_Handler   port.o
    0x08006b94   0x08006b94   0x00000104   Code   RO          409    i.Sys_Init_Task     freertos.o
    0x08006c98   0x08006c98   0x00000058   Code   RO           15    i.SystemClock_Config  main.o
    0x08006cf0   0x08006cf0   0x00000002   Code   RO         3812    i.SystemInit        system_stm32f1xx.o
    0x08006cf2   0x08006cf2   0x00000002   PAD
    0x08006cf4   0x08006cf4   0x00000068   Code   RO         5731    i.System_Init       user_bsp.o
    0x08006d5c   0x08006d5c   0x0000000c   Code   RO          733    i.TIM1_UP_IRQHandler  stm32f1xx_it.o
    0x08006d68   0x08006d68   0x0000000c   Code   RO          734    i.TIM2_IRQHandler   stm32f1xx_it.o
    0x08006d74   0x08006d74   0x0000000c   Code   RO          735    i.TIM6_IRQHandler   stm32f1xx_it.o
    0x08006d80   0x08006d80   0x0000000c   Code   RO          736    i.TIM7_IRQHandler   stm32f1xx_it.o
    0x08006d8c   0x08006d8c   0x0000008c   Code   RO         2569    i.TIM_Base_SetConfig  stm32f1xx_hal_tim.o
    0x08006e18   0x08006e18   0x00000014   Code   RO         2580    i.TIM_ETR_SetConfig  stm32f1xx_hal_tim.o
    0x08006e2c   0x08006e2c   0x00000010   Code   RO         2581    i.TIM_ITRx_SetConfig  stm32f1xx_hal_tim.o
    0x08006e3c   0x08006e3c   0x00000022   Code   RO         2587    i.TIM_TI1_ConfigInputStage  stm32f1xx_hal_tim.o
    0x08006e5e   0x08006e5e   0x00000024   Code   RO         2589    i.TIM_TI2_ConfigInputStage  stm32f1xx_hal_tim.o
    0x08006e82   0x08006e82   0x00000010   Code   RO         3491    i.UART_DMAAbortOnError  stm32f1xx_hal_uart.o
    0x08006e92   0x08006e92   0x0000004a   Code   RO         3492    i.UART_DMAError     stm32f1xx_hal_uart.o
    0x08006edc   0x08006edc   0x00000086   Code   RO         3493    i.UART_DMAReceiveCplt  stm32f1xx_hal_uart.o
    0x08006f62   0x08006f62   0x0000001e   Code   RO         3495    i.UART_DMARxHalfCplt  stm32f1xx_hal_uart.o
    0x08006f80   0x08006f80   0x0000004e   Code   RO         3501    i.UART_EndRxTransfer  stm32f1xx_hal_uart.o
    0x08006fce   0x08006fce   0x0000001c   Code   RO         3502    i.UART_EndTxTransfer  stm32f1xx_hal_uart.o
    0x08006fea   0x08006fea   0x000000c2   Code   RO         3503    i.UART_Receive_IT   stm32f1xx_hal_uart.o
    0x080070ac   0x080070ac   0x0000014c   Code   RO         3504    i.UART_SetConfig    stm32f1xx_hal_uart.o
    0x080071f8   0x080071f8   0x00000090   Code   RO         3505    i.UART_Start_Receive_DMA  stm32f1xx_hal_uart.o
    0x08007288   0x08007288   0x00000078   Code   RO         3507    i.UART_WaitOnFlagUntilTimeout  stm32f1xx_hal_uart.o
    0x08007300   0x08007300   0x00000018   Code   RO          737    i.USART1_IRQHandler  stm32f1xx_it.o
    0x08007318   0x08007318   0x00000038   Code   RO         5733    i.USART_SendData    user_bsp.o
    0x08007350   0x08007350   0x00000024   Code   RO         5887    i.USER_TIM_PeriodElapsedCallback  user_bsp_it.o
    0x08007374   0x08007374   0x00000028   Code   RO         6323    i.USER_initialize   user_diskio.o
    0x0800739c   0x0800739c   0x00000040   Code   RO         6324    i.USER_ioctl        user_diskio.o
    0x080073dc   0x080073dc   0x00000028   Code   RO         6325    i.USER_read         user_diskio.o
    0x08007404   0x08007404   0x00000014   Code   RO         6326    i.USER_status       user_diskio.o
    0x08007418   0x08007418   0x00000028   Code   RO         6327    i.USER_write        user_diskio.o
    0x08007440   0x08007440   0x00000020   Code   RO         5734    i.Uart1_Init        user_bsp.o
    0x08007460   0x08007460   0x00000088   Code   RO         5888    i.Uart1_Reve_Callback  user_bsp_it.o
    0x080074e8   0x080074e8   0x000000ec   Code   RO         5825    i.Uart1_Scan_Task   user_bsp_handler.o
    0x080075d4   0x080075d4   0x00000010   Code   RO         5735    i.Uart_Strcmp       user_bsp.o
    0x080075e4   0x080075e4   0x00000002   Code   RO          738    i.UsageFault_Handler  stm32f1xx_it.o
    0x080075e6   0x080075e6   0x00000002   PAD
    0x080075e8   0x080075e8   0x0000026c   Code   RO         6230    i.WAV_Format_parsing  audio.o
    0x08007854   0x08007854   0x00000028   Code   RO         7533    i.__ARM_fpclassify  m_ws.l(fpclassify.o)
    0x0800787c   0x0800787c   0x00000020   Code   RO         1655    i.__NVIC_SetPriority  stm32f1xx_hal_cortex.o
    0x0800789c   0x0800789c   0x0000000e   Code   RO         7219    i._is_digit         c_w.l(__printf_wp.o)
    0x080078aa   0x080078aa   0x00000002   PAD
    0x080078ac   0x080078ac   0x00000040   Code   RO           16    i.assert_failed     main.o
    0x080078ec   0x080078ec   0x00000078   Code   RO         6646    i.check_fs          ff.o
    0x08007964   0x08007964   0x00000010   Code   RO         6647    i.chk_chr           ff.o
    0x08007974   0x08007974   0x0000006c   Code   RO         6648    i.chk_lock          ff.o
    0x080079e0   0x080079e0   0x00000024   Code   RO         6649    i.clear_lock        ff.o
    0x08007a04   0x08007a04   0x0000002a   Code   RO         6650    i.clmt_clust        ff.o
    0x08007a2e   0x08007a2e   0x0000001e   Code   RO         6651    i.clust2sect        ff.o
    0x08007a4c   0x08007a4c   0x00000018   Code   RO          411    i.configureTimerForRunTimeStats  freertos.o
    0x08007a64   0x08007a64   0x000000b0   Code   RO         6652    i.create_chain      ff.o
    0x08007b14   0x08007b14   0x00000204   Code   RO         6653    i.create_name       ff.o
    0x08007d18   0x08007d18   0x0000003c   Code   RO         6654    i.dec_lock          ff.o
    0x08007d54   0x08007d54   0x00000144   Code   RO         6655    i.dir_find          ff.o
    0x08007e98   0x08007e98   0x0000011e   Code   RO         6656    i.dir_next          ff.o
    0x08007fb6   0x08007fb6   0x00000002   PAD
    0x08007fb8   0x08007fb8   0x000001d0   Code   RO         6658    i.dir_register      ff.o
    0x08008188   0x08008188   0x00000098   Code   RO         6660    i.dir_sdi           ff.o
    0x08008220   0x08008220   0x00000028   Code   RO         6567    i.disk_initialize   diskio.o
    0x08008248   0x08008248   0x0000001c   Code   RO         6568    i.disk_ioctl        diskio.o
    0x08008264   0x08008264   0x0000001c   Code   RO         6569    i.disk_read         diskio.o
    0x08008280   0x08008280   0x00000018   Code   RO         6570    i.disk_status       diskio.o
    0x08008298   0x08008298   0x0000001c   Code   RO         6571    i.disk_write        diskio.o
    0x080082b4   0x080082b4   0x00000030   Code   RO         4440    i.eTaskConfirmSleepModeStatus  tasks.o
    0x080082e4   0x080082e4   0x00000068   Code   RO         4441    i.eTaskGetState     tasks.o
    0x0800834c   0x0800834c   0x00000036   Code   RO         6662    i.f_close           ff.o
    0x08008382   0x08008382   0x00000002   PAD
    0x08008384   0x08008384   0x000002ac   Code   RO         6666    i.f_lseek           ff.o
    0x08008630   0x08008630   0x00000084   Code   RO         6669    i.f_mount           ff.o
    0x080086b4   0x080086b4   0x000001ec   Code   RO         6670    i.f_open            ff.o
    0x080088a0   0x080088a0   0x000001d2   Code   RO         6675    i.f_read            ff.o
    0x08008a72   0x08008a72   0x000000d2   Code   RO         6679    i.f_sync            ff.o
    0x08008b44   0x08008b44   0x00000038   Code   RO         7100    i.ff_convert        ccsbcs.o
    0x08008b7c   0x08008b7c   0x00000014   Code   RO         7040    i.ff_cre_syncobj    syscall.o
    0x08008b90   0x08008b90   0x0000000a   Code   RO         7041    i.ff_del_syncobj    syscall.o
    0x08008b9a   0x08008b9a   0x00000004   Code   RO         7042    i.ff_memalloc       syscall.o
    0x08008b9e   0x08008b9e   0x00000004   Code   RO         7043    i.ff_memfree        syscall.o
    0x08008ba2   0x08008ba2   0x0000000a   Code   RO         7044    i.ff_rel_grant      syscall.o
    0x08008bac   0x08008bac   0x00000012   Code   RO         7045    i.ff_req_grant      syscall.o
    0x08008bbe   0x08008bbe   0x00000002   PAD
    0x08008bc0   0x08008bc0   0x00000024   Code   RO         7101    i.ff_wtoupper       ccsbcs.o
    0x08008be4   0x08008be4   0x000002dc   Code   RO         6684    i.find_volume       ff.o
    0x08008ec0   0x08008ec0   0x00000072   Code   RO         6685    i.follow_path       ff.o
    0x08008f32   0x08008f32   0x00000002   PAD
    0x08008f34   0x08008f34   0x00000080   Code   RO         6686    i.gen_numname       ff.o
    0x08008fb4   0x08008fb4   0x0000000c   Code   RO          412    i.getRunTimeCounterValue  freertos.o
    0x08008fc0   0x08008fc0   0x000000cc   Code   RO         6687    i.get_fat           ff.o
    0x0800908c   0x0800908c   0x00000004   Code   RO         6525    i.get_fattime       fatfs.o
    0x08009090   0x08009090   0x0000003c   Code   RO         6689    i.get_ldnumber      ff.o
    0x080090cc   0x080090cc   0x000000a0   Code   RO         6690    i.inc_lock          ff.o
    0x0800916c   0x0800916c   0x00000014   Code   RO         6691    i.ld_clust          ff.o
    0x08009180   0x08009180   0x00000008   Code   RO         6692    i.lock_fs           ff.o
    0x08009188   0x08009188   0x00000048   Code   RO           17    i.main              main.o
    0x080091d0   0x080091d0   0x00000012   Code   RO         6693    i.mem_cpy           ff.o
    0x080091e2   0x080091e2   0x0000000e   Code   RO         6694    i.mem_set           ff.o
    0x080091f0   0x080091f0   0x00000036   Code   RO         6695    i.move_window       ff.o
    0x08009226   0x08009226   0x00000042   Code   RO         6231    i.my_strnstr_kmp    audio.o
    0x08009268   0x08009268   0x00000038   Code   RO         4998    i.osKernelInitialize  cmsis_os2.o
    0x080092a0   0x080092a0   0x00000040   Code   RO         5001    i.osKernelStart     cmsis_os2.o
    0x080092e0   0x080092e0   0x000000a4   Code   RO         5035    i.osThreadNew       cmsis_os2.o
    0x08009384   0x08009384   0x0000005c   Code   RO         4443    i.prvAddCurrentTaskToDelayedList  tasks.o
    0x080093e0   0x080093e0   0x000000d0   Code   RO         4444    i.prvAddNewTaskToReadyList  tasks.o
    0x080094b0   0x080094b0   0x00000058   Code   RO         4830    i.prvCheckForValidListAndQueue  timers.o
    0x08009508   0x08009508   0x00000026   Code   RO         4045    i.prvCopyDataFromQueue  queue.o
    0x0800952e   0x0800952e   0x0000006c   Code   RO         4046    i.prvCopyDataToQueue  queue.o
    0x0800959a   0x0800959a   0x00000034   Code   RO         4445    i.prvDeleteTCB      tasks.o
    0x080095ce   0x080095ce   0x00000002   PAD
    0x080095d0   0x080095d0   0x00000030   Code   RO         4446    i.prvGetExpectedIdleTime  tasks.o
    0x08009600   0x08009600   0x0000004c   Code   RO         5405    i.prvHeapInit       heap_4.o
    0x0800964c   0x0800964c   0x00000090   Code   RO         4447    i.prvIdleTask       tasks.o
    0x080096dc   0x080096dc   0x00000016   Code   RO         4047    i.prvInitialiseMutex  queue.o
    0x080096f2   0x080096f2   0x00000002   PAD
    0x080096f4   0x080096f4   0x00000022   Code   RO         4048    i.prvInitialiseNewQueue  queue.o
    0x08009716   0x08009716   0x0000009e   Code   RO         4448    i.prvInitialiseNewTask  tasks.o
    0x080097b4   0x080097b4   0x0000004c   Code   RO         5406    i.prvInsertBlockIntoFreeList  heap_4.o
    0x08009800   0x08009800   0x00000038   Code   RO         4832    i.prvInsertTimerInActiveList  timers.o
    0x08009838   0x08009838   0x0000001c   Code   RO         4049    i.prvIsQueueEmpty   queue.o
    0x08009854   0x08009854   0x00000058   Code   RO         4449    i.prvListTasksWithinSingleList  tasks.o
    0x080098ac   0x080098ac   0x000000cc   Code   RO         4833    i.prvProcessReceivedCommands  timers.o
    0x08009978   0x08009978   0x000000b4   Code   RO         4834    i.prvProcessTimerOrBlockTask  timers.o
    0x08009a2c   0x08009a2c   0x00000020   Code   RO         4450    i.prvResetNextTaskUnblockTime  tasks.o
    0x08009a4c   0x08009a4c   0x00000028   Code   RO         4835    i.prvSampleTimeNow  timers.o
    0x08009a74   0x08009a74   0x0000006c   Code   RO         4836    i.prvSwitchTimerLists  timers.o
    0x08009ae0   0x08009ae0   0x00000014   Code   RO         4451    i.prvTaskCheckFreeStackSpace  tasks.o
    0x08009af4   0x08009af4   0x00000028   Code   RO         5456    i.prvTaskExitError  port.o
    0x08009b1c   0x08009b1c   0x00000014   Code   RO         3883    i.prvTestWaitCondition  event_groups.o
    0x08009b30   0x08009b30   0x00000024   Code   RO         4837    i.prvTimerTask      timers.o
    0x08009b54   0x08009b54   0x0000006a   Code   RO         4050    i.prvUnlockQueue    queue.o
    0x08009bbe   0x08009bbe   0x00000022   Code   RO         4453    i.prvWriteNameToBuffer  tasks.o
    0x08009be0   0x08009be0   0x000000f6   Code   RO         6696    i.put_fat           ff.o
    0x08009cd6   0x08009cd6   0x00000002   PAD
    0x08009cd8   0x08009cd8   0x000000d8   Code   RO         5407    i.pvPortMalloc      heap_4.o
    0x08009db0   0x08009db0   0x00000018   Code   RO         4454    i.pvTaskIncrementMutexHeldCount  tasks.o
    0x08009dc8   0x08009dc8   0x00000024   Code   RO         5457    i.pxPortInitialiseStack  port.o
    0x08009dec   0x08009dec   0x0000006e   Code   RO         6698    i.remove_chain      ff.o
    0x08009e5a   0x08009e5a   0x00000010   Code   RO         6699    i.st_clust          ff.o
    0x08009e6a   0x08009e6a   0x0000001a   Code   RO         6700    i.sum_sfn           ff.o
    0x08009e84   0x08009e84   0x000000b6   Code   RO         6701    i.sync_fs           ff.o
    0x08009f3a   0x08009f3a   0x00000060   Code   RO         6702    i.sync_window       ff.o
    0x08009f9a   0x08009f9a   0x00000002   PAD
    0x08009f9c   0x08009f9c   0x00000068   Code   RO         4455    i.ulTaskNotifyTake  tasks.o
    0x0800a004   0x0800a004   0x0000001e   Code   RO         6703    i.unlock_fs         ff.o
    0x0800a022   0x0800a022   0x00000026   Code   RO         4005    i.uxListRemove      list.o
    0x0800a048   0x0800a048   0x000000ac   Code   RO         4458    i.uxTaskGetSystemState  tasks.o
    0x0800a0f4   0x0800a0f4   0x00000018   Code   RO         4462    i.uxTaskResetEventItemValue  tasks.o
    0x0800a10c   0x0800a10c   0x00000014   Code   RO         5047    i.vApplicationGetIdleTaskMemory  cmsis_os2.o
    0x0800a120   0x0800a120   0x00000014   Code   RO         5048    i.vApplicationGetTimerTaskMemory  cmsis_os2.o
    0x0800a134   0x0800a134   0x00000016   Code   RO         4006    i.vListInitialise   list.o
    0x0800a14a   0x0800a14a   0x00000006   Code   RO         4007    i.vListInitialiseItem  list.o
    0x0800a150   0x0800a150   0x00000030   Code   RO         4008    i.vListInsert       list.o
    0x0800a180   0x0800a180   0x00000018   Code   RO         4009    i.vListInsertEnd    list.o
    0x0800a198   0x0800a198   0x00000040   Code   RO         5459    i.vPortEnterCritical  port.o
    0x0800a1d8   0x0800a1d8   0x00000028   Code   RO         5460    i.vPortExitCritical  port.o
    0x0800a200   0x0800a200   0x0000005c   Code   RO         5408    i.vPortFree         heap_4.o
    0x0800a25c   0x0800a25c   0x00000048   Code   RO         5461    i.vPortSetupTimerInterrupt  port.o
    0x0800a2a4   0x0800a2a4   0x000000ec   Code   RO         5462    i.vPortSuppressTicksAndSleep  port.o
    0x0800a390   0x0800a390   0x00000054   Code   RO         5463    i.vPortValidateInterruptPriority  port.o
    0x0800a3e4   0x0800a3e4   0x00000028   Code   RO         4056    i.vQueueAddToRegistry  queue.o
    0x0800a40c   0x0800a40c   0x0000002e   Code   RO         4057    i.vQueueDelete      queue.o
    0x0800a43a   0x0800a43a   0x00000002   PAD
    0x0800a43c   0x0800a43c   0x00000028   Code   RO         4059    i.vQueueUnregisterQueue  queue.o
    0x0800a464   0x0800a464   0x00000044   Code   RO         4060    i.vQueueWaitForMessageRestricted  queue.o
    0x0800a4a8   0x0800a4a8   0x0000004c   Code   RO         4463    i.vTaskDelay        tasks.o
    0x0800a4f4   0x0800a4f4   0x00000090   Code   RO         4465    i.vTaskDelete       tasks.o
    0x0800a584   0x0800a584   0x00000078   Code   RO         4467    i.vTaskGetInfo      tasks.o
    0x0800a5fc   0x0800a5fc   0x000000b4   Code   RO         4468    i.vTaskGetRunTimeStats  tasks.o
    0x0800a6b0   0x0800a6b0   0x00000010   Code   RO         4469    i.vTaskInternalSetTimeOutState  tasks.o
    0x0800a6c0   0x0800a6c0   0x000000c0   Code   RO         4470    i.vTaskList         tasks.o
    0x0800a780   0x0800a780   0x0000000c   Code   RO         4471    i.vTaskMissedYield  tasks.o
    0x0800a78c   0x0800a78c   0x000000b0   Code   RO         4472    i.vTaskNotifyGiveFromISR  tasks.o
    0x0800a83c   0x0800a83c   0x00000030   Code   RO         4473    i.vTaskPlaceOnEventList  tasks.o
    0x0800a86c   0x0800a86c   0x00000038   Code   RO         4474    i.vTaskPlaceOnEventListRestricted  tasks.o
    0x0800a8a4   0x0800a8a4   0x00000050   Code   RO         4475    i.vTaskPlaceOnUnorderedEventList  tasks.o
    0x0800a8f4   0x0800a8f4   0x00000090   Code   RO         4476    i.vTaskPriorityDisinheritAfterTimeout  tasks.o
    0x0800a984   0x0800a984   0x00000070   Code   RO         4478    i.vTaskRemoveFromUnorderedEventList  tasks.o
    0x0800a9f4   0x0800a9f4   0x0000008c   Code   RO         4482    i.vTaskStartScheduler  tasks.o
    0x0800aa80   0x0800aa80   0x00000028   Code   RO         4483    i.vTaskStepTick     tasks.o
    0x0800aaa8   0x0800aaa8   0x00000010   Code   RO         4485    i.vTaskSuspendAll   tasks.o
    0x0800aab8   0x0800aab8   0x0000007c   Code   RO         4486    i.vTaskSwitchContext  tasks.o
    0x0800ab34   0x0800ab34   0x00000040   Code   RO         6704    i.validate          ff.o
    0x0800ab74   0x0800ab74   0x0000001c   Code   RO         3891    i.xEventGroupCreate  event_groups.o
    0x0800ab90   0x0800ab90   0x0000008c   Code   RO         3894    i.xEventGroupSetBits  event_groups.o
    0x0800ac1c   0x0800ac1c   0x00000108   Code   RO         3897    i.xEventGroupWaitBits  event_groups.o
    0x0800ad24   0x0800ad24   0x000000a8   Code   RO         5464    i.xPortStartScheduler  port.o
    0x0800adcc   0x0800adcc   0x00000016   Code   RO         4063    i.xQueueCreateMutex  queue.o
    0x0800ade2   0x0800ade2   0x00000048   Code   RO         4065    i.xQueueGenericCreate  queue.o
    0x0800ae2a   0x0800ae2a   0x00000066   Code   RO         4066    i.xQueueGenericCreateStatic  queue.o
    0x0800ae90   0x0800ae90   0x00000088   Code   RO         4067    i.xQueueGenericReset  queue.o
    0x0800af18   0x0800af18   0x00000160   Code   RO         4068    i.xQueueGenericSend  queue.o
    0x0800b078   0x0800b078   0x000000bc   Code   RO         4069    i.xQueueGenericSendFromISR  queue.o
    0x0800b134   0x0800b134   0x00000138   Code   RO         4078    i.xQueueReceive     queue.o
    0x0800b26c   0x0800b26c   0x00000178   Code   RO         4080    i.xQueueSemaphoreTake  queue.o
    0x0800b3e4   0x0800b3e4   0x00000074   Code   RO         4487    i.xTaskCheckForTimeOut  tasks.o
    0x0800b458   0x0800b458   0x0000005a   Code   RO         4488    i.xTaskCreate       tasks.o
    0x0800b4b2   0x0800b4b2   0x00000056   Code   RO         4489    i.xTaskCreateStatic  tasks.o
    0x0800b508   0x0800b508   0x0000001c   Code   RO         4493    i.xTaskGetSchedulerState  tasks.o
    0x0800b524   0x0800b524   0x0000000c   Code   RO         4494    i.xTaskGetTickCount  tasks.o
    0x0800b530   0x0800b530   0x000000c8   Code   RO         4496    i.xTaskIncrementTick  tasks.o
    0x0800b5f8   0x0800b5f8   0x00000080   Code   RO         4499    i.xTaskPriorityDisinherit  tasks.o
    0x0800b678   0x0800b678   0x00000078   Code   RO         4500    i.xTaskPriorityInherit  tasks.o
    0x0800b6f0   0x0800b6f0   0x00000074   Code   RO         4501    i.xTaskRemoveFromEventList  tasks.o
    0x0800b764   0x0800b764   0x000000c4   Code   RO         4502    i.xTaskResumeAll    tasks.o
    0x0800b828   0x0800b828   0x00000060   Code   RO         4844    i.xTimerCreateTimerTask  timers.o
    0x0800b888   0x0800b888   0x00000068   Code   RO         4845    i.xTimerGenericCommand  timers.o
    0x0800b8f0   0x0800b8f0   0x0000002c   Code   RO         7508    locale$$code        c_w.l(lc_numeric_c.o)
    0x0800b91c   0x0800b91c   0x0000002c   Code   RO         7544    locale$$code        c_w.l(lc_ctype_c.o)
    0x0800b948   0x0800b948   0x00000004   Code   RO         7402    x$fpl$printf1       fz_ws.l(printf1.o)
    0x0800b94c   0x0800b94c   0x00000004   Code   RO         7404    x$fpl$printf2       fz_ws.l(printf2.o)
    0x0800b950   0x0800b950   0x00000000   Code   RO         7532    x$fpl$usenofp       fz_ws.l(usenofp.o)
    0x0800b950   0x0800b950   0x00000024   Data   RO          414    .constdata          freertos.o
    0x0800b974   0x0800b974   0x00000012   Data   RO         1353    .constdata          stm32f1xx_hal_rcc.o
    0x0800b986   0x0800b986   0x00000010   Data   RO         3813    .constdata          system_stm32f1xx.o
    0x0800b996   0x0800b996   0x00000008   Data   RO         3814    .constdata          system_stm32f1xx.o
    0x0800b99e   0x0800b99e   0x000005f0   Data   RO         6203    .constdata          fonts.o
    0x0800bf8e   0x0800bf8e   0x000000ba   Data   RO         6706    .constdata          ff.o
    0x0800c048   0x0800c048   0x000004c0   Data   RO         7102    .constdata          ccsbcs.o
    0x0800c508   0x0800c508   0x00000011   Data   RO         7227    .constdata          c_w.l(__printf_flags_ss_wp.o)
    0x0800c519   0x0800c519   0x00000003   PAD
    0x0800c51c   0x0800c51c   0x00000008   Data   RO         7300    .constdata          c_w.l(_printf_wctomb.o)
    0x0800c524   0x0800c524   0x00000028   Data   RO         7329    .constdata          c_w.l(_printf_hex_int_ll_ptr.o)
    0x0800c54c   0x0800c54c   0x00000026   Data   RO         7445    .constdata          c_w.l(_printf_fp_hex.o)
    0x0800c572   0x0800c572   0x00000002   PAD
    0x0800c574   0x0800c574   0x00000094   Data   RO         7483    .constdata          c_w.l(bigflt0.o)
    0x0800c608   0x0800c608   0x0000000c   Data   RO          415    .conststring        freertos.o
    0x0800c614   0x0800c614   0x00000020   Data   RO         7598    Region$$Table       anon$$obj.o
    0x0800c634   0x0800c634   0x0000001c   Data   RO         7507    locale$$data        c_w.l(lc_numeric_c.o)
    0x0800c650   0x0800c650   0x00000110   Data   RO         7543    locale$$data        c_w.l(lc_ctype_c.o)


    Execution Region RW_IRAM1 (Exec base: 0x20000000, Load base: 0x0800c760, Size: 0x00007f30, Max: 0x0000c000, ABSOLUTE)

    Exec Addr    Load Addr    Size         Type   Attr      Idx    E Section Name        Object

    0x20000000   0x0800c760   0x00000020   Data   RW          416    .data               freertos.o
    0x20000020   0x0800c780   0x0000000c   Data   RW         1190    .data               stm32f1xx_hal.o
    0x2000002c   0x0800c78c   0x00000004   Data   RW         3815    .data               system_stm32f1xx.o
    0x20000030   0x0800c790   0x00000044   Data   RW         4505    .data               tasks.o
    0x20000074   0x0800c7d4   0x00000014   Data   RW         4853    .data               timers.o
    0x20000088   0x0800c7e8   0x00000004   Data   RW         5050    .data               cmsis_os2.o
    0x2000008c   0x0800c7ec   0x00000018   Data   RW         5413    .data               heap_4.o
    0x200000a4   0x0800c804   0x00000018   Data   RW         5465    .data               port.o
    0x200000bc   0x0800c81c   0x00000001   Data   RW         5559    .data               bsp_spi_sdcard.o
    0x200000bd   0x0800c81d   0x00000003   PAD
    0x200000c0   0x0800c820   0x00000004   Data   RW         5737    .data               user_bsp.o
    0x200000c4   0x0800c824   0x00000001   Data   RW         5738    .data               user_bsp.o
    0x200000c5   0x0800c825   0x00000003   PAD
    0x200000c8   0x0800c828   0x00000008   Data   RW         5827    .data               user_bsp_handler.o
    0x200000d0   0x0800c830   0x00000010   Data   RW         5976    .data               bsp_ili9341_lcd.o
    0x200000e0   0x0800c840   0x00000008   Data   RW         6205    .data               fonts.o
    0x200000e8   0x0800c848   0x00000001   Data   RW         6275    .data               core.o
    0x200000e9   0x0800c849   0x00000001   Data   RW         6328    .data               user_diskio.o
    0x200000ea   0x0800c84a   0x00000002   PAD
    0x200000ec   0x0800c84c   0x00000014   Data   RW         6329    .data               user_diskio.o
    0x20000100   0x0800c860   0x00000005   Data   RW         6528    .data               fatfs.o
    0x20000105   0x0800c865   0x00000003   PAD
    0x20000108   0x0800c868   0x00000008   Data   RW         6707    .data               ff.o
    0x20000110        -       0x00000058   Zero   RW          516    .bss                dac.o
    0x20000168        -       0x00000058   Zero   RW          585    .bss                spi.o
    0x200001c0        -       0x00000120   Zero   RW          630    .bss                tim.o
    0x200002e0        -       0x0000008c   Zero   RW          687    .bss                usart.o
    0x2000036c        -       0x00000048   Zero   RW          853    .bss                stm32f1xx_hal_timebase_tim.o
    0x200003b4        -       0x00000040   Zero   RW         4082    .bss                queue.o
    0x200003f4        -       0x00000104   Zero   RW         4504    .bss                tasks.o
    0x200004f8        -       0x00000118   Zero   RW         4852    .bss                timers.o
    0x20000610        -       0x000003c0   Zero   RW         5049    .bss                cmsis_os2.o
    0x200009d0        -       0x00005000   Zero   RW         5412    .bss                heap_4.o
    0x200059d0        -       0x000000b0   Zero   RW         5558    .bss                bsp_spi_sdcard.o
    0x20005a80        -       0x00000100   Zero   RW         5736    .bss                user_bsp.o
    0x20005b80        -       0x000001f4   Zero   RW         5826    .bss                user_bsp_handler.o
    0x20005d74        -       0x00000700   Zero   RW         6274    .bss                core.o
    0x20006474        -       0x00000234   Zero   RW         6526    .bss                fatfs.o
    0x200066a8        -       0x00000018   Zero   RW         6705    .bss                ff.o
    0x200066c0        -       0x0000000c   Zero   RW         6994    .bss                ff_gen_drv.o
    0x200066cc        -       0x00000060   Zero   RW         7413    .bss                c_w.l(libspace.o)
    0x2000672c   0x0800c870   0x00000004   PAD
    0x20006730        -       0x00000800   Zero   RW            2    HEAP                startup_stm32f103xe.o
    0x20006f30        -       0x00001000   Zero   RW            1    STACK               startup_stm32f103xe.o


==============================================================================

Image component sizes


      Code (inc. data)   RO Data    RW Data    ZI Data      Debug   Object Name

       686        248          0          0          0       4534   audio.o
      2316        100          0         16          0      13494   bsp_ili9341_lcd.o
      1916         92          0          1        176      14551   bsp_spi_sdcard.o
        92         12       1216          0          0       2071   ccsbcs.o
       324         24          0          4        960      16656   cmsis_os2.o
       762        344          0          1       1792       2821   core.o
         0          0          0          0          0       7152   croutine.o
       204         30          0          0         88       1816   dac.o
       148         22          0          0          0       8765   diskio.o
        76          4          0          0          0        846   dma.o
       452          4          0          0          0      26083   event_groups.o
       816        636          0          5        564       2261   fatfs.o
      6650         90        186          8         24      40487   ff.o
       128          8          0          0         12       2959   ff_gen_drv.o
         0          0       1520          8          0       1287   fonts.o
       592        182         48         32          0       8704   freertos.o
       184         12          0          0          0     491927   gpio.o
       460         24          0         24      20480       4831   heap_4.o
       138          0          0          0          0       3562   list.o
       288         82          0          0          0     516862   main.o
       934         80          0         24          0      12258   port.o
      2090         28          0          0         64      22623   queue.o
       184         24          0          0         88       1745   spi.o
        64         26        304          0       6144        832   startup_stm32f103xe.o
        64         14          0         12          0       5382   stm32f1xx_hal.o
       420        196          0          0          0      28474   stm32f1xx_hal_cortex.o
      1002        314          0          0          0       6534   stm32f1xx_hal_dac.o
        56          0          0          0          0       3913   stm32f1xx_hal_dac_ex.o
      1636        160          0          0          0       5430   stm32f1xx_hal_dma.o
      1136        320          0          0          0       4560   stm32f1xx_hal_gpio.o
        72         10          0          0          0        914   stm32f1xx_hal_msp.o
      2010        258         18          0          0       6121   stm32f1xx_hal_rcc.o
       572         68          0          0          0       1367   stm32f1xx_hal_spi.o
      2330        362          0          0          0      10711   stm32f1xx_hal_tim.o
       320         88          0          0          0       2569   stm32f1xx_hal_tim_ex.o
       140         22          0          0         72       1495   stm32f1xx_hal_timebase_tim.o
      2374        168          0          0          0      15845   stm32f1xx_hal_uart.o
       108         42          0          0          0       5998   stm32f1xx_it.o
         0          0          0          0          0       8796   stream_buffer.o
        66          0          0          0          0       4575   syscall.o
         2          0         24          4          0       1187   system_stm32f1xx.o
      4120        342          0         68        260      40923   tasks.o
       500         50          0          0        288       3661   tim.o
       912         82          0         20        280      26187   timers.o
       232         30          0          0        140       1877   usart.o
       328         90          0          5        256       4058   user_bsp.o
       472        152          0          8        500       6479   user_bsp_handler.o
       282         68          0          0          0       3899   user_bsp_it.o
       204         16          0         21          0       9909   user_diskio.o

    ----------------------------------------------------------------------
     38912       4924       3348        272      32188    1419991   Object Totals
         0          0         32          0          0          0   (incl. Generated)
        50          0          0         11          0          0   (incl. Padding)

    ----------------------------------------------------------------------

      Code (inc. data)   RO Data    RW Data    ZI Data      Debug   Library Member Name

        44          6          0          0          0         84   __2sprintf.o
         8          0          0          0          0         68   __main.o
       392          4         17          0          0         92   __printf_flags_ss_wp.o
        14          0          0          0          0         68   __printf_wp.o
         0          0          0          0          0          0   __rtentry.o
        12          0          0          0          0          0   __rtentry2.o
         6          0          0          0          0          0   __rtentry4.o
        52          8          0          0          0          0   __scatter.o
        26          0          0          0          0          0   __scatter_copy.o
        28          0          0          0          0          0   __scatter_zi.o
         6          0          0          0          0          0   _printf_a.o
         6          0          0          0          0          0   _printf_c.o
        44          0          0          0          0        108   _printf_char.o
        48          6          0          0          0         96   _printf_char_common.o
        40          0          0          0          0         68   _printf_charcount.o
         6          0          0          0          0          0   _printf_d.o
       120         16          0          0          0         92   _printf_dec.o
         6          0          0          0          0          0   _printf_e.o
         6          0          0          0          0          0   _printf_f.o
      1054          0          0          0          0        216   _printf_fp_dec.o
       764          8         38          0          0        100   _printf_fp_hex.o
       128         16          0          0          0         84   _printf_fp_infnan.o
         6          0          0          0          0          0   _printf_g.o
       148          4         40          0          0        160   _printf_hex_int_ll_ptr.o
         6          0          0          0          0          0   _printf_i.o
       178          0          0          0          0         88   _printf_intcommon.o
        10          0          0          0          0          0   _printf_l.o
         6          0          0          0          0          0   _printf_lc.o
        10          0          0          0          0          0   _printf_ll.o
         6          0          0          0          0          0   _printf_lld.o
         6          0          0          0          0          0   _printf_lli.o
         6          0          0          0          0          0   _printf_llo.o
         6          0          0          0          0          0   _printf_llu.o
         6          0          0          0          0          0   _printf_llx.o
       124         16          0          0          0         92   _printf_longlong_dec.o
         6          0          0          0          0          0   _printf_ls.o
         6          0          0          0          0          0   _printf_n.o
         6          0          0          0          0          0   _printf_o.o
       112         10          0          0          0        124   _printf_oct_int_ll.o
         6          0          0          0          0          0   _printf_p.o
        78          0          0          0          0        108   _printf_pad.o
         0          0          0          0          0          0   _printf_percent.o
         4          0          0          0          0          0   _printf_percent_end.o
         6          0          0          0          0          0   _printf_s.o
        82          0          0          0          0         80   _printf_str.o
        36          0          0          0          0         84   _printf_truncate.o
         6          0          0          0          0          0   _printf_u.o
        44          0          0          0          0        108   _printf_wchar.o
       188          6          8          0          0         92   _printf_wctomb.o
         6          0          0          0          0          0   _printf_x.o
        10          0          0          0          0         68   _sputc.o
        64          0          0          0          0         92   _wcrtomb.o
        16          0          0          0          0         68   aeabi_memset.o
       228          4        148          0          0         96   bigflt0.o
      1936        128          0          0          0        672   btod.o
        10          0          0          0          0         68   defsig_exit.o
        50          0          0          0          0         88   defsig_general.o
        80         58          0          0          0         76   defsig_rtmem_inner.o
        14          0          0          0          0         80   defsig_rtmem_outer.o
        18          0          0          0          0         80   exit.o
        94          0          0          0          0         80   h1_alloc.o
        52          0          0          0          0         68   h1_extend.o
        78          0          0          0          0         80   h1_free.o
        14          0          0          0          0         84   h1_init.o
         6          0          0          0          0        152   heapauxi.o
         4          0          0          0          0        136   hguard.o
         0          0          0          0          0          0   indicate_semi.o
       138          0          0          0          0        168   init_alloc.o
        44         10        272          0          0         76   lc_ctype_c.o
        44         10         28          0          0         76   lc_numeric_c.o
         2          0          0          0          0          0   libinit.o
        38          0          0          0          0          0   libinit2.o
         2          0          0          0          0          0   libshutdown.o
         2          0          0          0          0          0   libshutdown2.o
         8          4          0          0         96         68   libspace.o
       138          0          0          0          0         80   lludiv10.o
       238          0          0          0          0        100   lludivv7m.o
         0          0          0          0          0          0   maybetermalloc1.o
        88          0          0          0          0         76   memcmp.o
        16          4          0          0          0         76   rt_ctype_table.o
         8          4          0          0          0         68   rt_heap_descriptor_intlibspace.o
         8          4          0          0          0         68   rt_locale_intlibspace.o
        68          0          0          0          0         68   rt_memclr.o
        78          0          0          0          0         80   rt_memclr_w.o
       138          0          0          0          0         68   rt_memcpy_v6.o
       100          0          0          0          0         80   rt_memcpy_w.o
         2          0          0          0          0          0   rtexit.o
        10          0          0          0          0          0   rtexit2.o
       128          0          0          0          0         68   strcmpv7m.o
        72          0          0          0          0         80   strcpy.o
        62          0          0          0          0         76   strlen.o
        12          4          0          0          0         68   sys_exit.o
        74          0          0          0          0         80   sys_stackheap_outer.o
        14          0          0          0          0         76   sys_wrch.o
         2          0          0          0          0         68   use_no_semi.o
        36          4          0          0          0         76   vsprintf.o
         4          0          0          0          0         68   printf1.o
         4          0          0          0          0         68   printf2.o
         0          0          0          0          0          0   usenofp.o
        40          0          0          0          0         68   fpclassify.o

    ----------------------------------------------------------------------
      8224        334        556          0        100       5948   Library Totals
        18          0          5          0          4          0   (incl. Padding)

    ----------------------------------------------------------------------

      Code (inc. data)   RO Data    RW Data    ZI Data      Debug   Library Name

      8158        334        551          0         96       5744   c_w.l
         8          0          0          0          0        136   fz_ws.l
        40          0          0          0          0         68   m_ws.l

    ----------------------------------------------------------------------
      8224        334        556          0        100       5948   Library Totals

    ----------------------------------------------------------------------

==============================================================================


      Code (inc. data)   RO Data    RW Data    ZI Data      Debug   

     47136       5258       3904        272      32288    1405707   Grand Totals
     47136       5258       3904        272      32288    1405707   ELF Image Totals
     47136       5258       3904        272          0          0   ROM Totals

==============================================================================

    Total RO  Size (Code + RO Data)                51040 (  49.84kB)
    Total RW  Size (RW Data + ZI Data)             32560 (  31.80kB)
    Total ROM Size (Code + RO Data + RW Data)      51312 (  50.11kB)

==============================================================================

