<html>
<body>
<pre>
<h1>µVision Build Log</h1>
<h2>Tool Versions:</h2>
IDE-Version: ¦ÌVision V5.15
Copyright (C) 2015 ARM Ltd and ARM Germany GmbH. All rights reserved.
License Information: 123 Administrator, 123, LIC=21E4T-RQHX2-BSZYX-HV7EF-WYZS7-HSVRB
 
Tool Versions:
Toolchain:       MDK-ARM Standard  Version: 5.15.0
Toolchain Path:  D:\Work_YJH\SoftWare\Keil_MDK5\MainObject\ARM\ARMCC\Bin
C Compiler:      Armcc.exe V5.05 update 2 (build 169)
Assembler:       Armasm.exe V5.05 update 2 (build 169)
Linker/Locator:  ArmLink.exe V5.05 update 2 (build 169)
Library Manager: ArmAr.exe V5.05 update 2 (build 169)
Hex Converter:   FromElf.exe V5.05 update 2 (build 169)
CPU DLL:         SARMCM3.DLL V5.15.0
Dialog DLL:      DCM.DLL V1.13.2.0
Target DLL:      CMSIS_AGDI.dll V1.21.12.0
Dialog DLL:      TCM.DLL V1.14.5.0
 
<h2>Project:</h2>
d:\Work_YJH\Projection\04_MyPrj\02_BleAudio\03_Software\LocalSound\06_ReadWav_Update\MDK-ARM\Practice_FreeRTos_0609.uvprojx
Project File Date:  02/13/2025

<h2>Output:</h2>
*** Using Compiler 'V5.05 update 2 (build 169)', folder: 'D:\Work_YJH\SoftWare\Keil_MDK5\MainObject\ARM\ARMCC\Bin'
Build target 'Practice_FreeRTos_0609'
compiling gui.c...
linking...
Program Size: Code=49968 RO-data=3904 RW-data=272 ZI-data=39720  
FromELF: creating hex file...
"Practice_FreeRTos_0609\Practice_FreeRTos_0609.axf" - 0 Error(s), 0 Warning(s).

<h2>Software Packages used:</h2>

Package Vendor: ARM
                http://www.keil.com/pack/ARM.CMSIS.4.3.0.pack
                ARM::CMSIS:CORE:4.1.0
                CMSIS (Cortex Microcontroller Software Interface Standard)
   * Component: CORE Version: 4.1.0

<h2>Collection of Component include folders:</h2>
  d:\Work_YJH\Projection\04_MyPrj\02_BleAudio\03_Software\LocalSound\06_ReadWav_Update\MDK-ARM\RTE
  D:\Work_YJH\SoftWare\Keil_MDK5\Packs\ARM\CMSIS\4.3.0\CMSIS\Include
  D:\Work_YJH\SoftWare\Keil_MDK5\Packs\Keil\STM32F1xx_DFP\2.1.0\Device\Include

<h2>Collection of Component Files used:</h2>

   * Component: ARM::CMSIS:CORE:4.1.0
</pre>
</body>
</html>
