Component: ARM Compiler 5.06 update 7 (build 960) Tool: armlink [4d3601]

==============================================================================

Section Cross References

    startup_stm32f103xe.o(STACK) refers (Special) to heapauxi.o(.text) for __use_two_region_memory
    startup_stm32f103xe.o(HEAP) refers (Special) to heapauxi.o(.text) for __use_two_region_memory
    startup_stm32f103xe.o(RESET) refers (Special) to heapauxi.o(.text) for __use_two_region_memory
    startup_stm32f103xe.o(RESET) refers to startup_stm32f103xe.o(STACK) for __initial_sp
    startup_stm32f103xe.o(RESET) refers to startup_stm32f103xe.o(.text) for Reset_Handler
    startup_stm32f103xe.o(RESET) refers to stm32f1xx_it.o(i.NMI_Handler) for NMI_Handler
    startup_stm32f103xe.o(RESET) refers to stm32f1xx_it.o(i.HardFault_Handler) for HardFault_Handler
    startup_stm32f103xe.o(RESET) refers to stm32f1xx_it.o(i.MemManage_Handler) for MemManage_Handler
    startup_stm32f103xe.o(RESET) refers to stm32f1xx_it.o(i.BusFault_Handler) for BusFault_Handler
    startup_stm32f103xe.o(RESET) refers to stm32f1xx_it.o(i.UsageFault_Handler) for UsageFault_Handler
    startup_stm32f103xe.o(RESET) refers to port.o(.emb_text) for SVC_Handler
    startup_stm32f103xe.o(RESET) refers to stm32f1xx_it.o(i.DebugMon_Handler) for DebugMon_Handler
    startup_stm32f103xe.o(RESET) refers to port.o(i.SysTick_Handler) for SysTick_Handler
    startup_stm32f103xe.o(RESET) refers to stm32f1xx_it.o(i.DMA1_Channel4_IRQHandler) for DMA1_Channel4_IRQHandler
    startup_stm32f103xe.o(RESET) refers to stm32f1xx_it.o(i.DMA1_Channel5_IRQHandler) for DMA1_Channel5_IRQHandler
    startup_stm32f103xe.o(RESET) refers to stm32f1xx_it.o(i.TIM1_UP_IRQHandler) for TIM1_UP_IRQHandler
    startup_stm32f103xe.o(RESET) refers to stm32f1xx_it.o(i.TIM2_IRQHandler) for TIM2_IRQHandler
    startup_stm32f103xe.o(RESET) refers to stm32f1xx_it.o(i.SPI2_IRQHandler) for SPI2_IRQHandler
    startup_stm32f103xe.o(RESET) refers to stm32f1xx_it.o(i.USART1_IRQHandler) for USART1_IRQHandler
    startup_stm32f103xe.o(RESET) refers to stm32f1xx_it.o(i.TIM6_IRQHandler) for TIM6_IRQHandler
    startup_stm32f103xe.o(RESET) refers to stm32f1xx_it.o(i.TIM7_IRQHandler) for TIM7_IRQHandler
    startup_stm32f103xe.o(RESET) refers to stm32f1xx_it.o(i.DMA2_Channel3_IRQHandler) for DMA2_Channel3_IRQHandler
    startup_stm32f103xe.o(.text) refers (Special) to heapauxi.o(.text) for __use_two_region_memory
    startup_stm32f103xe.o(.text) refers to system_stm32f1xx.o(i.SystemInit) for SystemInit
    startup_stm32f103xe.o(.text) refers to __main.o(!!!main) for __main
    startup_stm32f103xe.o(.text) refers to startup_stm32f103xe.o(HEAP) for Heap_Mem
    startup_stm32f103xe.o(.text) refers to startup_stm32f103xe.o(STACK) for Stack_Mem
    main.o(i.Error_Handler) refers to user_bsp.o(i.USART_SendData) for USART_SendData
    main.o(i.Error_Handler) refers to usart.o(.bss) for huart1
    main.o(i.HAL_TIM_PeriodElapsedCallback) refers to stm32f1xx_hal.o(i.HAL_IncTick) for HAL_IncTick
    main.o(i.HAL_TIM_PeriodElapsedCallback) refers to user_bsp_it.o(i.USER_TIM_PeriodElapsedCallback) for USER_TIM_PeriodElapsedCallback
    main.o(i.SystemClock_Config) refers to rt_memclr_w.o(.text) for __aeabi_memclr4
    main.o(i.SystemClock_Config) refers to stm32f1xx_hal_rcc.o(i.HAL_RCC_OscConfig) for HAL_RCC_OscConfig
    main.o(i.SystemClock_Config) refers to stm32f1xx_hal_rcc.o(i.HAL_RCC_ClockConfig) for HAL_RCC_ClockConfig
    main.o(i.SystemClock_Config) refers to main.o(i.Error_Handler) for Error_Handler
    main.o(i.assert_failed) refers to user_bsp.o(i.USART_SendData) for USART_SendData
    main.o(i.assert_failed) refers to usart.o(.bss) for huart1
    main.o(i.main) refers to stm32f1xx_hal.o(i.HAL_Init) for HAL_Init
    main.o(i.main) refers to main.o(i.SystemClock_Config) for SystemClock_Config
    main.o(i.main) refers to gpio.o(i.MX_GPIO_Init) for MX_GPIO_Init
    main.o(i.main) refers to dma.o(i.MX_DMA_Init) for MX_DMA_Init
    main.o(i.main) refers to i2s.o(i.MX_I2S2_Init) for MX_I2S2_Init
    main.o(i.main) refers to usart.o(i.MX_USART1_UART_Init) for MX_USART1_UART_Init
    main.o(i.main) refers to tim.o(i.MX_TIM6_Init) for MX_TIM6_Init
    main.o(i.main) refers to tim.o(i.MX_TIM7_Init) for MX_TIM7_Init
    main.o(i.main) refers to dac.o(i.MX_DAC_Init) for MX_DAC_Init
    main.o(i.main) refers to tim.o(i.MX_TIM2_Init) for MX_TIM2_Init
    main.o(i.main) refers to tim.o(i.MX_TIM4_Init) for MX_TIM4_Init
    main.o(i.main) refers to spi.o(i.MX_SPI1_Init) for MX_SPI1_Init
    main.o(i.main) refers to fatfs.o(i.MX_FATFS_Init) for MX_FATFS_Init
    main.o(i.main) refers to cmsis_os2.o(i.osKernelInitialize) for osKernelInitialize
    main.o(i.main) refers to freertos.o(i.MX_FREERTOS_Init) for MX_FREERTOS_Init
    main.o(i.main) refers to cmsis_os2.o(i.osKernelStart) for osKernelStart
    gpio.o(i.MX_GPIO_Init) refers to stm32f1xx_hal_gpio.o(i.HAL_GPIO_WritePin) for HAL_GPIO_WritePin
[...]
    ff_memfree                               0x08009cf7   Thumb Code     4  syscall.o(i.ff_memfree)
    ff_rel_grant                             0x08009cfb   Thumb Code    10  syscall.o(i.ff_rel_grant)
    ff_req_grant                             0x08009d05   Thumb Code    18  syscall.o(i.ff_req_grant)
    ff_wtoupper                              0x08009d19   Thumb Code    28  ccsbcs.o(i.ff_wtoupper)
    getRunTimeCounterValue                   0x0800a10d   Thumb Code     6  freertos.o(i.getRunTimeCounterValue)
    get_fat                                  0x0800a119   Thumb Code   204  ff.o(i.get_fat)
    get_fattime                              0x0800a1e5   Thumb Code     4  fatfs.o(i.get_fattime)
    is_empty                                 0x0800a395   Thumb Code    12  my_list.o(i.is_empty)
    list_destroy                             0x0800a3b5   Thumb Code    50  my_list.o(i.list_destroy)
    list_get_element                         0x0800a3e7   Thumb Code    30  my_list.o(i.list_get_element)
    list_init                                0x0800a405   Thumb Code    10  my_list.o(i.list_init)
    list_insert_at_tail                      0x0800a40f   Thumb Code    38  my_list.o(i.list_insert_at_tail)
    list_traverse                            0x0800a435   Thumb Code    26  my_list.o(i.list_traverse)
    main                                     0x0800a457   Thumb Code    66  main.o(i.main)
    my_strnstr_kmp                           0x0800a507   Thumb Code    66  au_decode.o(i.my_strnstr_kmp)
    osKernelInitialize                       0x0800a549   Thumb Code    50  cmsis_os2.o(i.osKernelInitialize)
    osKernelStart                            0x0800a581   Thumb Code    58  cmsis_os2.o(i.osKernelStart)
    osThreadNew                              0x0800a5c1   Thumb Code   160  cmsis_os2.o(i.osThreadNew)
    put_fat                                  0x0800aec1   Thumb Code   246  ff.o(i.put_fat)
    pvPortMalloc                             0x0800afb9   Thumb Code   210  heap_4.o(i.pvPortMalloc)
    pvTaskIncrementMutexHeldCount            0x0800b091   Thumb Code    18  tasks.o(i.pvTaskIncrementMutexHeldCount)
    pxPortInitialiseStack                    0x0800b0a9   Thumb Code    32  port.o(i.pxPortInitialiseStack)
    ulTaskNotifyTake                         0x0800b27d   Thumb Code    96  tasks.o(i.ulTaskNotifyTake)
    uxListRemove                             0x0800b303   Thumb Code    38  list.o(i.uxListRemove)
    uxTaskGetSystemState                     0x0800b329   Thumb Code   162  tasks.o(i.uxTaskGetSystemState)
    uxTaskResetEventItemValue                0x0800b3d5   Thumb Code    20  tasks.o(i.uxTaskResetEventItemValue)
    vApplicationGetIdleTaskMemory            0x0800b3ed   Thumb Code    16  cmsis_os2.o(i.vApplicationGetIdleTaskMemory)
    vApplicationGetTimerTaskMemory           0x0800b401   Thumb Code    16  cmsis_os2.o(i.vApplicationGetTimerTaskMemory)
    vListInitialise                          0x0800b415   Thumb Code    22  list.o(i.vListInitialise)
    vListInitialiseItem                      0x0800b42b   Thumb Code     6  list.o(i.vListInitialiseItem)
    vListInsert                              0x0800b431   Thumb Code    48  list.o(i.vListInsert)
    vListInsertEnd                           0x0800b461   Thumb Code    24  list.o(i.vListInsertEnd)
    vPortEnterCritical                       0x0800b479   Thumb Code    54  port.o(i.vPortEnterCritical)
    vPortExitCritical                        0x0800b4b9   Thumb Code    34  port.o(i.vPortExitCritical)
    vPortFree                                0x0800b4e1   Thumb Code    88  heap_4.o(i.vPortFree)
    vPortSetupTimerInterrupt                 0x0800b53d   Thumb Code    64  port.o(i.vPortSetupTimerInterrupt)
    vPortSuppressTicksAndSleep               0x0800b585   Thumb Code   230  port.o(i.vPortSuppressTicksAndSleep)
    vPortValidateInterruptPriority           0x0800b671   Thumb Code    74  port.o(i.vPortValidateInterruptPriority)
    vQueueAddToRegistry                      0x0800b6c5   Thumb Code    34  queue.o(i.vQueueAddToRegistry)
    vQueueDelete                             0x0800b6ed   Thumb Code    46  queue.o(i.vQueueDelete)
    vQueueUnregisterQueue                    0x0800b71d   Thumb Code    36  queue.o(i.vQueueUnregisterQueue)
    vQueueWaitForMessageRestricted           0x0800b745   Thumb Code    68  queue.o(i.vQueueWaitForMessageRestricted)
    vTaskDelay                               0x0800b789   Thumb Code    66  tasks.o(i.vTaskDelay)
    vTaskDelete                              0x0800b7d5   Thumb Code   130  tasks.o(i.vTaskDelete)
    vTaskGetInfo                             0x0800b865   Thumb Code   114  tasks.o(i.vTaskGetInfo)
    vTaskGetRunTimeStats                     0x0800b8dd   Thumb Code   150  tasks.o(i.vTaskGetRunTimeStats)
    vTaskInternalSetTimeOutState             0x0800b991   Thumb Code    12  tasks.o(i.vTaskInternalSetTimeOutState)
    vTaskList                                0x0800b9a1   Thumb Code   170  tasks.o(i.vTaskList)
    vTaskMissedYield                         0x0800ba61   Thumb Code     8  tasks.o(i.vTaskMissedYield)
    vTaskNotifyGiveFromISR                   0x0800ba6d   Thumb Code   166  tasks.o(i.vTaskNotifyGiveFromISR)
    vTaskPlaceOnEventList                    0x0800bb1d   Thumb Code    44  tasks.o(i.vTaskPlaceOnEventList)
    vTaskPlaceOnEventListRestricted          0x0800bb4d   Thumb Code    52  tasks.o(i.vTaskPlaceOnEventListRestricted)
    vTaskPlaceOnUnorderedEventList           0x0800bb85   Thumb Code    76  tasks.o(i.vTaskPlaceOnUnorderedEventList)
    vTaskPriorityDisinheritAfterTimeout      0x0800bbd5   Thumb Code   134  tasks.o(i.vTaskPriorityDisinheritAfterTimeout)
    vTaskRemoveFromUnorderedEventList        0x0800bc65   Thumb Code   102  tasks.o(i.vTaskRemoveFromUnorderedEventList)
    vTaskStartScheduler                      0x0800bcd5   Thumb Code   122  tasks.o(i.vTaskStartScheduler)
    vTaskStepTick                            0x0800bd61   Thumb Code    36  tasks.o(i.vTaskStepTick)
    vTaskSuspendAll                          0x0800bd89   Thumb Code    10  tasks.o(i.vTaskSuspendAll)
    vTaskSwitchContext                       0x0800bd99   Thumb Code   114  tasks.o(i.vTaskSwitchContext)
    xEventGroupCreate                        0x0800be55   Thumb Code    28  event_groups.o(i.xEventGroupCreate)
    xEventGroupSetBits                       0x0800be71   Thumb Code   140  event_groups.o(i.xEventGroupSetBits)
    xEventGroupWaitBits                      0x0800befd   Thumb Code   260  event_groups.o(i.xEventGroupWaitBits)
    xPortStartScheduler                      0x0800c005   Thumb Code   154  port.o(i.xPortStartScheduler)
    xQueueCreateMutex                        0x0800c0ad   Thumb Code    22  queue.o(i.xQueueCreateMutex)
    xQueueGenericCreate                      0x0800c0c3   Thumb Code    72  queue.o(i.xQueueGenericCreate)
    xQueueGenericCreateStatic                0x0800c10b   Thumb Code   102  queue.o(i.xQueueGenericCreateStatic)
    xQueueGenericReset                       0x0800c171   Thumb Code   132  queue.o(i.xQueueGenericReset)
    xQueueGenericSend                        0x0800c1f9   Thumb Code   346  queue.o(i.xQueueGenericSend)
    xQueueGenericSendFromISR                 0x0800c359   Thumb Code   188  queue.o(i.xQueueGenericSendFromISR)
    xQueueReceive                            0x0800c415   Thumb Code   308  queue.o(i.xQueueReceive)
    xQueueSemaphoreTake                      0x0800c54d   Thumb Code   372  queue.o(i.xQueueSemaphoreTake)
    xTaskCheckForTimeOut                     0x0800c6c5   Thumb Code   112  tasks.o(i.xTaskCheckForTimeOut)
    xTaskCreate                              0x0800c739   Thumb Code    90  tasks.o(i.xTaskCreate)
    xTaskCreateStatic                        0x0800c793   Thumb Code    86  tasks.o(i.xTaskCreateStatic)
    xTaskGenericNotify                       0x0800c7e9   Thumb Code   192  tasks.o(i.xTaskGenericNotify)
    xTaskGenericNotifyFromISR                0x0800c8b5   Thumb Code   228  tasks.o(i.xTaskGenericNotifyFromISR)
    xTaskGetSchedulerState                   0x0800c9a1   Thumb Code    22  tasks.o(i.xTaskGetSchedulerState)
    xTaskGetTickCount                        0x0800c9bd   Thumb Code     6  tasks.o(i.xTaskGetTickCount)
    xTaskIncrementTick                       0x0800c9c9   Thumb Code   190  tasks.o(i.xTaskIncrementTick)
    xTaskNotifyWait                          0x0800ca91   Thumb Code   130  tasks.o(i.xTaskNotifyWait)
    xTaskPriorityDisinherit                  0x0800cb1d   Thumb Code   118  tasks.o(i.xTaskPriorityDisinherit)
    xTaskPriorityInherit                     0x0800cb9d   Thumb Code   112  tasks.o(i.xTaskPriorityInherit)
    xTaskRemoveFromEventList                 0x0800cc15   Thumb Code   106  tasks.o(i.xTaskRemoveFromEventList)
    xTaskResumeAll                           0x0800cc89   Thumb Code   182  tasks.o(i.xTaskResumeAll)
    xTimerCreateTimerTask                    0x0800cd4d   Thumb Code    78  timers.o(i.xTimerCreateTimerTask)
    xTimerGenericCommand                     0x0800cdad   Thumb Code    98  timers.o(i.xTimerGenericCommand)
    _get_lc_numeric                          0x0800ce15   Thumb Code    44  lc_numeric_c.o(locale$$code)
    _get_lc_ctype                            0x0800ce41   Thumb Code    44  lc_ctype_c.o(locale$$code)
    _printf_fp_dec                           0x0800ce6d   Thumb Code     4  printf1.o(x$fpl$printf1)
    _printf_fp_hex                           0x0800ce71   Thumb Code     4  printf2.o(x$fpl$printf2)
    SysInitTask_attributes                   0x0800ce74   Data          36  freertos.o(.constdata)
    __I$use$fp                               0x0800ce74   Number         0  usenofp.o(x$fpl$usenofp)
    AHBPrescTable                            0x0800cebc   Data          16  system_stm32f1xx.o(.constdata)
    APBPrescTable                            0x0800cecc   Data           8  system_stm32f1xx.o(.constdata)
    ASCII8x16_Table                          0x0800ced4   Data        1520  fonts.o(.constdata)
    Region$$Table$$Base                      0x0800db48   Number         0  anon$$obj.o(Region$$Table)
    Region$$Table$$Limit                     0x0800db68   Number         0  anon$$obj.o(Region$$Table)
    __ctype                                  0x0800db91   Data           0  lc_ctype_c.o(locale$$data)
    FreeRTOS_RunTimeTicks                    0x20000000   Data           4  freertos.o(.data)
    Key_Scan_Task_Handle                     0x20000004   Data           4  freertos.o(.data)
    Key_Run_Task_Handle                      0x20000008   Data           4  freertos.o(.data)
    Uart1_Scan_Task_Handle                   0x2000000c   Data           4  freertos.o(.data)
    SysInitTaskHandle                        0x20000010   Data           4  freertos.o(.data)
    uwTickFreq                               0x20000014   Data           1  stm32f1xx_hal.o(.data)
    uwTickPrio                               0x20000018   Data           4  stm32f1xx_hal.o(.data)
    uwTick                                   0x2000001c   Data           4  stm32f1xx_hal.o(.data)
    SystemCoreClock                          0x20000020   Data           4  system_stm32f1xx.o(.data)
    pxCurrentTCB                             0x20000024   Data           4  tasks.o(.data)
    SD_Type                                  0x200000b0   Data           1  bsp_spi_sdcard.o(.data)
    Uart1_Len                                0x200000b4   Data           4  user_bsp.o(.data)
    Uart1_ReveFlag                           0x200000b8   Data           1  user_bsp.o(.data)
    Key_Reg                                  0x200000bc   Data           1  user_bsp_handler.o(.data)
    EvenGroup_Key_Handle                     0x200000c0   Data           4  user_bsp_handler.o(.data)
    LCD_SCAN_MODE                            0x200000c4   Data           1  bsp_ili9341_lcd.o(.data)
    LCD_X_LENGTH                             0x200000c6   Data           2  bsp_ili9341_lcd.o(.data)
    LCD_Y_LENGTH                             0x200000c8   Data           2  bsp_ili9341_lcd.o(.data)
    lcdid                                    0x200000ca   Data           2  bsp_ili9341_lcd.o(.data)
    Font8x16                                 0x200000d4   Data           8  fonts.o(.data)
    MicList_Idx_Gui                          0x200000dc   Data           1  gui.o(.data)
    GUI_Task_Handle                          0x200000e0   Data           4  gui.o(.data)
    MicList_Idx_au                           0x200000e4   Data           1  gui.o(.data)
    pointer                                  0x200000e8   Data           4  au_os.o(.data)
    Wav_Task_Handle                          0x200000ec   Data           4  au_os.o(.data)
    USER_Driver                              0x200000f4   Data          20  user_diskio.o(.data)
    retUSER                                  0x20000108   Data           1  fatfs.o(.data)
    USERPath                                 0x20000109   Data           4  fatfs.o(.data)
    hdac                                     0x20000118   Data          20  dac.o(.bss)
    hdma_dac_ch1                             0x2000012c   Data          68  dac.o(.bss)
    hspi1                                    0x20000170   Data          88  spi.o(.bss)
    htim2                                    0x200001c8   Data          72  tim.o(.bss)
    htim4                                    0x20000210   Data          72  tim.o(.bss)
    htim6                                    0x20000258   Data          72  tim.o(.bss)
    htim7                                    0x200002a0   Data          72  tim.o(.bss)
    huart1                                   0x200002e8   Data          72  usart.o(.bss)
    hdma_usart1_rx                           0x20000330   Data          68  usart.o(.bss)
    htim1                                    0x20000374   Data          72  stm32f1xx_hal_timebase_tim.o(.bss)
    hi2s2                                    0x200003bc   Data          60  i2s.o(.bss)
    hdma_spi2_rx                             0x200003f8   Data          68  i2s.o(.bss)
    xQueueRegistry                           0x2000043c   Data          64  queue.o(.bss)
    SDCardInfo                               0x20004a58   Data          88  bsp_spi_sdcard.o(.bss)
    SpiHandle                                0x20004ab0   Data          88  bsp_spi_sdcard.o(.bss)
    Uart_TxBuf                               0x20004b08   Data         128  user_bsp.o(.bss)
    Uart1_Buf                                0x20004b88   Data         128  user_bsp.o(.bss)
    strTmp                                   0x20004c08   Data         500  user_bsp_handler.o(.bss)
    MicList                                  0x20004dfc   Data          12  gui.o(.bss)
    USERFatFS                                0x20004e08   Data         564  fatfs.o(.bss)
    disk                                     0x20005054   Data          12  ff_gen_drv.o(.bss)
    __libspace_start                         0x20005060   Data          96  libspace.o(.bss)
    __temporary_stack_top$libspace           0x200050c0   Data           0  libspace.o(.bss)



==============================================================================

Memory Map of the image

  Image Entry point : 0x08000131

  Load Region LR_IROM1 (Base: 0x08000000, Size: 0x0000ddac, Max: 0x00040000, ABSOLUTE)

    Execution Region ER_IROM1 (Exec base: 0x08000000, Load base: 0x08000000, Size: 0x0000dc94, Max: 0x00040000, ABSOLUTE)

    Exec Addr    Load Addr    Size         Type   Attr      Idx    E Section Name        Object

    0x08000000   0x08000000   0x00000130   Data   RO            3    RESET               startup_stm32f103xe.o
    0x08000130   0x08000130   0x00000008   Code   RO         7252  * !!!main             c_w.l(__main.o)
    0x08000138   0x08000138   0x00000034   Code   RO         7676    !!!scatter          c_w.l(__scatter.o)
    0x0800016c   0x0800016c   0x0000001a   Code   RO         7678    !!handler_copy      c_w.l(__scatter_copy.o)
    0x08000186   0x08000186   0x00000002   PAD
    0x08000188   0x08000188   0x0000001c   Code   RO         7680    !!handler_zi        c_w.l(__scatter_zi.o)
    0x080001a4   0x080001a4   0x00000000   Code   RO         7229    .ARM.Collect$$_printf_percent$$00000000  c_w.l(_printf_percent.o)
    0x080001a4   0x080001a4   0x00000006   Code   RO         7336    .ARM.Collect$$_printf_percent$$00000001  c_w.l(_printf_n.o)
    0x080001aa   0x080001aa   0x00000006   Code   RO         7338    .ARM.Collect$$_printf_percent$$00000002  c_w.l(_printf_p.o)
    0x080001b0   0x080001b0   0x00000006   Code   RO         7342    .ARM.Collect$$_printf_percent$$00000003  c_w.l(_printf_f.o)
    0x080001b6   0x080001b6   0x00000006   Code   RO         7343    .ARM.Collect$$_printf_percent$$00000004  c_w.l(_printf_e.o)
    0x080001bc   0x080001bc   0x00000006   Code   RO         7344    .ARM.Collect$$_printf_percent$$00000005  c_w.l(_printf_g.o)
    0x080001c2   0x080001c2   0x00000006   Code   RO         7345    .ARM.Collect$$_printf_percent$$00000006  c_w.l(_printf_a.o)
    0x080001c8   0x080001c8   0x0000000a   Code   RO         7350    .ARM.Collect$$_printf_percent$$00000007  c_w.l(_printf_ll.o)
    0x080001d2   0x080001d2   0x00000006   Code   RO         7340    .ARM.Collect$$_printf_percent$$00000008  c_w.l(_printf_i.o)
    0x080001d8   0x080001d8   0x00000006   Code   RO         7341    .ARM.Collect$$_printf_percent$$00000009  c_w.l(_printf_d.o)
    0x080001de   0x080001de   0x00000006   Code   RO         7228    .ARM.Collect$$_printf_percent$$0000000A  c_w.l(_printf_u.o)
    0x080001e4   0x080001e4   0x00000006   Code   RO         7339    .ARM.Collect$$_printf_percent$$0000000B  c_w.l(_printf_o.o)
    0x080001ea   0x080001ea   0x00000006   Code   RO         7337    .ARM.Collect$$_printf_percent$$0000000C  c_w.l(_printf_x.o)
    0x080001f0   0x080001f0   0x00000006   Code   RO         7347    .ARM.Collect$$_printf_percent$$0000000D  c_w.l(_printf_lli.o)
    0x080001f6   0x080001f6   0x00000006   Code   RO         7348    .ARM.Collect$$_printf_percent$$0000000E  c_w.l(_printf_lld.o)
    0x080001fc   0x080001fc   0x00000006   Code   RO         7349    .ARM.Collect$$_printf_percent$$0000000F  c_w.l(_printf_llu.o)
    0x08000202   0x08000202   0x00000006   Code   RO         7354    .ARM.Collect$$_printf_percent$$00000010  c_w.l(_printf_llo.o)
    0x08000208   0x08000208   0x00000006   Code   RO         7355    .ARM.Collect$$_printf_percent$$00000011  c_w.l(_printf_llx.o)
    0x0800020e   0x0800020e   0x0000000a   Code   RO         7351    .ARM.Collect$$_printf_percent$$00000012  c_w.l(_printf_l.o)
    0x08000218   0x08000218   0x00000006   Code   RO         7226    .ARM.Collect$$_printf_percent$$00000013  c_w.l(_printf_c.o)
    0x0800021e   0x0800021e   0x00000006   Code   RO         7227    .ARM.Collect$$_printf_percent$$00000014  c_w.l(_printf_s.o)
    0x08000224   0x08000224   0x00000006   Code   RO         7352    .ARM.Collect$$_printf_percent$$00000015  c_w.l(_printf_lc.o)
    0x0800022a   0x0800022a   0x00000006   Code   RO         7353    .ARM.Collect$$_printf_percent$$00000016  c_w.l(_printf_ls.o)
    0x08000230   0x08000230   0x00000004   Code   RO         7346    .ARM.Collect$$_printf_percent$$00000017  c_w.l(_printf_percent_end.o)
    0x08000234   0x08000234   0x00000002   Code   RO         7584    .ARM.Collect$$libinit$$00000000  c_w.l(libinit.o)
    0x08000236   0x08000236   0x00000000   Code   RO         7371    .ARM.Collect$$libinit$$00000002  c_w.l(libinit2.o)
    0x08000236   0x08000236   0x00000000   Code   RO         7373    .ARM.Collect$$libinit$$00000004  c_w.l(libinit2.o)
    0x08000236   0x08000236   0x00000008   Code   RO         7374    .ARM.Collect$$libinit$$00000005  c_w.l(libinit2.o)
    0x0800023e   0x0800023e   0x00000000   Code   RO         7376    .ARM.Collect$$libinit$$0000000A  c_w.l(libinit2.o)
    0x0800023e   0x0800023e   0x00000000   Code   RO         7378    .ARM.Collect$$libinit$$0000000C  c_w.l(libinit2.o)
    0x0800023e   0x0800023e   0x00000000   Code   RO         7380    .ARM.Collect$$libinit$$0000000E  c_w.l(libinit2.o)
    0x0800023e   0x0800023e   0x00000006   Code   RO         7381    .ARM.Collect$$libinit$$0000000F  c_w.l(libinit2.o)
    0x08000244   0x08000244   0x00000000   Code   RO         7383    .ARM.Collect$$libinit$$00000011  c_w.l(libinit2.o)
    0x08000244   0x08000244   0x0000000c   Code   RO         7384    .ARM.Collect$$libinit$$00000012  c_w.l(libinit2.o)
    0x08000250   0x08000250   0x00000000   Code   RO         7385    .ARM.Collect$$libinit$$00000013  c_w.l(libinit2.o)
    0x08000250   0x08000250   0x00000000   Code   RO         7387    .ARM.Collect$$libinit$$00000015  c_w.l(libinit2.o)
    0x08000250   0x08000250   0x0000000a   Code   RO         7388    .ARM.Collect$$libinit$$00000016  c_w.l(libinit2.o)
    0x0800025a   0x0800025a   0x00000000   Code   RO         7389    .ARM.Collect$$libinit$$00000017  c_w.l(libinit2.o)
    0x0800025a   0x0800025a   0x00000000   Code   RO         7391    .ARM.Collect$$libinit$$00000019  c_w.l(libinit2.o)
    0x0800025a   0x0800025a   0x00000000   Code   RO         7393    .ARM.Collect$$libinit$$0000001B  c_w.l(libinit2.o)
    0x0800025a   0x0800025a   0x00000000   Code   RO         7395    .ARM.Collect$$libinit$$0000001D  c_w.l(libinit2.o)
    0x0800025a   0x0800025a   0x00000000   Code   RO         7397    .ARM.Collect$$libinit$$0000001F  c_w.l(libinit2.o)
    0x0800025a   0x0800025a   0x00000000   Code   RO         7399    .ARM.Collect$$libinit$$00000021  c_w.l(libinit2.o)
    0x0800025a   0x0800025a   0x00000000   Code   RO         7401    .ARM.Collect$$libinit$$00000023  c_w.l(libinit2.o)
    0x0800025a   0x0800025a   0x00000000   Code   RO         7403    .ARM.Collect$$libinit$$00000025  c_w.l(libinit2.o)
    0x0800025a   0x0800025a   0x00000000   Code   RO         7407    .ARM.Collect$$libinit$$0000002C  c_w.l(libinit2.o)
    0x0800025a   0x0800025a   0x00000000   Code   RO         7409    .ARM.Collect$$libinit$$0000002E  c_w.l(libinit2.o)
    0x0800025a   0x0800025a   0x00000000   Code   RO         7411    .ARM.Collect$$libinit$$00000030  c_w.l(libinit2.o)
    0x0800025a   0x0800025a   0x00000000   Code   RO         7413    .ARM.Collect$$libinit$$00000032  c_w.l(libinit2.o)
    0x0800025a   0x0800025a   0x00000002   Code   RO         7414    .ARM.Collect$$libinit$$00000033  c_w.l(libinit2.o)
    0x0800025c   0x0800025c   0x00000002   Code   RO         7673    .ARM.Collect$$libshutdown$$00000000  c_w.l(libshutdown.o)
    0x0800025e   0x0800025e   0x00000000   Code   RO         7586    .ARM.Collect$$libshutdown$$00000002  c_w.l(libshutdown2.o)
    0x0800025e   0x0800025e   0x00000000   Code   RO         7588    .ARM.Collect$$libshutdown$$00000004  c_w.l(libshutdown2.o)
    0x0800025e   0x0800025e   0x00000000   Code   RO         7590    .ARM.Collect$$libshutdown$$00000006  c_w.l(libshutdown2.o)
    0x0800025e   0x0800025e   0x00000000   Code   RO         7593    .ARM.Collect$$libshutdown$$00000009  c_w.l(libshutdown2.o)
    0x0800025e   0x0800025e   0x00000000   Code   RO         7596    .ARM.Collect$$libshutdown$$0000000C  c_w.l(libshutdown2.o)
    0x0800025e   0x0800025e   0x00000000   Code   RO         7598    .ARM.Collect$$libshutdown$$0000000E  c_w.l(libshutdown2.o)
    0x0800025e   0x0800025e   0x00000000   Code   RO         7601    .ARM.Collect$$libshutdown$$00000011  c_w.l(libshutdown2.o)
    0x0800025e   0x0800025e   0x00000002   Code   RO         7602    .ARM.Collect$$libshutdown$$00000012  c_w.l(libshutdown2.o)
    0x08000260   0x08000260   0x00000000   Code   RO         7258    .ARM.Collect$$rtentry$$00000000  c_w.l(__rtentry.o)
    0x08000260   0x08000260   0x00000000   Code   RO         7432    .ARM.Collect$$rtentry$$00000002  c_w.l(__rtentry2.o)
    0x08000260   0x08000260   0x00000006   Code   RO         7444    .ARM.Collect$$rtentry$$00000004  c_w.l(__rtentry4.o)
    0x08000266   0x08000266   0x00000000   Code   RO         7434    .ARM.Collect$$rtentry$$00000009  c_w.l(__rtentry2.o)
    0x08000266   0x08000266   0x00000004   Code   RO         7435    .ARM.Collect$$rtentry$$0000000A  c_w.l(__rtentry2.o)
    0x0800026a   0x0800026a   0x00000000   Code   RO         7437    .ARM.Collect$$rtentry$$0000000C  c_w.l(__rtentry2.o)
    0x0800026a   0x0800026a   0x00000008   Code   RO         7438    .ARM.Collect$$rtentry$$0000000D  c_w.l(__rtentry2.o)
    0x08000272   0x08000272   0x00000002   Code   RO         7612    .ARM.Collect$$rtexit$$00000000  c_w.l(rtexit.o)
    0x08000274   0x08000274   0x00000000   Code   RO         7640    .ARM.Collect$$rtexit$$00000002  c_w.l(rtexit2.o)
    0x08000274   0x08000274   0x00000004   Code   RO         7641    .ARM.Collect$$rtexit$$00000003  c_w.l(rtexit2.o)
    0x08000278   0x08000278   0x00000006   Code   RO         7642    .ARM.Collect$$rtexit$$00000004  c_w.l(rtexit2.o)
    0x0800027e   0x0800027e   0x00000002   PAD
    0x08000280   0x08000280   0x00000096   Code   RO         5551    .emb_text           port.o
    0x08000316   0x08000316   0x00000002   PAD
    0x08000318   0x08000318   0x00000000   Code   RO         7452    .emb_text           c_w.l(maybetermalloc1.o)
    0x08000318   0x08000318   0x00000040   Code   RO            4    .text               startup_stm32f103xe.o
    0x08000358   0x08000358   0x00000028   Code   RO         7126    .text               c_w.l(calloc.o)
    0x08000380   0x08000380   0x0000005e   Code   RO         7128    .text               c_w.l(h1_alloc.o)
    0x080003de   0x080003de   0x0000004e   Code   RO         7130    .text               c_w.l(h1_free.o)
    0x0800042c   0x0800042c   0x000000ee   Code   RO         7186    .text               c_w.l(lludivv7m.o)
    0x0800051a   0x0800051a   0x00000002   PAD
    0x0800051c   0x0800051c   0x00000024   Code   RO         7190    .text               c_w.l(vsprintf.o)
    0x08000540   0x08000540   0x0000002c   Code   RO         7194    .text               c_w.l(__2sprintf.o)
    0x0800056c   0x0800056c   0x00000052   Code   RO         7202    .text               c_w.l(_printf_str.o)
    0x080005be   0x080005be   0x00000002   PAD
    0x080005c0   0x080005c0   0x00000078   Code   RO         7204    .text               c_w.l(_printf_dec.o)
    0x08000638   0x08000638   0x00000188   Code   RO         7223    .text               c_w.l(__printf_flags_ss_wp.o)
    0x080007c0   0x080007c0   0x00000016   Code   RO         7230    .text               c_w.l(abort.o)
    0x080007d6   0x080007d6   0x00000058   Code   RO         7232    .text               c_w.l(memcmp.o)
    0x0800082e   0x0800082e   0x00000048   Code   RO         7234    .text               c_w.l(strcpy.o)
    0x08000876   0x08000876   0x0000003e   Code   RO         7236    .text               c_w.l(strlen.o)
    0x080008b4   0x080008b4   0x0000008a   Code   RO         7238    .text               c_w.l(rt_memcpy_v6.o)
    0x0800093e   0x0800093e   0x00000010   Code   RO         7242    .text               c_w.l(aeabi_memset.o)
    0x0800094e   0x0800094e   0x00000044   Code   RO         7244    .text               c_w.l(rt_memclr.o)
    0x08000992   0x08000992   0x0000004e   Code   RO         7246    .text               c_w.l(rt_memclr_w.o)
    0x080009e0   0x080009e0   0x00000080   Code   RO         7248    .text               c_w.l(strcmpv7m.o)
    0x08000a60   0x08000a60   0x00000006   Code   RO         7250    .text               c_w.l(heapauxi.o)
    0x08000a66   0x08000a66   0x00000002   PAD
    0x08000a68   0x08000a68   0x0000000c   Code   RO         7254    .text               c_w.l(sys_exit.o)
    0x08000a74   0x08000a74   0x00000008   Code   RO         7266    .text               c_w.l(rt_heap_descriptor_intlibspace.o)
    0x08000a7c   0x08000a7c   0x00000004   Code   RO         7268    .text               c_w.l(hguard.o)
    0x08000a80   0x08000a80   0x0000008a   Code   RO         7270    .text               c_w.l(init_alloc.o)
    0x08000b0a   0x08000b0a   0x0000000e   Code   RO         7274    .text               c_w.l(h1_init.o)
    0x08000b18   0x08000b18   0x0000004e   Code   RO         7288    .text               c_w.l(_printf_pad.o)
    0x08000b66   0x08000b66   0x00000024   Code   RO         7290    .text               c_w.l(_printf_truncate.o)
    0x08000b8a   0x08000b8a   0x000000b2   Code   RO         7292    .text               c_w.l(_printf_intcommon.o)
    0x08000c3c   0x08000c3c   0x00000028   Code   RO         7294    .text               c_w.l(_printf_charcount.o)
    0x08000c64   0x08000c64   0x00000030   Code   RO         7296    .text               c_w.l(_printf_char_common.o)
    0x08000c94   0x08000c94   0x0000000a   Code   RO         7298    .text               c_w.l(_sputc.o)
    0x08000c9e   0x08000c9e   0x0000002c   Code   RO         7300    .text               c_w.l(_printf_char.o)
    0x08000cca   0x08000cca   0x00000002   PAD
    0x08000ccc   0x08000ccc   0x000000bc   Code   RO         7304    .text               c_w.l(_printf_wctomb.o)
    0x08000d88   0x08000d88   0x0000007c   Code   RO         7307    .text               c_w.l(_printf_longlong_dec.o)
    0x08000e04   0x08000e04   0x00000070   Code   RO         7313    .text               c_w.l(_printf_oct_int_ll.o)
    0x08000e74   0x08000e74   0x00000094   Code   RO         7333    .text               c_w.l(_printf_hex_int_ll_ptr.o)
    0x08000f08   0x08000f08   0x0000000e   Code   RO         7362    .text               c_w.l(defsig_abrt_outer.o)
    0x08000f16   0x08000f16   0x00000064   Code   RO         7366    .text               c_w.l(rt_memcpy_w.o)
    0x08000f7a   0x08000f7a   0x00000002   PAD
    0x08000f7c   0x08000f7c   0x00000008   Code   RO         7425    .text               c_w.l(libspace.o)
    0x08000f84   0x08000f84   0x00000002   Code   RO         7428    .text               c_w.l(use_no_semi.o)
    0x08000f86   0x08000f86   0x00000000   Code   RO         7430    .text               c_w.l(indicate_semi.o)
    0x08000f86   0x08000f86   0x00000034   Code   RO         7454    .text               c_w.l(h1_extend.o)
    0x08000fba   0x08000fba   0x0000008a   Code   RO         7458    .text               c_w.l(lludiv10.o)
    0x08001044   0x08001044   0x0000041e   Code   RO         7460    .text               c_w.l(_printf_fp_dec.o)
    0x08001462   0x08001462   0x00000002   PAD
    0x08001464   0x08001464   0x000002fc   Code   RO         7462    .text               c_w.l(_printf_fp_hex.o)
    0x08001760   0x08001760   0x0000002c   Code   RO         7467    .text               c_w.l(_printf_wchar.o)
    0x0800178c   0x0800178c   0x00000040   Code   RO         7483    .text               c_w.l(_wcrtomb.o)
    0x080017cc   0x080017cc   0x0000000a   Code   RO         7485    .text               c_w.l(defsig_exit.o)
    0x080017d6   0x080017d6   0x00000002   PAD
    0x080017d8   0x080017d8   0x00000030   Code   RO         7487    .text               c_w.l(defsig_abrt_inner.o)
    0x08001808   0x08001808   0x0000000e   Code   RO         7489    .text               c_w.l(defsig_rtmem_outer.o)
    0x08001816   0x08001816   0x0000004a   Code   RO         7505    .text               c_w.l(sys_stackheap_outer.o)
    0x08001860   0x08001860   0x00000010   Code   RO         7507    .text               c_w.l(rt_ctype_table.o)
    0x08001870   0x08001870   0x00000008   Code   RO         7512    .text               c_w.l(rt_locale_intlibspace.o)
    0x08001878   0x08001878   0x00000080   Code   RO         7516    .text               c_w.l(_printf_fp_infnan.o)
    0x080018f8   0x080018f8   0x000000e4   Code   RO         7518    .text               c_w.l(bigflt0.o)
    0x080019dc   0x080019dc   0x00000012   Code   RO         7559    .text               c_w.l(exit.o)
    0x080019ee   0x080019ee   0x00000032   Code   RO         7563    .text               c_w.l(defsig_general.o)
    0x08001a20   0x08001a20   0x00000050   Code   RO         7573    .text               c_w.l(defsig_rtmem_inner.o)
    0x08001a70   0x08001a70   0x0000000e   Code   RO         7610    .text               c_w.l(sys_wrch.o)
    0x08001a7e   0x08001a7e   0x0000003e   Code   RO         7521    CL$$btod_d2e        c_w.l(btod.o)
    0x08001abc   0x08001abc   0x00000046   Code   RO         7523    CL$$btod_d2e_denorm_low  c_w.l(btod.o)
    0x08001b02   0x08001b02   0x00000060   Code   RO         7522    CL$$btod_d2e_norm_op1  c_w.l(btod.o)
    0x08001b62   0x08001b62   0x00000338   Code   RO         7531    CL$$btod_div_common  c_w.l(btod.o)
    0x08001e9a   0x08001e9a   0x000000dc   Code   RO         7528    CL$$btod_e2e        c_w.l(btod.o)
    0x08001f76   0x08001f76   0x0000002a   Code   RO         7525    CL$$btod_ediv       c_w.l(btod.o)
    0x08001fa0   0x08001fa0   0x0000002a   Code   RO         7524    CL$$btod_emul       c_w.l(btod.o)
    0x08001fca   0x08001fca   0x00000244   Code   RO         7530    CL$$btod_mult_common  c_w.l(btod.o)
    0x0800220e   0x0800220e   0x00000002   Code   RO          632    i.BusFault_Handler  stm32f1xx_it.o
    0x08002210   0x08002210   0x00000010   Code   RO          885    i.DAC_DMAConvCpltCh1  stm32f1xx_hal_dac.o
    0x08002220   0x08002220   0x00000010   Code   RO         1029    i.DAC_DMAConvCpltCh2  stm32f1xx_hal_dac_ex.o
    0x08002230   0x08002230   0x00000018   Code   RO          886    i.DAC_DMAErrorCh1   stm32f1xx_hal_dac.o
    0x08002248   0x08002248   0x00000018   Code   RO         1030    i.DAC_DMAErrorCh2   stm32f1xx_hal_dac_ex.o
    0x08002260   0x08002260   0x0000000a   Code   RO          887    i.DAC_DMAHalfConvCpltCh1  stm32f1xx_hal_dac.o
    0x0800226a   0x0800226a   0x0000000a   Code   RO         1031    i.DAC_DMAHalfConvCpltCh2  stm32f1xx_hal_dac_ex.o
    0x08002274   0x08002274   0x0000000c   Code   RO          633    i.DMA1_Channel4_IRQHandler  stm32f1xx_it.o
    0x08002280   0x08002280   0x0000000c   Code   RO          634    i.DMA1_Channel5_IRQHandler  stm32f1xx_it.o
    0x0800228c   0x0800228c   0x0000000c   Code   RO          635    i.DMA2_Channel3_IRQHandler  stm32f1xx_it.o
    0x08002298   0x08002298   0x0000002a   Code   RO         1505    i.DMA_SetConfig     stm32f1xx_hal_dma.o
    0x080022c2   0x080022c2   0x0000002a   Code   RO         6276    i.Data_16to12_Mult  au_decode.o
    0x080022ec   0x080022ec   0x00000002   Code   RO          636    i.DebugMon_Handler  stm32f1xx_it.o
    0x080022ee   0x080022ee   0x00000002   PAD
    0x080022f0   0x080022f0   0x00000020   Code   RO           13    i.Error_Handler     main.o
    0x08002310   0x08002310   0x00000006   Code   RO         6981    i.FATFS_LinkDriver  ff_gen_drv.o
    0x08002316   0x08002316   0x00000002   PAD
    0x08002318   0x08002318   0x00000040   Code   RO         6982    i.FATFS_LinkDriverEx  ff_gen_drv.o
    0x08002358   0x08002358   0x00000006   Code   RO         6983    i.FATFS_UnLinkDriver  ff_gen_drv.o
    0x0800235e   0x0800235e   0x00000002   PAD
    0x08002360   0x08002360   0x00000034   Code   RO         6984    i.FATFS_UnLinkDriverEx  ff_gen_drv.o
    0x08002394   0x08002394   0x000000d0   Code   RO         5637    i.GPIO_Configuration  bsp_spi_sdcard.o
    0x08002464   0x08002464   0x00000074   Code   RO         6198    i.GUI_Init          gui.o
    0x080024d8   0x080024d8   0x00000068   Code   RO         6199    i.GUI_Task          gui.o
    0x08002540   0x08002540   0x00000002   Code   RO         1032    i.HAL_DACEx_ConvCpltCallbackCh2  stm32f1xx_hal_dac_ex.o
    0x08002542   0x08002542   0x00000002   Code   RO         1033    i.HAL_DACEx_ConvHalfCpltCallbackCh2  stm32f1xx_hal_dac_ex.o
    0x08002544   0x08002544   0x00000002   Code   RO         1039    i.HAL_DACEx_ErrorCallbackCh2  stm32f1xx_hal_dac_ex.o
    0x08002546   0x08002546   0x00000002   PAD
    0x08002548   0x08002548   0x000000e0   Code   RO          888    i.HAL_DAC_ConfigChannel  stm32f1xx_hal_dac.o
    0x08002628   0x08002628   0x00000038   Code   RO         5905    i.HAL_DAC_ConvCpltCallbackCh1  user_bsp_it.o
    0x08002660   0x08002660   0x00000038   Code   RO         5906    i.HAL_DAC_ConvHalfCpltCallbackCh1  user_bsp_it.o
    0x08002698   0x08002698   0x0000000c   Code   RO         5907    i.HAL_DAC_ErrorCallbackCh1  user_bsp_it.o
    0x080026a4   0x080026a4   0x00000078   Code   RO          898    i.HAL_DAC_Init      stm32f1xx_hal_dac.o
    0x0800271c   0x0800271c   0x00000090   Code   RO          423    i.HAL_DAC_MspInit   dac.o
    0x080027ac   0x080027ac   0x000000ac   Code   RO          902    i.HAL_DAC_Start     stm32f1xx_hal_dac.o
    0x08002858   0x08002858   0x0000012c   Code   RO          903    i.HAL_DAC_Start_DMA  stm32f1xx_hal_dac.o
    0x08002984   0x08002984   0x00000088   Code   RO          905    i.HAL_DAC_Stop_DMA  stm32f1xx_hal_dac.o
    0x08002a0c   0x08002a0c   0x00000046   Code   RO         1506    i.HAL_DMA_Abort     stm32f1xx_hal_dma.o
    0x08002a52   0x08002a52   0x00000002   PAD
    0x08002a54   0x08002a54   0x00000130   Code   RO         1507    i.HAL_DMA_Abort_IT  stm32f1xx_hal_dma.o
    0x08002b84   0x08002b84   0x00000248   Code   RO         1511    i.HAL_DMA_IRQHandler  stm32f1xx_hal_dma.o
    0x08002dcc   0x08002dcc   0x000001b0   Code   RO         1512    i.HAL_DMA_Init      stm32f1xx_hal_dma.o
    0x08002f7c   0x08002f7c   0x000000cc   Code   RO         1516    i.HAL_DMA_Start_IT  stm32f1xx_hal_dma.o
    0x08003048   0x08003048   0x0000034c   Code   RO         1442    i.HAL_GPIO_Init     stm32f1xx_hal_gpio.o
    0x08003394   0x08003394   0x00000058   Code   RO         1444    i.HAL_GPIO_ReadPin  stm32f1xx_hal_gpio.o
    0x080033ec   0x080033ec   0x00000060   Code   RO         1445    i.HAL_GPIO_TogglePin  stm32f1xx_hal_gpio.o
    0x0800344c   0x0800344c   0x0000006c   Code   RO         1446    i.HAL_GPIO_WritePin  stm32f1xx_hal_gpio.o
    0x080034b8   0x080034b8   0x0000000c   Code   RO         1136    i.HAL_GetTick       stm32f1xx_hal.o
    0x080034c4   0x080034c4   0x00000002   Code   RO         3775    i.HAL_I2S_ErrorCallback  stm32f1xx_hal_i2s.o
    0x080034c6   0x080034c6   0x000000b8   Code   RO         3778    i.HAL_I2S_IRQHandler  stm32f1xx_hal_i2s.o
    0x0800357e   0x0800357e   0x00000002   PAD
    0x08003580   0x08003580   0x000001e8   Code   RO         3779    i.HAL_I2S_Init      stm32f1xx_hal_i2s.o
    0x08003768   0x08003768   0x000000a0   Code   RO          808    i.HAL_I2S_MspInit   i2s.o
    0x08003808   0x08003808   0x00000002   Code   RO         3785    i.HAL_I2S_RxCpltCallback  stm32f1xx_hal_i2s.o
    0x0800380a   0x0800380a   0x00000002   Code   RO         3790    i.HAL_I2S_TxCpltCallback  stm32f1xx_hal_i2s.o
    0x0800380c   0x0800380c   0x00000010   Code   RO         1142    i.HAL_IncTick       stm32f1xx_hal.o
    0x0800381c   0x0800381c   0x00000024   Code   RO         1143    i.HAL_Init          stm32f1xx_hal.o
    0x08003840   0x08003840   0x0000008c   Code   RO          768    i.HAL_InitTick      stm32f1xx_hal_timebase_tim.o
    0x080038cc   0x080038cc   0x00000048   Code   RO          744    i.HAL_MspInit       stm32f1xx_hal_msp.o
    0x08003914   0x08003914   0x00000064   Code   RO         1602    i.HAL_NVIC_EnableIRQ  stm32f1xx_hal_cortex.o
    0x08003978   0x08003978   0x000000a0   Code   RO         1608    i.HAL_NVIC_SetPriority  stm32f1xx_hal_cortex.o
    0x08003a18   0x08003a18   0x00000080   Code   RO         1609    i.HAL_NVIC_SetPriorityGrouping  stm32f1xx_hal_cortex.o
    0x08003a98   0x08003a98   0x00000114   Code   RO         1403    i.HAL_RCCEx_GetPeriphCLKFreq  stm32f1xx_hal_rcc_ex.o
    0x08003bac   0x08003bac   0x0000022c   Code   RO         1300    i.HAL_RCC_ClockConfig  stm32f1xx_hal_rcc.o
    0x08003dd8   0x08003dd8   0x00000094   Code   RO         1304    i.HAL_RCC_GetClockConfig  stm32f1xx_hal_rcc.o
    0x08003e6c   0x08003e6c   0x00000020   Code   RO         1307    i.HAL_RCC_GetPCLK1Freq  stm32f1xx_hal_rcc.o
    0x08003e8c   0x08003e8c   0x00000020   Code   RO         1308    i.HAL_RCC_GetPCLK2Freq  stm32f1xx_hal_rcc.o
    0x08003eac   0x08003eac   0x0000004c   Code   RO         1309    i.HAL_RCC_GetSysClockFreq  stm32f1xx_hal_rcc.o
    0x08003ef8   0x08003ef8   0x0000048e   Code   RO         1312    i.HAL_RCC_OscConfig  stm32f1xx_hal_rcc.o
    0x08004386   0x08004386   0x00000002   PAD
    0x08004388   0x08004388   0x0000023c   Code   RO         2123    i.HAL_SPI_Init      stm32f1xx_hal_spi.o
    0x080045c4   0x080045c4   0x00000070   Code   RO          489    i.HAL_SPI_MspInit   spi.o
    0x08004634   0x08004634   0x00000002   Code   RO         3141    i.HAL_TIMEx_BreakCallback  stm32f1xx_hal_tim_ex.o
    0x08004636   0x08004636   0x00000002   Code   RO         3142    i.HAL_TIMEx_CommutCallback  stm32f1xx_hal_tim_ex.o
    0x08004638   0x08004638   0x0000013c   Code   RO         3160    i.HAL_TIMEx_MasterConfigSynchronization  stm32f1xx_hal_tim_ex.o
    0x08004774   0x08004774   0x0000014c   Code   RO         2436    i.HAL_TIM_Base_Init  stm32f1xx_hal_tim.o
    0x080048c0   0x080048c0   0x000000a0   Code   RO          531    i.HAL_TIM_Base_MspInit  tim.o
    0x08004960   0x08004960   0x000000e0   Code   RO         2439    i.HAL_TIM_Base_Start  stm32f1xx_hal_tim.o
    0x08004a40   0x08004a40   0x000000ec   Code   RO         2441    i.HAL_TIM_Base_Start_IT  stm32f1xx_hal_tim.o
    0x08004b2c   0x08004b2c   0x000000bc   Code   RO         2442    i.HAL_TIM_Base_Stop  stm32f1xx_hal_tim.o
    0x08004be8   0x08004be8   0x000003a0   Code   RO         2445    i.HAL_TIM_ConfigClockSource  stm32f1xx_hal_tim.o
    0x08004f88   0x08004f88   0x00000002   Code   RO         5908    i.HAL_TIM_IC_CaptureCallback  user_bsp_it.o
    0x08004f8a   0x08004f8a   0x00000166   Code   RO         2484    i.HAL_TIM_IRQHandler  stm32f1xx_hal_tim.o
    0x080050f0   0x080050f0   0x00000002   Code   RO         2487    i.HAL_TIM_OC_DelayElapsedCallback  stm32f1xx_hal_tim.o
    0x080050f2   0x080050f2   0x00000002   Code   RO         2514    i.HAL_TIM_PWM_PulseFinishedCallback  stm32f1xx_hal_tim.o
    0x080050f4   0x080050f4   0x00000020   Code   RO           14    i.HAL_TIM_PeriodElapsedCallback  main.o
    0x08005114   0x08005114   0x00000002   Code   RO         2527    i.HAL_TIM_TriggerCallback  stm32f1xx_hal_tim.o
    0x08005116   0x08005116   0x00000002   Code   RO         3420    i.HAL_UARTEx_RxEventCallback  stm32f1xx_hal_uart.o
    0x08005118   0x08005118   0x00000070   Code   RO         3432    i.HAL_UART_DMAStop  stm32f1xx_hal_uart.o
    0x08005188   0x08005188   0x00000002   Code   RO         3434    i.HAL_UART_ErrorCallback  stm32f1xx_hal_uart.o
    0x0800518a   0x0800518a   0x00000002   PAD
    0x0800518c   0x0800518c   0x0000026c   Code   RO         3437    i.HAL_UART_IRQHandler  stm32f1xx_hal_uart.o
    0x080053f8   0x080053f8   0x0000012c   Code   RO         3438    i.HAL_UART_Init     stm32f1xx_hal_uart.o
    0x08005524   0x08005524   0x000000b0   Code   RO          591    i.HAL_UART_MspInit  usart.o
    0x080055d4   0x080055d4   0x0000001c   Code   RO         3442    i.HAL_UART_Receive_DMA  stm32f1xx_hal_uart.o
    0x080055f0   0x080055f0   0x00000002   Code   RO         3444    i.HAL_UART_RxCpltCallback  stm32f1xx_hal_uart.o
    0x080055f2   0x080055f2   0x00000002   Code   RO         3445    i.HAL_UART_RxHalfCpltCallback  stm32f1xx_hal_uart.o
    0x080055f4   0x080055f4   0x0000009a   Code   RO         3446    i.HAL_UART_Transmit  stm32f1xx_hal_uart.o
    0x0800568e   0x0800568e   0x00000002   Code   RO         3449    i.HAL_UART_TxCpltCallback  stm32f1xx_hal_uart.o
    0x08005690   0x08005690   0x00000002   Code   RO          637    i.HardFault_Handler  stm32f1xx_it.o
    0x08005692   0x08005692   0x00000002   PAD
    0x08005694   0x08005694   0x00000014   Code   RO         5971    i.ILI9341_BackLed_Control  bsp_ili9341_lcd.o
    0x080056a8   0x080056a8   0x00000020   Code   RO         5972    i.ILI9341_Clear     bsp_ili9341_lcd.o
    0x080056c8   0x080056c8   0x00000010   Code   RO         5973    i.ILI9341_Delay     bsp_ili9341_lcd.o
    0x080056d8   0x080056d8   0x0000006c   Code   RO         5974    i.ILI9341_DispChar_EN  bsp_ili9341_lcd.o
    0x08005744   0x08005744   0x00000050   Code   RO         5975    i.ILI9341_DispStringLine_EN  bsp_ili9341_lcd.o
    0x08005794   0x08005794   0x0000001e   Code   RO         5981    i.ILI9341_FillColor  bsp_ili9341_lcd.o
    0x080057b2   0x080057b2   0x00000002   PAD
    0x080057b4   0x080057b4   0x000000c4   Code   RO         5982    i.ILI9341_GPIO_Config  bsp_ili9341_lcd.o
    0x08005878   0x08005878   0x000000ac   Code   RO         5984    i.ILI9341_GramScan  bsp_ili9341_lcd.o
    0x08005924   0x08005924   0x00000020   Code   RO         5985    i.ILI9341_Init      bsp_ili9341_lcd.o
    0x08005944   0x08005944   0x00000058   Code   RO         5986    i.ILI9341_OpenWindow  bsp_ili9341_lcd.o
    0x0800599c   0x0800599c   0x000004fc   Code   RO         5987    i.ILI9341_REG_Config  bsp_ili9341_lcd.o
    0x08005e98   0x08005e98   0x00000052   Code   RO         5988    i.ILI9341_ReadID    bsp_ili9341_lcd.o
    0x08005eea   0x08005eea   0x00000002   PAD
    0x08005eec   0x08005eec   0x0000004c   Code   RO         6151    i.ILI9341_Read_Data  bsp_ili9341_lcd.o
    0x08005f38   0x08005f38   0x00000024   Code   RO         6139    i.ILI9341_Write_Cmd  bsp_ili9341_lcd.o
    0x08005f5c   0x08005f5c   0x00000024   Code   RO         6145    i.ILI9341_Write_Data  bsp_ili9341_lcd.o
    0x08005f80   0x08005f80   0x00000054   Code   RO         5844    i.Key_Run_Task      user_bsp_handler.o
    0x08005fd4   0x08005fd4   0x0000008c   Code   RO         5845    i.Key_Scan_Task     user_bsp_handler.o
    0x08006060   0x08006060   0x0000000c   Code   RO         5993    i.LCD_GetFont       bsp_ili9341_lcd.o
    0x0800606c   0x0800606c   0x0000000c   Code   RO         5995    i.LCD_SetColors     bsp_ili9341_lcd.o
    0x08006078   0x08006078   0x0000000c   Code   RO         5996    i.LCD_SetFont       bsp_ili9341_lcd.o
    0x08006084   0x08006084   0x0000003c   Code   RO          424    i.MX_DAC_Init       dac.o
    0x080060c0   0x080060c0   0x0000005c   Code   RO          464    i.MX_DMA_Init       dma.o
    0x0800611c   0x0800611c   0x000000d8   Code   RO         6538    i.MX_FATFS_Init     fatfs.o
    0x080061f4   0x080061f4   0x00000058   Code   RO          312    i.MX_FREERTOS_Init  freertos.o
    0x0800624c   0x0800624c   0x000000b8   Code   RO          286    i.MX_GPIO_Init      gpio.o
    0x08006304   0x08006304   0x00000038   Code   RO          809    i.MX_I2S2_Init      i2s.o
    0x0800633c   0x0800633c   0x00000048   Code   RO          490    i.MX_SPI1_Init      spi.o
    0x08006384   0x08006384   0x00000064   Code   RO          532    i.MX_TIM2_Init      tim.o
    0x080063e8   0x080063e8   0x00000068   Code   RO          533    i.MX_TIM4_Init      tim.o
    0x08006450   0x08006450   0x00000044   Code   RO          534    i.MX_TIM6_Init      tim.o
    0x08006494   0x08006494   0x00000044   Code   RO          535    i.MX_TIM7_Init      tim.o
    0x080064d8   0x080064d8   0x00000038   Code   RO          592    i.MX_USART1_UART_Init  usart.o
    0x08006510   0x08006510   0x00000002   Code   RO          638    i.MemManage_Handler  stm32f1xx_it.o
    0x08006512   0x08006512   0x00000002   PAD
    0x08006514   0x08006514   0x00000048   Code   RO         6200    i.MicList_ShowAll_Func  gui.o
    0x0800655c   0x0800655c   0x00000110   Code   RO         6201    i.MicList_Update    gui.o
    0x0800666c   0x0800666c   0x00000004   Code   RO         6202    i.MicList_destroy_Func  gui.o
    0x08006670   0x08006670   0x00000084   Code   RO         6203    i.MicList_reinit    gui.o
    0x080066f4   0x080066f4   0x000000b4   Code   RO         6204    i.MusicList_MovePointer  gui.o
    0x080067a8   0x080067a8   0x00000002   Code   RO          639    i.NMI_Handler       stm32f1xx_it.o
    0x080067aa   0x080067aa   0x00000002   Code   RO          313    i.PostSleepProcessing  freertos.o
    0x080067ac   0x080067ac   0x00000002   Code   RO          314    i.PreSleepProcessing  freertos.o
    0x080067ae   0x080067ae   0x00000002   PAD
    0x080067b0   0x080067b0   0x00000254   Code   RO         6539    i.Printf_FATFS_Error  fatfs.o
    0x08006a04   0x08006a04   0x000000fc   Code   RO         5639    i.SD_GetCIDRegister  bsp_spi_sdcard.o
    0x08006b00   0x08006b00   0x000001c8   Code   RO         5640    i.SD_GetCSDRegister  bsp_spi_sdcard.o
    0x08006cc8   0x08006cc8   0x00000078   Code   RO         5641    i.SD_GetCardInfo    bsp_spi_sdcard.o
    0x08006d40   0x08006d40   0x00000128   Code   RO         5642    i.SD_GetCardType    bsp_spi_sdcard.o
    0x08006e68   0x08006e68   0x00000032   Code   RO         5643    i.SD_GetDataResponse  bsp_spi_sdcard.o
    0x08006e9a   0x08006e9a   0x00000024   Code   RO         5644    i.SD_GetResponse    bsp_spi_sdcard.o
    0x08006ebe   0x08006ebe   0x00000002   PAD
    0x08006ec0   0x08006ec0   0x00000034   Code   RO         5646    i.SD_GoIdleState    bsp_spi_sdcard.o
    0x08006ef4   0x08006ef4   0x00000044   Code   RO         5647    i.SD_Init           bsp_spi_sdcard.o
    0x08006f38   0x08006f38   0x00000078   Code   RO         5648    i.SD_ReadBlock      bsp_spi_sdcard.o
    0x08006fb0   0x08006fb0   0x00000024   Code   RO         5649    i.SD_ReadByte       bsp_spi_sdcard.o
    0x08006fd4   0x08006fd4   0x000000a4   Code   RO         5650    i.SD_ReadMultiBlocks  bsp_spi_sdcard.o
    0x08007078   0x08007078   0x00000036   Code   RO         5651    i.SD_SendCmd        bsp_spi_sdcard.o
    0x080070ae   0x080070ae   0x00000002   PAD
    0x080070b0   0x080070b0   0x00000024   Code   RO         5653    i.SD_WriteByte      bsp_spi_sdcard.o
    0x080070d4   0x080070d4   0x000000a8   Code   RO         5654    i.SD_WriteMultiBlocks  bsp_spi_sdcard.o
    0x0800717c   0x0800717c   0x0000000c   Code   RO          640    i.SPI2_IRQHandler   stm32f1xx_it.o
    0x08007188   0x08007188   0x00000028   Code   RO         5846    i.SoftReset         user_bsp_handler.o
    0x080071b0   0x080071b0   0x000000d4   Code   RO         6324    i.Start_Wav         au_os.o
    0x08007284   0x08007284   0x0000002c   Code   RO         5552    i.SysTick_Handler   port.o
    0x080072b0   0x080072b0   0x000000e8   Code   RO          315    i.Sys_Init_Task     freertos.o
    0x08007398   0x08007398   0x00000058   Code   RO           15    i.SystemClock_Config  main.o
    0x080073f0   0x080073f0   0x00000002   Code   RO         3946    i.SystemInit        system_stm32f1xx.o
    0x080073f2   0x080073f2   0x00000002   PAD
    0x080073f4   0x080073f4   0x00000064   Code   RO         5769    i.System_Init       user_bsp.o
    0x08007458   0x08007458   0x0000000c   Code   RO          641    i.TIM1_UP_IRQHandler  stm32f1xx_it.o
    0x08007464   0x08007464   0x0000000c   Code   RO          642    i.TIM2_IRQHandler   stm32f1xx_it.o
    0x08007470   0x08007470   0x0000000c   Code   RO          643    i.TIM6_IRQHandler   stm32f1xx_it.o
    0x0800747c   0x0800747c   0x0000000c   Code   RO          644    i.TIM7_IRQHandler   stm32f1xx_it.o
    0x08007488   0x08007488   0x0000008c   Code   RO         2529    i.TIM_Base_SetConfig  stm32f1xx_hal_tim.o
    0x08007514   0x08007514   0x00000014   Code   RO         2540    i.TIM_ETR_SetConfig  stm32f1xx_hal_tim.o
    0x08007528   0x08007528   0x00000010   Code   RO         2541    i.TIM_ITRx_SetConfig  stm32f1xx_hal_tim.o
    0x08007538   0x08007538   0x00000022   Code   RO         2547    i.TIM_TI1_ConfigInputStage  stm32f1xx_hal_tim.o
    0x0800755a   0x0800755a   0x00000024   Code   RO         2549    i.TIM_TI2_ConfigInputStage  stm32f1xx_hal_tim.o
    0x0800757e   0x0800757e   0x00000002   PAD
    0x08007580   0x08007580   0x0000001c   Code   RO         5770    i.Tim_Init          user_bsp.o
    0x0800759c   0x0800759c   0x00000010   Code   RO         3451    i.UART_DMAAbortOnError  stm32f1xx_hal_uart.o
    0x080075ac   0x080075ac   0x0000004a   Code   RO         3452    i.UART_DMAError     stm32f1xx_hal_uart.o
    0x080075f6   0x080075f6   0x00000086   Code   RO         3453    i.UART_DMAReceiveCplt  stm32f1xx_hal_uart.o
    0x0800767c   0x0800767c   0x0000001e   Code   RO         3455    i.UART_DMARxHalfCplt  stm32f1xx_hal_uart.o
    0x0800769a   0x0800769a   0x0000004e   Code   RO         3461    i.UART_EndRxTransfer  stm32f1xx_hal_uart.o
    0x080076e8   0x080076e8   0x0000001c   Code   RO         3462    i.UART_EndTxTransfer  stm32f1xx_hal_uart.o
    0x08007704   0x08007704   0x000000c2   Code   RO         3463    i.UART_Receive_IT   stm32f1xx_hal_uart.o
    0x080077c6   0x080077c6   0x00000002   PAD
    0x080077c8   0x080077c8   0x0000014c   Code   RO         3464    i.UART_SetConfig    stm32f1xx_hal_uart.o
    0x08007914   0x08007914   0x00000090   Code   RO         3465    i.UART_Start_Receive_DMA  stm32f1xx_hal_uart.o
    0x080079a4   0x080079a4   0x00000078   Code   RO         3467    i.UART_WaitOnFlagUntilTimeout  stm32f1xx_hal_uart.o
    0x08007a1c   0x08007a1c   0x00000018   Code   RO          645    i.USART1_IRQHandler  stm32f1xx_it.o
    0x08007a34   0x08007a34   0x00000038   Code   RO         5771    i.USART_SendData    user_bsp.o
    0x08007a6c   0x08007a6c   0x00000024   Code   RO         5909    i.USER_TIM_PeriodElapsedCallback  user_bsp_it.o
    0x08007a90   0x08007a90   0x00000028   Code   RO         6486    i.USER_initialize   user_diskio.o
    0x08007ab8   0x08007ab8   0x00000040   Code   RO         6487    i.USER_ioctl        user_diskio.o
    0x08007af8   0x08007af8   0x0000003e   Code   RO         6488    i.USER_read         user_diskio.o
    0x08007b36   0x08007b36   0x00000002   PAD
    0x08007b38   0x08007b38   0x00000014   Code   RO         6489    i.USER_status       user_diskio.o
    0x08007b4c   0x08007b4c   0x00000030   Code   RO         6490    i.USER_write        user_diskio.o
    0x08007b7c   0x08007b7c   0x00000020   Code   RO         5772    i.Uart1_Init        user_bsp.o
    0x08007b9c   0x08007b9c   0x00000088   Code   RO         5910    i.Uart1_Reve_Callback  user_bsp_it.o
    0x08007c24   0x08007c24   0x000001fc   Code   RO         5847    i.Uart1_Scan_Task   user_bsp_handler.o
    0x08007e20   0x08007e20   0x00000010   Code   RO         5773    i.Uart_Strcmp       user_bsp.o
    0x08007e30   0x08007e30   0x00000002   Code   RO          646    i.UsageFault_Handler  stm32f1xx_it.o
    0x08007e32   0x08007e32   0x00000002   PAD
    0x08007e34   0x08007e34   0x00000204   Code   RO         6277    i.WAV_Format_parsing  au_decode.o
    0x08008038   0x08008038   0x00000160   Code   RO         6325    i.Wav_OpenFile      au_os.o
    0x08008198   0x08008198   0x00000234   Code   RO         6326    i.Wav_Player        au_os.o
    0x080083cc   0x080083cc   0x000001c8   Code   RO         6327    i.Wav_Player_Init   au_os.o
    0x08008594   0x08008594   0x00000058   Code   RO         6278    i.Wav_Process_DualTrack  au_decode.o
    0x080085ec   0x080085ec   0x00000134   Code   RO         6328    i.Wav_Task          au_os.o
    0x08008720   0x08008720   0x00000028   Code   RO         7608    i.__ARM_fpclassify  m_ws.l(fpclassify.o)
    0x08008748   0x08008748   0x00000020   Code   RO         1615    i.__NVIC_SetPriority  stm32f1xx_hal_cortex.o
    0x08008768   0x08008768   0x0000000e   Code   RO         7216    i._is_digit         c_w.l(__printf_wp.o)
    0x08008776   0x08008776   0x00000002   PAD
    0x08008778   0x08008778   0x00000040   Code   RO           16    i.assert_failed     main.o
    0x080087b8   0x080087b8   0x00000078   Code   RO         6637    i.check_fs          ff.o
    0x08008830   0x08008830   0x00000010   Code   RO         6638    i.chk_chr           ff.o
    0x08008840   0x08008840   0x0000006c   Code   RO         6639    i.chk_lock          ff.o
    0x080088ac   0x080088ac   0x00000024   Code   RO         6640    i.clear_lock        ff.o
    0x080088d0   0x080088d0   0x0000002a   Code   RO         6641    i.clmt_clust        ff.o
    0x080088fa   0x080088fa   0x0000001e   Code   RO         6642    i.clust2sect        ff.o
    0x08008918   0x08008918   0x00000018   Code   RO          316    i.configureTimerForRunTimeStats  freertos.o
    0x08008930   0x08008930   0x000000b0   Code   RO         6643    i.create_chain      ff.o
    0x080089e0   0x080089e0   0x00000204   Code   RO         6644    i.create_name       ff.o
    0x08008be4   0x08008be4   0x0000003c   Code   RO         6645    i.dec_lock          ff.o
    0x08008c20   0x08008c20   0x00000144   Code   RO         6646    i.dir_find          ff.o
    0x08008d64   0x08008d64   0x0000011e   Code   RO         6647    i.dir_next          ff.o
    0x08008e82   0x08008e82   0x00000002   PAD
    0x08008e84   0x08008e84   0x00000108   Code   RO         6648    i.dir_read          ff.o
    0x08008f8c   0x08008f8c   0x000001d0   Code   RO         6649    i.dir_register      ff.o
    0x0800915c   0x0800915c   0x00000098   Code   RO         6651    i.dir_sdi           ff.o
    0x080091f4   0x080091f4   0x00000028   Code   RO         6582    i.disk_initialize   diskio.o
    0x0800921c   0x0800921c   0x0000001c   Code   RO         6583    i.disk_ioctl        diskio.o
    0x08009238   0x08009238   0x0000001c   Code   RO         6584    i.disk_read         diskio.o
    0x08009254   0x08009254   0x00000018   Code   RO         6585    i.disk_status       diskio.o
    0x0800926c   0x0800926c   0x0000001c   Code   RO         6586    i.disk_write        diskio.o
    0x08009288   0x08009288   0x00000030   Code   RO         4540    i.eTaskConfirmSleepModeStatus  tasks.o
    0x080092b8   0x080092b8   0x00000068   Code   RO         4541    i.eTaskGetState     tasks.o
    0x08009320   0x08009320   0x00000036   Code   RO         6653    i.f_close           ff.o
    0x08009356   0x08009356   0x00000030   Code   RO         6654    i.f_closedir        ff.o
    0x08009386   0x08009386   0x00000002   PAD
    0x08009388   0x08009388   0x000002ac   Code   RO         6657    i.f_lseek           ff.o
    0x08009634   0x08009634   0x00000084   Code   RO         6660    i.f_mount           ff.o
    0x080096b8   0x080096b8   0x000001ec   Code   RO         6661    i.f_open            ff.o
    0x080098a4   0x080098a4   0x000000c2   Code   RO         6662    i.f_opendir         ff.o
    0x08009966   0x08009966   0x00000002   PAD
    0x08009968   0x08009968   0x000001d2   Code   RO         6666    i.f_read            ff.o
    0x08009b3a   0x08009b3a   0x0000008e   Code   RO         6667    i.f_readdir         ff.o
    0x08009bc8   0x08009bc8   0x000000d2   Code   RO         6670    i.f_sync            ff.o
    0x08009c9a   0x08009c9a   0x00000002   PAD
    0x08009c9c   0x08009c9c   0x00000038   Code   RO         7091    i.ff_convert        ccsbcs.o
    0x08009cd4   0x08009cd4   0x00000014   Code   RO         7031    i.ff_cre_syncobj    syscall.o
    0x08009ce8   0x08009ce8   0x0000000a   Code   RO         7032    i.ff_del_syncobj    syscall.o
    0x08009cf2   0x08009cf2   0x00000004   Code   RO         7033    i.ff_memalloc       syscall.o
    0x08009cf6   0x08009cf6   0x00000004   Code   RO         7034    i.ff_memfree        syscall.o
    0x08009cfa   0x08009cfa   0x0000000a   Code   RO         7035    i.ff_rel_grant      syscall.o
    0x08009d04   0x08009d04   0x00000012   Code   RO         7036    i.ff_req_grant      syscall.o
    0x08009d16   0x08009d16   0x00000002   PAD
    0x08009d18   0x08009d18   0x00000024   Code   RO         7092    i.ff_wtoupper       ccsbcs.o
    0x08009d3c   0x08009d3c   0x000002dc   Code   RO         6675    i.find_volume       ff.o
    0x0800a018   0x0800a018   0x00000072   Code   RO         6676    i.follow_path       ff.o
    0x0800a08a   0x0800a08a   0x00000002   PAD
    0x0800a08c   0x0800a08c   0x00000080   Code   RO         6677    i.gen_numname       ff.o
    0x0800a10c   0x0800a10c   0x0000000c   Code   RO          317    i.getRunTimeCounterValue  freertos.o
    0x0800a118   0x0800a118   0x000000cc   Code   RO         6678    i.get_fat           ff.o
    0x0800a1e4   0x0800a1e4   0x00000004   Code   RO         6540    i.get_fattime       fatfs.o
    0x0800a1e8   0x0800a1e8   0x000000ce   Code   RO         6679    i.get_fileinfo      ff.o
    0x0800a2b6   0x0800a2b6   0x0000003c   Code   RO         6680    i.get_ldnumber      ff.o
    0x0800a2f2   0x0800a2f2   0x00000002   PAD
    0x0800a2f4   0x0800a2f4   0x000000a0   Code   RO         6681    i.inc_lock          ff.o
    0x0800a394   0x0800a394   0x0000000c   Code   RO         6385    i.is_empty          my_list.o
    0x0800a3a0   0x0800a3a0   0x00000014   Code   RO         6682    i.ld_clust          ff.o
    0x0800a3b4   0x0800a3b4   0x00000032   Code   RO         6387    i.list_destroy      my_list.o
    0x0800a3e6   0x0800a3e6   0x0000001e   Code   RO         6388    i.list_get_element  my_list.o
    0x0800a404   0x0800a404   0x0000000a   Code   RO         6390    i.list_init         my_list.o
    0x0800a40e   0x0800a40e   0x00000026   Code   RO         6393    i.list_insert_at_tail  my_list.o
    0x0800a434   0x0800a434   0x0000001a   Code   RO         6397    i.list_traverse     my_list.o
    0x0800a44e   0x0800a44e   0x00000008   Code   RO         6683    i.lock_fs           ff.o
    0x0800a456   0x0800a456   0x00000042   Code   RO           17    i.main              main.o
    0x0800a498   0x0800a498   0x00000018   Code   RO         6398    i.make_node         my_list.o
    0x0800a4b0   0x0800a4b0   0x00000012   Code   RO         6684    i.mem_cpy           ff.o
    0x0800a4c2   0x0800a4c2   0x0000000e   Code   RO         6685    i.mem_set           ff.o
    0x0800a4d0   0x0800a4d0   0x00000036   Code   RO         6686    i.move_window       ff.o
    0x0800a506   0x0800a506   0x00000042   Code   RO         6279    i.my_strnstr_kmp    au_decode.o
    0x0800a548   0x0800a548   0x00000038   Code   RO         5098    i.osKernelInitialize  cmsis_os2.o
    0x0800a580   0x0800a580   0x00000040   Code   RO         5101    i.osKernelStart     cmsis_os2.o
    0x0800a5c0   0x0800a5c0   0x000000a4   Code   RO         5135    i.osThreadNew       cmsis_os2.o
    0x0800a664   0x0800a664   0x0000005c   Code   RO         4543    i.prvAddCurrentTaskToDelayedList  tasks.o
    0x0800a6c0   0x0800a6c0   0x000000d0   Code   RO         4544    i.prvAddNewTaskToReadyList  tasks.o
    0x0800a790   0x0800a790   0x00000058   Code   RO         4930    i.prvCheckForValidListAndQueue  timers.o
    0x0800a7e8   0x0800a7e8   0x00000026   Code   RO         4148    i.prvCopyDataFromQueue  queue.o
    0x0800a80e   0x0800a80e   0x0000006c   Code   RO         4149    i.prvCopyDataToQueue  queue.o
    0x0800a87a   0x0800a87a   0x00000034   Code   RO         4545    i.prvDeleteTCB      tasks.o
    0x0800a8ae   0x0800a8ae   0x00000002   PAD
    0x0800a8b0   0x0800a8b0   0x00000030   Code   RO         4546    i.prvGetExpectedIdleTime  tasks.o
    0x0800a8e0   0x0800a8e0   0x0000004c   Code   RO         5502    i.prvHeapInit       heap_4.o
    0x0800a92c   0x0800a92c   0x00000090   Code   RO         4547    i.prvIdleTask       tasks.o
    0x0800a9bc   0x0800a9bc   0x00000016   Code   RO         4150    i.prvInitialiseMutex  queue.o
    0x0800a9d2   0x0800a9d2   0x00000002   PAD
    0x0800a9d4   0x0800a9d4   0x00000022   Code   RO         4151    i.prvInitialiseNewQueue  queue.o
    0x0800a9f6   0x0800a9f6   0x0000009e   Code   RO         4548    i.prvInitialiseNewTask  tasks.o
    0x0800aa94   0x0800aa94   0x0000004c   Code   RO         5503    i.prvInsertBlockIntoFreeList  heap_4.o
    0x0800aae0   0x0800aae0   0x00000038   Code   RO         4932    i.prvInsertTimerInActiveList  timers.o
    0x0800ab18   0x0800ab18   0x0000001c   Code   RO         4152    i.prvIsQueueEmpty   queue.o
    0x0800ab34   0x0800ab34   0x00000058   Code   RO         4549    i.prvListTasksWithinSingleList  tasks.o
    0x0800ab8c   0x0800ab8c   0x000000cc   Code   RO         4933    i.prvProcessReceivedCommands  timers.o
    0x0800ac58   0x0800ac58   0x000000b4   Code   RO         4934    i.prvProcessTimerOrBlockTask  timers.o
    0x0800ad0c   0x0800ad0c   0x00000020   Code   RO         4550    i.prvResetNextTaskUnblockTime  tasks.o
    0x0800ad2c   0x0800ad2c   0x00000028   Code   RO         4935    i.prvSampleTimeNow  timers.o
    0x0800ad54   0x0800ad54   0x0000006c   Code   RO         4936    i.prvSwitchTimerLists  timers.o
    0x0800adc0   0x0800adc0   0x00000014   Code   RO         4551    i.prvTaskCheckFreeStackSpace  tasks.o
    0x0800add4   0x0800add4   0x00000028   Code   RO         5553    i.prvTaskExitError  port.o
    0x0800adfc   0x0800adfc   0x00000014   Code   RO         3989    i.prvTestWaitCondition  event_groups.o
    0x0800ae10   0x0800ae10   0x00000024   Code   RO         4937    i.prvTimerTask      timers.o
    0x0800ae34   0x0800ae34   0x0000006a   Code   RO         4153    i.prvUnlockQueue    queue.o
    0x0800ae9e   0x0800ae9e   0x00000022   Code   RO         4553    i.prvWriteNameToBuffer  tasks.o
    0x0800aec0   0x0800aec0   0x000000f6   Code   RO         6687    i.put_fat           ff.o
    0x0800afb6   0x0800afb6   0x00000002   PAD
    0x0800afb8   0x0800afb8   0x000000d8   Code   RO         5504    i.pvPortMalloc      heap_4.o
    0x0800b090   0x0800b090   0x00000018   Code   RO         4554    i.pvTaskIncrementMutexHeldCount  tasks.o
    0x0800b0a8   0x0800b0a8   0x00000024   Code   RO         5554    i.pxPortInitialiseStack  port.o
    0x0800b0cc   0x0800b0cc   0x0000006e   Code   RO         6689    i.remove_chain      ff.o
    0x0800b13a   0x0800b13a   0x00000010   Code   RO         6690    i.st_clust          ff.o
    0x0800b14a   0x0800b14a   0x0000001a   Code   RO         6691    i.sum_sfn           ff.o
    0x0800b164   0x0800b164   0x000000b6   Code   RO         6692    i.sync_fs           ff.o
    0x0800b21a   0x0800b21a   0x00000060   Code   RO         6693    i.sync_window       ff.o
    0x0800b27a   0x0800b27a   0x00000002   PAD
    0x0800b27c   0x0800b27c   0x00000068   Code   RO         4555    i.ulTaskNotifyTake  tasks.o
    0x0800b2e4   0x0800b2e4   0x0000001e   Code   RO         6694    i.unlock_fs         ff.o
    0x0800b302   0x0800b302   0x00000026   Code   RO         4108    i.uxListRemove      list.o
    0x0800b328   0x0800b328   0x000000ac   Code   RO         4558    i.uxTaskGetSystemState  tasks.o
    0x0800b3d4   0x0800b3d4   0x00000018   Code   RO         4562    i.uxTaskResetEventItemValue  tasks.o
    0x0800b3ec   0x0800b3ec   0x00000014   Code   RO         5147    i.vApplicationGetIdleTaskMemory  cmsis_os2.o
    0x0800b400   0x0800b400   0x00000014   Code   RO         5148    i.vApplicationGetTimerTaskMemory  cmsis_os2.o
    0x0800b414   0x0800b414   0x00000016   Code   RO         4109    i.vListInitialise   list.o
    0x0800b42a   0x0800b42a   0x00000006   Code   RO         4110    i.vListInitialiseItem  list.o
    0x0800b430   0x0800b430   0x00000030   Code   RO         4111    i.vListInsert       list.o
    0x0800b460   0x0800b460   0x00000018   Code   RO         4112    i.vListInsertEnd    list.o
    0x0800b478   0x0800b478   0x00000040   Code   RO         5556    i.vPortEnterCritical  port.o
    0x0800b4b8   0x0800b4b8   0x00000028   Code   RO         5557    i.vPortExitCritical  port.o
    0x0800b4e0   0x0800b4e0   0x0000005c   Code   RO         5505    i.vPortFree         heap_4.o
    0x0800b53c   0x0800b53c   0x00000048   Code   RO         5558    i.vPortSetupTimerInterrupt  port.o
    0x0800b584   0x0800b584   0x000000ec   Code   RO         5559    i.vPortSuppressTicksAndSleep  port.o
    0x0800b670   0x0800b670   0x00000054   Code   RO         5560    i.vPortValidateInterruptPriority  port.o
    0x0800b6c4   0x0800b6c4   0x00000028   Code   RO         4159    i.vQueueAddToRegistry  queue.o
    0x0800b6ec   0x0800b6ec   0x0000002e   Code   RO         4160    i.vQueueDelete      queue.o
    0x0800b71a   0x0800b71a   0x00000002   PAD
    0x0800b71c   0x0800b71c   0x00000028   Code   RO         4162    i.vQueueUnregisterQueue  queue.o
    0x0800b744   0x0800b744   0x00000044   Code   RO         4163    i.vQueueWaitForMessageRestricted  queue.o
    0x0800b788   0x0800b788   0x0000004c   Code   RO         4563    i.vTaskDelay        tasks.o
    0x0800b7d4   0x0800b7d4   0x00000090   Code   RO         4565    i.vTaskDelete       tasks.o
    0x0800b864   0x0800b864   0x00000078   Code   RO         4567    i.vTaskGetInfo      tasks.o
    0x0800b8dc   0x0800b8dc   0x000000b4   Code   RO         4568    i.vTaskGetRunTimeStats  tasks.o
    0x0800b990   0x0800b990   0x00000010   Code   RO         4569    i.vTaskInternalSetTimeOutState  tasks.o
    0x0800b9a0   0x0800b9a0   0x000000c0   Code   RO         4570    i.vTaskList         tasks.o
    0x0800ba60   0x0800ba60   0x0000000c   Code   RO         4571    i.vTaskMissedYield  tasks.o
    0x0800ba6c   0x0800ba6c   0x000000b0   Code   RO         4572    i.vTaskNotifyGiveFromISR  tasks.o
    0x0800bb1c   0x0800bb1c   0x00000030   Code   RO         4573    i.vTaskPlaceOnEventList  tasks.o
    0x0800bb4c   0x0800bb4c   0x00000038   Code   RO         4574    i.vTaskPlaceOnEventListRestricted  tasks.o
    0x0800bb84   0x0800bb84   0x00000050   Code   RO         4575    i.vTaskPlaceOnUnorderedEventList  tasks.o
    0x0800bbd4   0x0800bbd4   0x00000090   Code   RO         4576    i.vTaskPriorityDisinheritAfterTimeout  tasks.o
    0x0800bc64   0x0800bc64   0x00000070   Code   RO         4578    i.vTaskRemoveFromUnorderedEventList  tasks.o
    0x0800bcd4   0x0800bcd4   0x0000008c   Code   RO         4582    i.vTaskStartScheduler  tasks.o
    0x0800bd60   0x0800bd60   0x00000028   Code   RO         4583    i.vTaskStepTick     tasks.o
    0x0800bd88   0x0800bd88   0x00000010   Code   RO         4585    i.vTaskSuspendAll   tasks.o
    0x0800bd98   0x0800bd98   0x0000007c   Code   RO         4586    i.vTaskSwitchContext  tasks.o
    0x0800be14   0x0800be14   0x00000040   Code   RO         6695    i.validate          ff.o
    0x0800be54   0x0800be54   0x0000001c   Code   RO         3997    i.xEventGroupCreate  event_groups.o
    0x0800be70   0x0800be70   0x0000008c   Code   RO         4000    i.xEventGroupSetBits  event_groups.o
    0x0800befc   0x0800befc   0x00000108   Code   RO         4003    i.xEventGroupWaitBits  event_groups.o
    0x0800c004   0x0800c004   0x000000a8   Code   RO         5561    i.xPortStartScheduler  port.o
    0x0800c0ac   0x0800c0ac   0x00000016   Code   RO         4166    i.xQueueCreateMutex  queue.o
    0x0800c0c2   0x0800c0c2   0x00000048   Code   RO         4168    i.xQueueGenericCreate  queue.o
    0x0800c10a   0x0800c10a   0x00000066   Code   RO         4169    i.xQueueGenericCreateStatic  queue.o
    0x0800c170   0x0800c170   0x00000088   Code   RO         4170    i.xQueueGenericReset  queue.o
    0x0800c1f8   0x0800c1f8   0x00000160   Code   RO         4171    i.xQueueGenericSend  queue.o
    0x0800c358   0x0800c358   0x000000bc   Code   RO         4172    i.xQueueGenericSendFromISR  queue.o
    0x0800c414   0x0800c414   0x00000138   Code   RO         4181    i.xQueueReceive     queue.o
    0x0800c54c   0x0800c54c   0x00000178   Code   RO         4183    i.xQueueSemaphoreTake  queue.o
    0x0800c6c4   0x0800c6c4   0x00000074   Code   RO         4587    i.xTaskCheckForTimeOut  tasks.o
    0x0800c738   0x0800c738   0x0000005a   Code   RO         4588    i.xTaskCreate       tasks.o
    0x0800c792   0x0800c792   0x00000056   Code   RO         4589    i.xTaskCreateStatic  tasks.o
    0x0800c7e8   0x0800c7e8   0x000000cc   Code   RO         4590    i.xTaskGenericNotify  tasks.o
    0x0800c8b4   0x0800c8b4   0x000000ec   Code   RO         4591    i.xTaskGenericNotifyFromISR  tasks.o
    0x0800c9a0   0x0800c9a0   0x0000001c   Code   RO         4593    i.xTaskGetSchedulerState  tasks.o
    0x0800c9bc   0x0800c9bc   0x0000000c   Code   RO         4594    i.xTaskGetTickCount  tasks.o
    0x0800c9c8   0x0800c9c8   0x000000c8   Code   RO         4596    i.xTaskIncrementTick  tasks.o
    0x0800ca90   0x0800ca90   0x0000008c   Code   RO         4598    i.xTaskNotifyWait   tasks.o
    0x0800cb1c   0x0800cb1c   0x00000080   Code   RO         4599    i.xTaskPriorityDisinherit  tasks.o
    0x0800cb9c   0x0800cb9c   0x00000078   Code   RO         4600    i.xTaskPriorityInherit  tasks.o
    0x0800cc14   0x0800cc14   0x00000074   Code   RO         4601    i.xTaskRemoveFromEventList  tasks.o
    0x0800cc88   0x0800cc88   0x000000c4   Code   RO         4602    i.xTaskResumeAll    tasks.o
    0x0800cd4c   0x0800cd4c   0x00000060   Code   RO         4944    i.xTimerCreateTimerTask  timers.o
    0x0800cdac   0x0800cdac   0x00000068   Code   RO         4945    i.xTimerGenericCommand  timers.o
    0x0800ce14   0x0800ce14   0x0000002c   Code   RO         7557    locale$$code        c_w.l(lc_numeric_c.o)
    0x0800ce40   0x0800ce40   0x0000002c   Code   RO         7629    locale$$code        c_w.l(lc_ctype_c.o)
    0x0800ce6c   0x0800ce6c   0x00000004   Code   RO         7415    x$fpl$printf1       fz_ws.l(printf1.o)
    0x0800ce70   0x0800ce70   0x00000004   Code   RO         7417    x$fpl$printf2       fz_ws.l(printf2.o)
    0x0800ce74   0x0800ce74   0x00000000   Code   RO         7607    x$fpl$usenofp       fz_ws.l(usenofp.o)
    0x0800ce74   0x0800ce74   0x00000024   Data   RO          318    .constdata          freertos.o
    0x0800ce98   0x0800ce98   0x00000012   Data   RO         1313    .constdata          stm32f1xx_hal_rcc.o
    0x0800ceaa   0x0800ceaa   0x00000012   Data   RO         1405    .constdata          stm32f1xx_hal_rcc_ex.o
    0x0800cebc   0x0800cebc   0x00000010   Data   RO         3947    .constdata          system_stm32f1xx.o
    0x0800cecc   0x0800cecc   0x00000008   Data   RO         3948    .constdata          system_stm32f1xx.o
    0x0800ced4   0x0800ced4   0x000005f0   Data   RO         6172    .constdata          fonts.o
    0x0800d4c4   0x0800d4c4   0x000000ba   Data   RO         6697    .constdata          ff.o
    0x0800d57e   0x0800d57e   0x000004c0   Data   RO         7093    .constdata          ccsbcs.o
    0x0800da3e   0x0800da3e   0x00000011   Data   RO         7224    .constdata          c_w.l(__printf_flags_ss_wp.o)
    0x0800da4f   0x0800da4f   0x00000001   PAD
    0x0800da50   0x0800da50   0x00000008   Data   RO         7305    .constdata          c_w.l(_printf_wctomb.o)
    0x0800da58   0x0800da58   0x00000028   Data   RO         7334    .constdata          c_w.l(_printf_hex_int_ll_ptr.o)
    0x0800da80   0x0800da80   0x00000026   Data   RO         7463    .constdata          c_w.l(_printf_fp_hex.o)
    0x0800daa6   0x0800daa6   0x00000002   PAD
    0x0800daa8   0x0800daa8   0x00000094   Data   RO         7519    .constdata          c_w.l(bigflt0.o)
    0x0800db3c   0x0800db3c   0x0000000c   Data   RO          319    .conststring        freertos.o
    0x0800db48   0x0800db48   0x00000020   Data   RO         7674    Region$$Table       anon$$obj.o
    0x0800db68   0x0800db68   0x0000001c   Data   RO         7556    locale$$data        c_w.l(lc_numeric_c.o)
    0x0800db84   0x0800db84   0x00000110   Data   RO         7628    locale$$data        c_w.l(lc_ctype_c.o)


    Execution Region RW_IRAM1 (Exec base: 0x20000000, Load base: 0x0800dc94, Size: 0x000098c0, Max: 0x0000c000, ABSOLUTE)

    Exec Addr    Load Addr    Size         Type   Attr      Idx    E Section Name        Object

    0x20000000   0x0800dc94   0x00000014   Data   RW          320    .data               freertos.o
    0x20000014   0x0800dca8   0x0000000c   Data   RW         1150    .data               stm32f1xx_hal.o
    0x20000020   0x0800dcb4   0x00000004   Data   RW         3949    .data               system_stm32f1xx.o
    0x20000024   0x0800dcb8   0x00000044   Data   RW         4605    .data               tasks.o
    0x20000068   0x0800dcfc   0x00000014   Data   RW         4953    .data               timers.o
    0x2000007c   0x0800dd10   0x00000004   Data   RW         5150    .data               cmsis_os2.o
    0x20000080   0x0800dd14   0x00000018   Data   RW         5510    .data               heap_4.o
    0x20000098   0x0800dd2c   0x00000018   Data   RW         5562    .data               port.o
    0x200000b0   0x0800dd44   0x00000001   Data   RW         5656    .data               bsp_spi_sdcard.o
    0x200000b1   0x0800dd45   0x00000003   PAD
    0x200000b4   0x0800dd48   0x00000004   Data   RW         5775    .data               user_bsp.o
    0x200000b8   0x0800dd4c   0x00000001   Data   RW         5776    .data               user_bsp.o
    0x200000b9   0x0800dd4d   0x00000003   PAD
    0x200000bc   0x0800dd50   0x00000008   Data   RW         5849    .data               user_bsp_handler.o
    0x200000c4   0x0800dd58   0x00000010   Data   RW         5998    .data               bsp_ili9341_lcd.o
    0x200000d4   0x0800dd68   0x00000008   Data   RW         6173    .data               fonts.o
    0x200000dc   0x0800dd70   0x00000008   Data   RW         6208    .data               gui.o
    0x200000e4   0x0800dd78   0x00000001   Data   RW         6209    .data               gui.o
    0x200000e5   0x0800dd79   0x00000003   PAD
    0x200000e8   0x0800dd7c   0x00000008   Data   RW         6330    .data               au_os.o
    0x200000f0   0x0800dd84   0x00000001   Data   RW         6491    .data               user_diskio.o
    0x200000f1   0x0800dd85   0x00000003   PAD
    0x200000f4   0x0800dd88   0x00000014   Data   RW         6492    .data               user_diskio.o
    0x20000108   0x0800dd9c   0x00000005   Data   RW         6543    .data               fatfs.o
    0x2000010d   0x0800dda1   0x00000003   PAD
    0x20000110   0x0800dda4   0x00000008   Data   RW         6698    .data               ff.o
    0x20000118        -       0x00000058   Zero   RW          425    .bss                dac.o
    0x20000170        -       0x00000058   Zero   RW          491    .bss                spi.o
    0x200001c8        -       0x00000120   Zero   RW          536    .bss                tim.o
    0x200002e8        -       0x0000008c   Zero   RW          593    .bss                usart.o
    0x20000374        -       0x00000048   Zero   RW          771    .bss                stm32f1xx_hal_timebase_tim.o
    0x200003bc        -       0x00000080   Zero   RW          810    .bss                i2s.o
    0x2000043c        -       0x00000040   Zero   RW         4185    .bss                queue.o
    0x2000047c        -       0x00000104   Zero   RW         4604    .bss                tasks.o
    0x20000580        -       0x00000118   Zero   RW         4952    .bss                timers.o
    0x20000698        -       0x000003c0   Zero   RW         5149    .bss                cmsis_os2.o
    0x20000a58        -       0x00004000   Zero   RW         5509    .bss                heap_4.o
    0x20004a58        -       0x000000b0   Zero   RW         5655    .bss                bsp_spi_sdcard.o
    0x20004b08        -       0x00000100   Zero   RW         5774    .bss                user_bsp.o
    0x20004c08        -       0x000001f4   Zero   RW         5848    .bss                user_bsp_handler.o
    0x20004dfc        -       0x0000000c   Zero   RW         6205    .bss                gui.o
    0x20004e08        -       0x00000234   Zero   RW         6541    .bss                fatfs.o
    0x2000503c        -       0x00000018   Zero   RW         6696    .bss                ff.o
    0x20005054        -       0x0000000c   Zero   RW         6985    .bss                ff_gen_drv.o
    0x20005060        -       0x00000060   Zero   RW         7426    .bss                c_w.l(libspace.o)
    0x200050c0        -       0x00004000   Zero   RW            2    HEAP                startup_stm32f103xe.o
    0x200090c0        -       0x00000800   Zero   RW            1    STACK               startup_stm32f103xe.o


==============================================================================

Image component sizes


      Code (inc. data)   RO Data    RW Data    ZI Data      Debug   Object Name

       712        182          0          0          0       5925   au_decode.o
      1892        734          0          8          0       6347   au_os.o
      2316        100          0         16          0      13630   bsp_ili9341_lcd.o
      2116        102          0          1        176      15826   bsp_spi_sdcard.o
        92         12       1216          0          0       2103   ccsbcs.o
       324         24          0          4        960      13852   cmsis_os2.o
       204         30          0          0         88       1848   dac.o
       148         22          0          0          0       3769   diskio.o
        92          4          0          0          0        870   dma.o
       452          4          0          0          0      23667   event_groups.o
       816        636          0          5        564       2301   fatfs.o
      7504         96        186          8         24      45684   ff.o
       128          8          0          0         12       2999   ff_gen_drv.o
         0          0       1520          8          0       1315   fonts.o
       360        174         48         20          0       7974   freertos.o
       184         12          0          0          0       1003   gpio.o
       880        316          0          9         12       5186   gui.o
       460         24          0         24      16384       4879   heap_4.o
       216         32          0          0        128       1862   i2s.o
       138          0          0          0          0       3610   list.o
       282         78          0          0          0     535803   main.o
       190          0          0          0          0       5013   my_list.o
       934         80          0         24          0      12362   port.o
      2090         28          0          0         64      20283   queue.o
       184         24          0          0         88       1781   spi.o
        64         26        304          0      18432        840   startup_stm32f103xe.o
        64         14          0         12          0       5430   stm32f1xx_hal.o
       420        196          0          0          0      28514   stm32f1xx_hal_cortex.o
      1002        314          0          0          0       6606   stm32f1xx_hal_dac.o
        56          0          0          0          0       3969   stm32f1xx_hal_dac_ex.o
      1636        160          0          0          0       5486   stm32f1xx_hal_dma.o
      1136        320          0          0          0       4600   stm32f1xx_hal_gpio.o
       678         70          0          0          0       4142   stm32f1xx_hal_i2s.o
        72         10          0          0          0        930   stm32f1xx_hal_msp.o
      2010        258         18          0          0       6177   stm32f1xx_hal_rcc.o
       276         78         18          0          0       1533   stm32f1xx_hal_rcc_ex.o
       572         68          0          0          0       1383   stm32f1xx_hal_spi.o
      2518        448          0          0          0      11467   stm32f1xx_hal_tim.o
       320         88          0          0          0       2601   stm32f1xx_hal_tim_ex.o
       140         22          0          0         72       1519   stm32f1xx_hal_timebase_tim.o
      2374        168          0          0          0      16013   stm32f1xx_hal_uart.o
       132         54          0          0          0       7039   stm32f1xx_it.o
         0          0          0          0          0       8804   stream_buffer.o
        66          0          0          0          0       4639   syscall.o
         2          0         24          4          0       1211   system_stm32f1xx.o
      4700        384          0         68        260      45150   tasks.o
       500         50          0          0        288       3717   tim.o
       912         82          0         20        280      26307   timers.o
       232         30          0          0        140       1909   usart.o
       232         62          0          5        256       4091   user_bsp.o
       772        300          0          8        500       6767   user_bsp_handler.o
       298         68          0          0          0       3923   user_bsp_it.o
       234         16          0         21          0       4084   user_diskio.o

    ----------------------------------------------------------------------
     44198       6008       3366        280      38728     958743   Object Totals
         0          0         32          0          0          0   (incl. Generated)
        66          0          0         15          0          0   (incl. Padding)

    ----------------------------------------------------------------------

      Code (inc. data)   RO Data    RW Data    ZI Data      Debug   Library Member Name

        44          6          0          0          0         84   __2sprintf.o
         8          0          0          0          0         68   __main.o
       392          4         17          0          0         92   __printf_flags_ss_wp.o
        14          0          0          0          0         68   __printf_wp.o
         0          0          0          0          0          0   __rtentry.o
        12          0          0          0          0          0   __rtentry2.o
         6          0          0          0          0          0   __rtentry4.o
        52          8          0          0          0          0   __scatter.o
        26          0          0          0          0          0   __scatter_copy.o
        28          0          0          0          0          0   __scatter_zi.o
         6          0          0          0          0          0   _printf_a.o
         6          0          0          0          0          0   _printf_c.o
        44          0          0          0          0        108   _printf_char.o
        48          6          0          0          0         96   _printf_char_common.o
        40          0          0          0          0         68   _printf_charcount.o
         6          0          0          0          0          0   _printf_d.o
       120         16          0          0          0         92   _printf_dec.o
         6          0          0          0          0          0   _printf_e.o
         6          0          0          0          0          0   _printf_f.o
      1054          0          0          0          0        216   _printf_fp_dec.o
       764          8         38          0          0        100   _printf_fp_hex.o
       128         16          0          0          0         84   _printf_fp_infnan.o
         6          0          0          0          0          0   _printf_g.o
       148          4         40          0          0        160   _printf_hex_int_ll_ptr.o
         6          0          0          0          0          0   _printf_i.o
       178          0          0          0          0         88   _printf_intcommon.o
        10          0          0          0          0          0   _printf_l.o
         6          0          0          0          0          0   _printf_lc.o
        10          0          0          0          0          0   _printf_ll.o
         6          0          0          0          0          0   _printf_lld.o
         6          0          0          0          0          0   _printf_lli.o
         6          0          0          0          0          0   _printf_llo.o
         6          0          0          0          0          0   _printf_llu.o
         6          0          0          0          0          0   _printf_llx.o
       124         16          0          0          0         92   _printf_longlong_dec.o
         6          0          0          0          0          0   _printf_ls.o
         6          0          0          0          0          0   _printf_n.o
         6          0          0          0          0          0   _printf_o.o
       112         10          0          0          0        124   _printf_oct_int_ll.o
         6          0          0          0          0          0   _printf_p.o
        78          0          0          0          0        108   _printf_pad.o
         0          0          0          0          0          0   _printf_percent.o
         4          0          0          0          0          0   _printf_percent_end.o
         6          0          0          0          0          0   _printf_s.o
        82          0          0          0          0         80   _printf_str.o
        36          0          0          0          0         84   _printf_truncate.o
         6          0          0          0          0          0   _printf_u.o
        44          0          0          0          0        108   _printf_wchar.o
       188          6          8          0          0         92   _printf_wctomb.o
         6          0          0          0          0          0   _printf_x.o
        10          0          0          0          0         68   _sputc.o
        64          0          0          0          0         92   _wcrtomb.o
        22          0          0          0          0         80   abort.o
        16          0          0          0          0         68   aeabi_memset.o
       228          4        148          0          0         96   bigflt0.o
      1936        128          0          0          0        672   btod.o
        40          0          0          0          0         80   calloc.o
        48         34          0          0          0         76   defsig_abrt_inner.o
        14          0          0          0          0         80   defsig_abrt_outer.o
        10          0          0          0          0         68   defsig_exit.o
        50          0          0          0          0         88   defsig_general.o
        80         58          0          0          0         76   defsig_rtmem_inner.o
        14          0          0          0          0         80   defsig_rtmem_outer.o
        18          0          0          0          0         80   exit.o
        94          0          0          0          0         80   h1_alloc.o
        52          0          0          0          0         68   h1_extend.o
        78          0          0          0          0         80   h1_free.o
        14          0          0          0          0         84   h1_init.o
         6          0          0          0          0        152   heapauxi.o
         4          0          0          0          0        136   hguard.o
         0          0          0          0          0          0   indicate_semi.o
       138          0          0          0          0        168   init_alloc.o
        44         10        272          0          0         76   lc_ctype_c.o
        44         10         28          0          0         76   lc_numeric_c.o
         2          0          0          0          0          0   libinit.o
        38          0          0          0          0          0   libinit2.o
         2          0          0          0          0          0   libshutdown.o
         2          0          0          0          0          0   libshutdown2.o
         8          4          0          0         96         68   libspace.o
       138          0          0          0          0         80   lludiv10.o
       238          0          0          0          0        100   lludivv7m.o
         0          0          0          0          0          0   maybetermalloc1.o
        88          0          0          0          0         76   memcmp.o
        16          4          0          0          0         76   rt_ctype_table.o
         8          4          0          0          0         68   rt_heap_descriptor_intlibspace.o
         8          4          0          0          0         68   rt_locale_intlibspace.o
        68          0          0          0          0         68   rt_memclr.o
        78          0          0          0          0         80   rt_memclr_w.o
       138          0          0          0          0         68   rt_memcpy_v6.o
       100          0          0          0          0         80   rt_memcpy_w.o
         2          0          0          0          0          0   rtexit.o
        10          0          0          0          0          0   rtexit2.o
       128          0          0          0          0         68   strcmpv7m.o
        72          0          0          0          0         80   strcpy.o
        62          0          0          0          0         76   strlen.o
        12          4          0          0          0         68   sys_exit.o
        74          0          0          0          0         80   sys_stackheap_outer.o
        14          0          0          0          0         76   sys_wrch.o
         2          0          0          0          0         68   use_no_semi.o
        36          4          0          0          0         76   vsprintf.o
         4          0          0          0          0         68   printf1.o
         4          0          0          0          0         68   printf2.o
         0          0          0          0          0          0   usenofp.o
        40          0          0          0          0         68   fpclassify.o

    ----------------------------------------------------------------------
      8350        368        554          0         96       6264   Library Totals
        20          0          3          0          0          0   (incl. Padding)

    ----------------------------------------------------------------------

      Code (inc. data)   RO Data    RW Data    ZI Data      Debug   Library Name

      8282        368        551          0         96       6060   c_w.l
         8          0          0          0          0        136   fz_ws.l
        40          0          0          0          0         68   m_ws.l

    ----------------------------------------------------------------------
      8350        368        554          0         96       6264   Library Totals

    ----------------------------------------------------------------------

==============================================================================


      Code (inc. data)   RO Data    RW Data    ZI Data      Debug   

     52548       6376       3920        280      38824     942643   Grand Totals
     52548       6376       3920        280      38824     942643   ELF Image Totals
     52548       6376       3920        280          0          0   ROM Totals

==============================================================================

    Total RO  Size (Code + RO Data)                56468 (  55.14kB)
    Total RW  Size (RW Data + ZI Data)             39104 (  38.19kB)
    Total ROM Size (Code + RO Data + RW Data)      56748 (  55.42kB)

==============================================================================

