<html>
<body>
<pre>
<h1>µVision Build Log</h1>
<h2>Tool Versions:</h2>
IDE-Version: ¦ÌVision V5.15
Copyright (C) 2015 ARM Ltd and ARM Germany GmbH. All rights reserved.
License Information: 123 Administrator, 123, LIC=21E4T-RQHX2-BSZYX-HV7EF-WYZS7-HSVRB
 
Tool Versions:
Toolchain:       MDK-ARM Standard  Version: 5.15.0
Toolchain Path:  D:\Work_YJH\SoftWare\Keil_MDK5\MainObject\ARM\ARMCC\Bin
C Compiler:      Armcc.exe V5.05 update 2 (build 169)
Assembler:       Armasm.exe V5.05 update 2 (build 169)
Linker/Locator:  ArmLink.exe V5.05 update 2 (build 169)
Library Manager: ArmAr.exe V5.05 update 2 (build 169)
Hex Converter:   FromElf.exe V5.05 update 2 (build 169)
CPU DLL:         SARMCM3.DLL V5.15.0
Dialog DLL:      DCM.DLL V1.13.2.0
Target DLL:      UL2CM3.DLL V1.155.8.0
Dialog DLL:      TCM.DLL V1.14.5.0
 
<h2>Project:</h2>
D:\Work_YJH\Projection\04_MyPrj\02_BleAudio\03_Software\LocalSound\06_ReadWav_Update\MDK-ARM\Practice_FreeRTos_0609.uvprojx
Project File Date:  02/05/2025

<h2>Output:</h2>
*** Using Compiler 'V5.05 update 2 (build 169)', folder: 'D:\Work_YJH\SoftWare\Keil_MDK5\MainObject\ARM\ARMCC\Bin'
Rebuild target 'Practice_FreeRTos_0609'
assembling startup_stm32f103xe.s...
compiling main.c...
compiling gpio.c...
compiling freertos.c...
../Core/Src/freertos.c(195): warning:  #177-D: variable "xReturn" was declared but never referenced
      BaseType_t xReturn = pdPASS;
../Core/Src/freertos.c: 1 warning, 0 errors
compiling dac.c...
compiling dma.c...
compiling spi.c...
compiling tim.c...
compiling usart.c...
compiling stm32f1xx_it.c...
compiling stm32f1xx_hal_msp.c...
compiling stm32f1xx_hal_timebase_tim.c...
compiling stm32f1xx_hal_gpio_ex.c...
compiling stm32f1xx_hal_dac.c...
compiling stm32f1xx_hal_dac_ex.c...
compiling stm32f1xx_hal.c...
compiling stm32f1xx_hal_rcc.c...
compiling stm32f1xx_hal_rcc_ex.c...
compiling stm32f1xx_hal_gpio.c...
compiling stm32f1xx_hal_dma.c...
compiling stm32f1xx_hal_cortex.c...
compiling stm32f1xx_hal_pwr.c...
compiling stm32f1xx_hal_flash.c...
compiling stm32f1xx_hal_flash_ex.c...
compiling stm32f1xx_hal_exti.c...
compiling stm32f1xx_hal_spi.c...
compiling stm32f1xx_hal_tim.c...
compiling stm32f1xx_hal_tim_ex.c...
compiling stm32f1xx_hal_uart.c...
compiling system_stm32f1xx.c...
compiling croutine.c...
compiling event_groups.c...
compiling list.c...
compiling queue.c...
compiling stream_buffer.c...
compiling tasks.c...
compiling timers.c...
compiling cmsis_os2.c...
compiling heap_4.c...
compiling port.c...
compiling bsp_spi_sdcard.c...
compiling user_bsp.c...
compiling user_bsp_handler.c...
compiling user_bsp_it.c...
compiling bsp_ili9341_lcd.c...
compiling fonts.c...
compiling audio.c...
compiling core.c...
..\User\Core\core.c(279): warning:  #1-D: last line of file ends without a newline
  }
..\User\Core\core.c: 1 warning, 0 errors
compiling user_diskio.c...
compiling fatfs.c...
compiling diskio.c...
compiling ff.c...
compiling ff_gen_drv.c...
compiling syscall.c...
compiling ccsbcs.c...
linking...
Program Size: Code=48200 RO-data=3904 RW-data=264 ZI-data=38432  
FromELF: creating hex file...
"Practice_FreeRTos_0609\Practice_FreeRTos_0609.axf" - 0 Error(s), 2 Warning(s).

<h2>Software Packages used:</h2>

Package Vendor: ARM
                http://www.keil.com/pack/ARM.CMSIS.4.3.0.pack
                ARM::CMSIS:CORE:4.1.0
                CMSIS (Cortex Microcontroller Software Interface Standard)
   * Component: CORE Version: 4.1.0

<h2>Collection of Component include folders:</h2>
  D:\Work_YJH\Projection\04_MyPrj\02_BleAudio\03_Software\LocalSound\06_ReadWav_Update\MDK-ARM\RTE
  D:\Work_YJH\SoftWare\Keil_MDK5\Packs\ARM\CMSIS\4.3.0\CMSIS\Include
  D:\Work_YJH\SoftWare\Keil_MDK5\Packs\Keil\STM32F1xx_DFP\2.1.0\Device\Include

<h2>Collection of Component Files used:</h2>

   * Component: ARM::CMSIS:CORE:4.1.0
</pre>
</body>
</html>
