Component: ARM Compiler 5.06 update 7 (build 960) Tool: armlink [4d3601]

==============================================================================

Section Cross References

    startup_stm32f103xe.o(STACK) refers (Special) to heapauxi.o(.text) for __use_two_region_memory
    startup_stm32f103xe.o(HEAP) refers (Special) to heapauxi.o(.text) for __use_two_region_memory
    startup_stm32f103xe.o(RESET) refers (Special) to heapauxi.o(.text) for __use_two_region_memory
    startup_stm32f103xe.o(RESET) refers to startup_stm32f103xe.o(STACK) for __initial_sp
    startup_stm32f103xe.o(RESET) refers to startup_stm32f103xe.o(.text) for Reset_Handler
    startup_stm32f103xe.o(RESET) refers to stm32f1xx_it.o(i.NMI_Handler) for NMI_Handler
    startup_stm32f103xe.o(RESET) refers to stm32f1xx_it.o(i.HardFault_Handler) for HardFault_Handler
    startup_stm32f103xe.o(RESET) refers to stm32f1xx_it.o(i.MemManage_Handler) for MemManage_Handler
    startup_stm32f103xe.o(RESET) refers to stm32f1xx_it.o(i.BusFault_Handler) for BusFault_Handler
    startup_stm32f103xe.o(RESET) refers to stm32f1xx_it.o(i.UsageFault_Handler) for UsageFault_Handler
    startup_stm32f103xe.o(RESET) refers to port.o(.emb_text) for SVC_Handler
    startup_stm32f103xe.o(RESET) refers to stm32f1xx_it.o(i.DebugMon_Handler) for DebugMon_Handler
    startup_stm32f103xe.o(RESET) refers to port.o(i.SysTick_Handler) for SysTick_Handler
    startup_stm32f103xe.o(RESET) refers to stm32f1xx_it.o(i.DMA1_Channel4_IRQHandler) for DMA1_Channel4_IRQHandler
    startup_stm32f103xe.o(RESET) refers to stm32f1xx_it.o(i.DMA1_Channel5_IRQHandler) for DMA1_Channel5_IRQHandler
    startup_stm32f103xe.o(RESET) refers to stm32f1xx_it.o(i.TIM1_UP_IRQHandler) for TIM1_UP_IRQHandler
    startup_stm32f103xe.o(RESET) refers to stm32f1xx_it.o(i.TIM2_IRQHandler) for TIM2_IRQHandler
    startup_stm32f103xe.o(RESET) refers to stm32f1xx_it.o(i.SPI2_IRQHandler) for SPI2_IRQHandler
    startup_stm32f103xe.o(RESET) refers to stm32f1xx_it.o(i.USART1_IRQHandler) for USART1_IRQHandler
    startup_stm32f103xe.o(RESET) refers to stm32f1xx_it.o(i.TIM6_IRQHandler) for TIM6_IRQHandler
    startup_stm32f103xe.o(RESET) refers to stm32f1xx_it.o(i.TIM7_IRQHandler) for TIM7_IRQHandler
    startup_stm32f103xe.o(RESET) refers to stm32f1xx_it.o(i.DMA2_Channel3_IRQHandler) for DMA2_Channel3_IRQHandler
    startup_stm32f103xe.o(.text) refers (Special) to heapauxi.o(.text) for __use_two_region_memory
    startup_stm32f103xe.o(.text) refers to system_stm32f1xx.o(i.SystemInit) for SystemInit
    startup_stm32f103xe.o(.text) refers to __main.o(!!!main) for __main
    startup_stm32f103xe.o(.text) refers to startup_stm32f103xe.o(HEAP) for Heap_Mem
    startup_stm32f103xe.o(.text) refers to startup_stm32f103xe.o(STACK) for Stack_Mem
    main.o(i.Error_Handler) refers to user_bsp.o(i.USART_SendData) for USART_SendData
    main.o(i.Error_Handler) refers to usart.o(.bss) for huart1
    main.o(i.HAL_TIM_PeriodElapsedCallback) refers to stm32f1xx_hal.o(i.HAL_IncTick) for HAL_IncTick
    main.o(i.HAL_TIM_PeriodElapsedCallback) refers to user_bsp_it.o(i.USER_TIM_PeriodElapsedCallback) for USER_TIM_PeriodElapsedCallback
    main.o(i.SystemClock_Config) refers to rt_memclr_w.o(.text) for __aeabi_memclr4
    main.o(i.SystemClock_Config) refers to stm32f1xx_hal_rcc.o(i.HAL_RCC_OscConfig) for HAL_RCC_OscConfig
    main.o(i.SystemClock_Config) refers to stm32f1xx_hal_rcc.o(i.HAL_RCC_ClockConfig) for HAL_RCC_ClockConfig
    main.o(i.SystemClock_Config) refers to main.o(i.Error_Handler) for Error_Handler
    main.o(i.assert_failed) refers to user_bsp.o(i.USART_SendData) for USART_SendData
    main.o(i.assert_failed) refers to usart.o(.bss) for huart1
    main.o(i.main) refers to stm32f1xx_hal.o(i.HAL_Init) for HAL_Init
    main.o(i.main) refers to main.o(i.SystemClock_Config) for SystemClock_Config
    main.o(i.main) refers to gpio.o(i.MX_GPIO_Init) for MX_GPIO_Init
    main.o(i.main) refers to dma.o(i.MX_DMA_Init) for MX_DMA_Init
    main.o(i.main) refers to i2s.o(i.MX_I2S2_Init) for MX_I2S2_Init
    main.o(i.main) refers to usart.o(i.MX_USART1_UART_Init) for MX_USART1_UART_Init
    main.o(i.main) refers to tim.o(i.MX_TIM6_Init) for MX_TIM6_Init
    main.o(i.main) refers to tim.o(i.MX_TIM7_Init) for MX_TIM7_Init
    main.o(i.main) refers to dac.o(i.MX_DAC_Init) for MX_DAC_Init
    main.o(i.main) refers to tim.o(i.MX_TIM2_Init) for MX_TIM2_Init
    main.o(i.main) refers to tim.o(i.MX_TIM4_Init) for MX_TIM4_Init
    main.o(i.main) refers to spi.o(i.MX_SPI1_Init) for MX_SPI1_Init
    main.o(i.main) refers to fatfs.o(i.MX_FATFS_Init) for MX_FATFS_Init
    main.o(i.main) refers to cmsis_os2.o(i.osKernelInitialize) for osKernelInitialize
    main.o(i.main) refers to freertos.o(i.MX_FREERTOS_Init) for MX_FREERTOS_Init
    main.o(i.main) refers to cmsis_os2.o(i.osKernelStart) for osKernelStart
    gpio.o(i.MX_GPIO_Init) refers to stm32f1xx_hal_gpio.o(i.HAL_GPIO_WritePin) for HAL_GPIO_WritePin
[...]
    ff_wtoupper                              0x08009809   Thumb Code    28  ccsbcs.o(i.ff_wtoupper)
    getRunTimeCounterValue                   0x08009bfd   Thumb Code     6  freertos.o(i.getRunTimeCounterValue)
    get_fat                                  0x08009c09   Thumb Code   204  ff.o(i.get_fat)
    get_fattime                              0x08009cd5   Thumb Code     4  fatfs.o(i.get_fattime)
    is_empty                                 0x08009e85   Thumb Code    12  my_list.o(i.is_empty)
    list_destroy                             0x08009ea5   Thumb Code    50  my_list.o(i.list_destroy)
    list_get_element                         0x08009ed7   Thumb Code    30  my_list.o(i.list_get_element)
    list_insert_at_tail                      0x08009ef5   Thumb Code    38  my_list.o(i.list_insert_at_tail)
    list_traverse                            0x08009f1b   Thumb Code    26  my_list.o(i.list_traverse)
    main                                     0x08009f3d   Thumb Code    66  main.o(i.main)
    my_strnstr_kmp                           0x08009fef   Thumb Code    66  au_decode.o(i.my_strnstr_kmp)
    osKernelInitialize                       0x0800a031   Thumb Code    50  cmsis_os2.o(i.osKernelInitialize)
    osKernelStart                            0x0800a069   Thumb Code    58  cmsis_os2.o(i.osKernelStart)
    osThreadNew                              0x0800a0a9   Thumb Code   160  cmsis_os2.o(i.osThreadNew)
    printf_BleInfo                           0x0800a14d   Thumb Code    54  au_ble.o(i.printf_BleInfo)
    put_fat                                  0x0800a9f1   Thumb Code   246  ff.o(i.put_fat)
    pvPortMalloc                             0x0800aae9   Thumb Code   210  heap_4.o(i.pvPortMalloc)
    pvTaskIncrementMutexHeldCount            0x0800abc1   Thumb Code    18  tasks.o(i.pvTaskIncrementMutexHeldCount)
    pxPortInitialiseStack                    0x0800abd9   Thumb Code    32  port.o(i.pxPortInitialiseStack)
    ulTaskNotifyTake                         0x0800adad   Thumb Code    96  tasks.o(i.ulTaskNotifyTake)
    uxListRemove                             0x0800ae33   Thumb Code    38  list.o(i.uxListRemove)
    uxTaskGetSystemState                     0x0800ae59   Thumb Code   162  tasks.o(i.uxTaskGetSystemState)
    uxTaskResetEventItemValue                0x0800af05   Thumb Code    20  tasks.o(i.uxTaskResetEventItemValue)
    vApplicationGetIdleTaskMemory            0x0800af1d   Thumb Code    16  cmsis_os2.o(i.vApplicationGetIdleTaskMemory)
    vApplicationGetTimerTaskMemory           0x0800af31   Thumb Code    16  cmsis_os2.o(i.vApplicationGetTimerTaskMemory)
    vListInitialise                          0x0800af45   Thumb Code    22  list.o(i.vListInitialise)
    vListInitialiseItem                      0x0800af5b   Thumb Code     6  list.o(i.vListInitialiseItem)
    vListInsert                              0x0800af61   Thumb Code    48  list.o(i.vListInsert)
    vListInsertEnd                           0x0800af91   Thumb Code    24  list.o(i.vListInsertEnd)
    vPortEnterCritical                       0x0800afa9   Thumb Code    54  port.o(i.vPortEnterCritical)
    vPortExitCritical                        0x0800afe9   Thumb Code    34  port.o(i.vPortExitCritical)
    vPortFree                                0x0800b011   Thumb Code    88  heap_4.o(i.vPortFree)
    vPortSetupTimerInterrupt                 0x0800b06d   Thumb Code    64  port.o(i.vPortSetupTimerInterrupt)
    vPortSuppressTicksAndSleep               0x0800b0b5   Thumb Code   230  port.o(i.vPortSuppressTicksAndSleep)
    vPortValidateInterruptPriority           0x0800b1a1   Thumb Code    74  port.o(i.vPortValidateInterruptPriority)
    vQueueAddToRegistry                      0x0800b1f5   Thumb Code    34  queue.o(i.vQueueAddToRegistry)
    vQueueDelete                             0x0800b21d   Thumb Code    46  queue.o(i.vQueueDelete)
    vQueueUnregisterQueue                    0x0800b24d   Thumb Code    36  queue.o(i.vQueueUnregisterQueue)
    vQueueWaitForMessageRestricted           0x0800b275   Thumb Code    68  queue.o(i.vQueueWaitForMessageRestricted)
    vTaskDelay                               0x0800b2b9   Thumb Code    66  tasks.o(i.vTaskDelay)
    vTaskDelete                              0x0800b305   Thumb Code   130  tasks.o(i.vTaskDelete)
    vTaskGetInfo                             0x0800b395   Thumb Code   114  tasks.o(i.vTaskGetInfo)
    vTaskGetRunTimeStats                     0x0800b40d   Thumb Code   150  tasks.o(i.vTaskGetRunTimeStats)
    vTaskInternalSetTimeOutState             0x0800b4c1   Thumb Code    12  tasks.o(i.vTaskInternalSetTimeOutState)
    vTaskList                                0x0800b4d1   Thumb Code   170  tasks.o(i.vTaskList)
    vTaskMissedYield                         0x0800b591   Thumb Code     8  tasks.o(i.vTaskMissedYield)
    vTaskNotifyGiveFromISR                   0x0800b59d   Thumb Code   166  tasks.o(i.vTaskNotifyGiveFromISR)
    vTaskPlaceOnEventList                    0x0800b64d   Thumb Code    44  tasks.o(i.vTaskPlaceOnEventList)
    vTaskPlaceOnEventListRestricted          0x0800b67d   Thumb Code    52  tasks.o(i.vTaskPlaceOnEventListRestricted)
    vTaskPlaceOnUnorderedEventList           0x0800b6b5   Thumb Code    76  tasks.o(i.vTaskPlaceOnUnorderedEventList)
    vTaskPriorityDisinheritAfterTimeout      0x0800b705   Thumb Code   134  tasks.o(i.vTaskPriorityDisinheritAfterTimeout)
    vTaskRemoveFromUnorderedEventList        0x0800b795   Thumb Code   102  tasks.o(i.vTaskRemoveFromUnorderedEventList)
    vTaskStartScheduler                      0x0800b805   Thumb Code   122  tasks.o(i.vTaskStartScheduler)
    vTaskStepTick                            0x0800b891   Thumb Code    36  tasks.o(i.vTaskStepTick)
    vTaskSuspendAll                          0x0800b8b9   Thumb Code    10  tasks.o(i.vTaskSuspendAll)
    vTaskSwitchContext                       0x0800b8c9   Thumb Code   114  tasks.o(i.vTaskSwitchContext)
    xEventGroupCreate                        0x0800b985   Thumb Code    28  event_groups.o(i.xEventGroupCreate)
    xEventGroupSetBits                       0x0800b9a1   Thumb Code   140  event_groups.o(i.xEventGroupSetBits)
    xEventGroupWaitBits                      0x0800ba2d   Thumb Code   260  event_groups.o(i.xEventGroupWaitBits)
    xPortStartScheduler                      0x0800bb35   Thumb Code   154  port.o(i.xPortStartScheduler)
    xQueueCreateMutex                        0x0800bbdd   Thumb Code    22  queue.o(i.xQueueCreateMutex)
    xQueueGenericCreate                      0x0800bbf3   Thumb Code    72  queue.o(i.xQueueGenericCreate)
    xQueueGenericCreateStatic                0x0800bc3b   Thumb Code   102  queue.o(i.xQueueGenericCreateStatic)
    xQueueGenericReset                       0x0800bca1   Thumb Code   132  queue.o(i.xQueueGenericReset)
    xQueueGenericSend                        0x0800bd29   Thumb Code   346  queue.o(i.xQueueGenericSend)
    xQueueGenericSendFromISR                 0x0800be89   Thumb Code   188  queue.o(i.xQueueGenericSendFromISR)
    xQueueReceive                            0x0800bf45   Thumb Code   308  queue.o(i.xQueueReceive)
    xQueueSemaphoreTake                      0x0800c07d   Thumb Code   372  queue.o(i.xQueueSemaphoreTake)
    xTaskCheckForTimeOut                     0x0800c1f5   Thumb Code   112  tasks.o(i.xTaskCheckForTimeOut)
    xTaskCreate                              0x0800c269   Thumb Code    90  tasks.o(i.xTaskCreate)
    xTaskCreateStatic                        0x0800c2c3   Thumb Code    86  tasks.o(i.xTaskCreateStatic)
    xTaskGenericNotify                       0x0800c319   Thumb Code   192  tasks.o(i.xTaskGenericNotify)
    xTaskGenericNotifyFromISR                0x0800c3e5   Thumb Code   228  tasks.o(i.xTaskGenericNotifyFromISR)
    xTaskGetSchedulerState                   0x0800c4d1   Thumb Code    22  tasks.o(i.xTaskGetSchedulerState)
    xTaskGetTickCount                        0x0800c4ed   Thumb Code     6  tasks.o(i.xTaskGetTickCount)
    xTaskIncrementTick                       0x0800c4f9   Thumb Code   190  tasks.o(i.xTaskIncrementTick)
    xTaskNotifyWait                          0x0800c5c1   Thumb Code   130  tasks.o(i.xTaskNotifyWait)
    xTaskPriorityDisinherit                  0x0800c64d   Thumb Code   118  tasks.o(i.xTaskPriorityDisinherit)
    xTaskPriorityInherit                     0x0800c6cd   Thumb Code   112  tasks.o(i.xTaskPriorityInherit)
    xTaskRemoveFromEventList                 0x0800c745   Thumb Code   106  tasks.o(i.xTaskRemoveFromEventList)
    xTaskResumeAll                           0x0800c7b9   Thumb Code   182  tasks.o(i.xTaskResumeAll)
    xTimerCreateTimerTask                    0x0800c87d   Thumb Code    78  timers.o(i.xTimerCreateTimerTask)
    xTimerGenericCommand                     0x0800c8dd   Thumb Code    98  timers.o(i.xTimerGenericCommand)
    _get_lc_numeric                          0x0800c945   Thumb Code    44  lc_numeric_c.o(locale$$code)
    _get_lc_ctype                            0x0800c971   Thumb Code    44  lc_ctype_c.o(locale$$code)
    _printf_fp_dec                           0x0800c99d   Thumb Code     4  printf1.o(x$fpl$printf1)
    _printf_fp_hex                           0x0800c9a1   Thumb Code     4  printf2.o(x$fpl$printf2)
    SysInitTask_attributes                   0x0800c9a4   Data          36  freertos.o(.constdata)
    __I$use$fp                               0x0800c9a4   Number         0  usenofp.o(x$fpl$usenofp)
    AHBPrescTable                            0x0800c9ec   Data          16  system_stm32f1xx.o(.constdata)
    APBPrescTable                            0x0800c9fc   Data           8  system_stm32f1xx.o(.constdata)
    ASCII8x16_Table                          0x0800ca04   Data        1520  fonts.o(.constdata)
    Region$$Table$$Base                      0x0800d678   Number         0  anon$$obj.o(Region$$Table)
    Region$$Table$$Limit                     0x0800d698   Number         0  anon$$obj.o(Region$$Table)
    __ctype                                  0x0800d6c1   Data           0  lc_ctype_c.o(locale$$data)
    FreeRTOS_RunTimeTicks                    0x20000000   Data           4  freertos.o(.data)
    Key_Scan_Task_Handle                     0x20000004   Data           4  freertos.o(.data)
    Key_Run_Task_Handle                      0x20000008   Data           4  freertos.o(.data)
    Uart1_Scan_Task_Handle                   0x2000000c   Data           4  freertos.o(.data)
    SysInitTaskHandle                        0x20000010   Data           4  freertos.o(.data)
    uwTickFreq                               0x20000014   Data           1  stm32f1xx_hal.o(.data)
    uwTickPrio                               0x20000018   Data           4  stm32f1xx_hal.o(.data)
    uwTick                                   0x2000001c   Data           4  stm32f1xx_hal.o(.data)
    SystemCoreClock                          0x20000020   Data           4  system_stm32f1xx.o(.data)
    pxCurrentTCB                             0x20000024   Data           4  tasks.o(.data)
    SD_Type                                  0x200000b0   Data           1  bsp_spi_sdcard.o(.data)
    Uart1_Len                                0x200000b4   Data           4  user_bsp.o(.data)
    Uart1_ReveFlag                           0x200000b8   Data           1  user_bsp.o(.data)
    dma_rx_complete                          0x200000b9   Data           1  user_bsp.o(.data)
    Key_Reg                                  0x200000bc   Data           1  user_bsp_handler.o(.data)
    EvenGroup_Key_Handle                     0x200000c0   Data           4  user_bsp_handler.o(.data)
    LCD_SCAN_MODE                            0x200000c4   Data           1  bsp_ili9341_lcd.o(.data)
    LCD_X_LENGTH                             0x200000c6   Data           2  bsp_ili9341_lcd.o(.data)
    LCD_Y_LENGTH                             0x200000c8   Data           2  bsp_ili9341_lcd.o(.data)
    lcdid                                    0x200000ca   Data           2  bsp_ili9341_lcd.o(.data)
    Font8x16                                 0x200000d4   Data           8  fonts.o(.data)
    MicList_Idx_Gui                          0x200000dc   Data           1  gui.o(.data)
    GUI_Task_Handle                          0x200000e0   Data           4  gui.o(.data)
    MicList_Idx_au                           0x200000e4   Data           1  gui.o(.data)
    pointer                                  0x200000e8   Data           4  au_os.o(.data)
    Wav_Task_Handle                          0x200000ec   Data           4  au_os.o(.data)
    Ble_Task_Handle                          0x200000f0   Data           4  au_ble.o(.data)
    USER_Driver                              0x200000f8   Data          20  user_diskio.o(.data)
    retUSER                                  0x2000010c   Data           1  fatfs.o(.data)
    USERPath                                 0x2000010d   Data           4  fatfs.o(.data)
    hdac                                     0x2000011c   Data          20  dac.o(.bss)
    hdma_dac_ch1                             0x20000130   Data          68  dac.o(.bss)
    hspi1                                    0x20000174   Data          88  spi.o(.bss)
    htim2                                    0x200001cc   Data          72  tim.o(.bss)
    htim4                                    0x20000214   Data          72  tim.o(.bss)
    htim6                                    0x2000025c   Data          72  tim.o(.bss)
    htim7                                    0x200002a4   Data          72  tim.o(.bss)
    huart1                                   0x200002ec   Data          72  usart.o(.bss)
    hdma_usart1_rx                           0x20000334   Data          68  usart.o(.bss)
    htim1                                    0x20000378   Data          72  stm32f1xx_hal_timebase_tim.o(.bss)
    hi2s2                                    0x200003c0   Data          60  i2s.o(.bss)
    hdma_spi2_rx                             0x200003fc   Data          68  i2s.o(.bss)
    xQueueRegistry                           0x20000440   Data          64  queue.o(.bss)
    SDCardInfo                               0x20004a60   Data          88  bsp_spi_sdcard.o(.bss)
    SpiHandle                                0x20004ab8   Data          88  bsp_spi_sdcard.o(.bss)
    Uart_TxBuf                               0x20004b10   Data         128  user_bsp.o(.bss)
    Uart1_Buf                                0x20004b90   Data         128  user_bsp.o(.bss)
    ble_rx_buffer                            0x20004c10   Data        2048  user_bsp.o(.bss)
    strTmp                                   0x20005410   Data         500  user_bsp_handler.o(.bss)
    MicList                                  0x20005604   Data          12  gui.o(.bss)
    USERFatFS                                0x20005610   Data         564  fatfs.o(.bss)
    disk                                     0x2000585c   Data          12  ff_gen_drv.o(.bss)
    __libspace_start                         0x20005868   Data          96  libspace.o(.bss)
    __temporary_stack_top$libspace           0x200058c8   Data           0  libspace.o(.bss)



==============================================================================

Memory Map of the image

  Image Entry point : 0x08000131

  Load Region LR_IROM1 (Base: 0x08000000, Size: 0x0000d8e0, Max: 0x00040000, ABSOLUTE)

    Execution Region ER_IROM1 (Exec base: 0x08000000, Load base: 0x08000000, Size: 0x0000d7c4, Max: 0x00040000, ABSOLUTE)

    Exec Addr    Load Addr    Size         Type   Attr      Idx    E Section Name        Object

    0x08000000   0x08000000   0x00000130   Data   RO            3    RESET               startup_stm32f103xe.o
    0x08000130   0x08000130   0x00000008   Code   RO         7487  * !!!main             c_w.l(__main.o)
    0x08000138   0x08000138   0x00000034   Code   RO         7911    !!!scatter          c_w.l(__scatter.o)
    0x0800016c   0x0800016c   0x0000001a   Code   RO         7913    !!handler_copy      c_w.l(__scatter_copy.o)
    0x08000186   0x08000186   0x00000002   PAD
    0x08000188   0x08000188   0x0000001c   Code   RO         7915    !!handler_zi        c_w.l(__scatter_zi.o)
    0x080001a4   0x080001a4   0x00000000   Code   RO         7464    .ARM.Collect$$_printf_percent$$00000000  c_w.l(_printf_percent.o)
    0x080001a4   0x080001a4   0x00000006   Code   RO         7571    .ARM.Collect$$_printf_percent$$00000001  c_w.l(_printf_n.o)
    0x080001aa   0x080001aa   0x00000006   Code   RO         7573    .ARM.Collect$$_printf_percent$$00000002  c_w.l(_printf_p.o)
    0x080001b0   0x080001b0   0x00000006   Code   RO         7577    .ARM.Collect$$_printf_percent$$00000003  c_w.l(_printf_f.o)
    0x080001b6   0x080001b6   0x00000006   Code   RO         7578    .ARM.Collect$$_printf_percent$$00000004  c_w.l(_printf_e.o)
    0x080001bc   0x080001bc   0x00000006   Code   RO         7579    .ARM.Collect$$_printf_percent$$00000005  c_w.l(_printf_g.o)
    0x080001c2   0x080001c2   0x00000006   Code   RO         7580    .ARM.Collect$$_printf_percent$$00000006  c_w.l(_printf_a.o)
    0x080001c8   0x080001c8   0x0000000a   Code   RO         7585    .ARM.Collect$$_printf_percent$$00000007  c_w.l(_printf_ll.o)
    0x080001d2   0x080001d2   0x00000006   Code   RO         7575    .ARM.Collect$$_printf_percent$$00000008  c_w.l(_printf_i.o)
    0x080001d8   0x080001d8   0x00000006   Code   RO         7576    .ARM.Collect$$_printf_percent$$00000009  c_w.l(_printf_d.o)
    0x080001de   0x080001de   0x00000006   Code   RO         7463    .ARM.Collect$$_printf_percent$$0000000A  c_w.l(_printf_u.o)
    0x080001e4   0x080001e4   0x00000006   Code   RO         7574    .ARM.Collect$$_printf_percent$$0000000B  c_w.l(_printf_o.o)
    0x080001ea   0x080001ea   0x00000006   Code   RO         7572    .ARM.Collect$$_printf_percent$$0000000C  c_w.l(_printf_x.o)
    0x080001f0   0x080001f0   0x00000006   Code   RO         7582    .ARM.Collect$$_printf_percent$$0000000D  c_w.l(_printf_lli.o)
    0x080001f6   0x080001f6   0x00000006   Code   RO         7583    .ARM.Collect$$_printf_percent$$0000000E  c_w.l(_printf_lld.o)
    0x080001fc   0x080001fc   0x00000006   Code   RO         7584    .ARM.Collect$$_printf_percent$$0000000F  c_w.l(_printf_llu.o)
    0x08000202   0x08000202   0x00000006   Code   RO         7589    .ARM.Collect$$_printf_percent$$00000010  c_w.l(_printf_llo.o)
    0x08000208   0x08000208   0x00000006   Code   RO         7590    .ARM.Collect$$_printf_percent$$00000011  c_w.l(_printf_llx.o)
    0x0800020e   0x0800020e   0x0000000a   Code   RO         7586    .ARM.Collect$$_printf_percent$$00000012  c_w.l(_printf_l.o)
    0x08000218   0x08000218   0x00000006   Code   RO         7461    .ARM.Collect$$_printf_percent$$00000013  c_w.l(_printf_c.o)
    0x0800021e   0x0800021e   0x00000006   Code   RO         7462    .ARM.Collect$$_printf_percent$$00000014  c_w.l(_printf_s.o)
    0x08000224   0x08000224   0x00000006   Code   RO         7587    .ARM.Collect$$_printf_percent$$00000015  c_w.l(_printf_lc.o)
    0x0800022a   0x0800022a   0x00000006   Code   RO         7588    .ARM.Collect$$_printf_percent$$00000016  c_w.l(_printf_ls.o)
    0x08000230   0x08000230   0x00000004   Code   RO         7581    .ARM.Collect$$_printf_percent$$00000017  c_w.l(_printf_percent_end.o)
    0x08000234   0x08000234   0x00000002   Code   RO         7819    .ARM.Collect$$libinit$$00000000  c_w.l(libinit.o)
    0x08000236   0x08000236   0x00000000   Code   RO         7606    .ARM.Collect$$libinit$$00000002  c_w.l(libinit2.o)
    0x08000236   0x08000236   0x00000000   Code   RO         7608    .ARM.Collect$$libinit$$00000004  c_w.l(libinit2.o)
    0x08000236   0x08000236   0x00000008   Code   RO         7609    .ARM.Collect$$libinit$$00000005  c_w.l(libinit2.o)
    0x0800023e   0x0800023e   0x00000000   Code   RO         7611    .ARM.Collect$$libinit$$0000000A  c_w.l(libinit2.o)
    0x0800023e   0x0800023e   0x00000000   Code   RO         7613    .ARM.Collect$$libinit$$0000000C  c_w.l(libinit2.o)
    0x0800023e   0x0800023e   0x00000000   Code   RO         7615    .ARM.Collect$$libinit$$0000000E  c_w.l(libinit2.o)
    0x0800023e   0x0800023e   0x00000006   Code   RO         7616    .ARM.Collect$$libinit$$0000000F  c_w.l(libinit2.o)
    0x08000244   0x08000244   0x00000000   Code   RO         7618    .ARM.Collect$$libinit$$00000011  c_w.l(libinit2.o)
    0x08000244   0x08000244   0x0000000c   Code   RO         7619    .ARM.Collect$$libinit$$00000012  c_w.l(libinit2.o)
    0x08000250   0x08000250   0x00000000   Code   RO         7620    .ARM.Collect$$libinit$$00000013  c_w.l(libinit2.o)
    0x08000250   0x08000250   0x00000000   Code   RO         7622    .ARM.Collect$$libinit$$00000015  c_w.l(libinit2.o)
    0x08000250   0x08000250   0x0000000a   Code   RO         7623    .ARM.Collect$$libinit$$00000016  c_w.l(libinit2.o)
    0x0800025a   0x0800025a   0x00000000   Code   RO         7624    .ARM.Collect$$libinit$$00000017  c_w.l(libinit2.o)
    0x0800025a   0x0800025a   0x00000000   Code   RO         7626    .ARM.Collect$$libinit$$00000019  c_w.l(libinit2.o)
    0x0800025a   0x0800025a   0x00000000   Code   RO         7628    .ARM.Collect$$libinit$$0000001B  c_w.l(libinit2.o)
    0x0800025a   0x0800025a   0x00000000   Code   RO         7630    .ARM.Collect$$libinit$$0000001D  c_w.l(libinit2.o)
    0x0800025a   0x0800025a   0x00000000   Code   RO         7632    .ARM.Collect$$libinit$$0000001F  c_w.l(libinit2.o)
    0x0800025a   0x0800025a   0x00000000   Code   RO         7634    .ARM.Collect$$libinit$$00000021  c_w.l(libinit2.o)
    0x0800025a   0x0800025a   0x00000000   Code   RO         7636    .ARM.Collect$$libinit$$00000023  c_w.l(libinit2.o)
    0x0800025a   0x0800025a   0x00000000   Code   RO         7638    .ARM.Collect$$libinit$$00000025  c_w.l(libinit2.o)
    0x0800025a   0x0800025a   0x00000000   Code   RO         7642    .ARM.Collect$$libinit$$0000002C  c_w.l(libinit2.o)
    0x0800025a   0x0800025a   0x00000000   Code   RO         7644    .ARM.Collect$$libinit$$0000002E  c_w.l(libinit2.o)
    0x0800025a   0x0800025a   0x00000000   Code   RO         7646    .ARM.Collect$$libinit$$00000030  c_w.l(libinit2.o)
    0x0800025a   0x0800025a   0x00000000   Code   RO         7648    .ARM.Collect$$libinit$$00000032  c_w.l(libinit2.o)
    0x0800025a   0x0800025a   0x00000002   Code   RO         7649    .ARM.Collect$$libinit$$00000033  c_w.l(libinit2.o)
    0x0800025c   0x0800025c   0x00000002   Code   RO         7908    .ARM.Collect$$libshutdown$$00000000  c_w.l(libshutdown.o)
    0x0800025e   0x0800025e   0x00000000   Code   RO         7821    .ARM.Collect$$libshutdown$$00000002  c_w.l(libshutdown2.o)
    0x0800025e   0x0800025e   0x00000000   Code   RO         7823    .ARM.Collect$$libshutdown$$00000004  c_w.l(libshutdown2.o)
    0x0800025e   0x0800025e   0x00000000   Code   RO         7825    .ARM.Collect$$libshutdown$$00000006  c_w.l(libshutdown2.o)
    0x0800025e   0x0800025e   0x00000000   Code   RO         7828    .ARM.Collect$$libshutdown$$00000009  c_w.l(libshutdown2.o)
    0x0800025e   0x0800025e   0x00000000   Code   RO         7831    .ARM.Collect$$libshutdown$$0000000C  c_w.l(libshutdown2.o)
    0x0800025e   0x0800025e   0x00000000   Code   RO         7833    .ARM.Collect$$libshutdown$$0000000E  c_w.l(libshutdown2.o)
    0x0800025e   0x0800025e   0x00000000   Code   RO         7836    .ARM.Collect$$libshutdown$$00000011  c_w.l(libshutdown2.o)
    0x0800025e   0x0800025e   0x00000002   Code   RO         7837    .ARM.Collect$$libshutdown$$00000012  c_w.l(libshutdown2.o)
    0x08000260   0x08000260   0x00000000   Code   RO         7493    .ARM.Collect$$rtentry$$00000000  c_w.l(__rtentry.o)
    0x08000260   0x08000260   0x00000000   Code   RO         7667    .ARM.Collect$$rtentry$$00000002  c_w.l(__rtentry2.o)
    0x08000260   0x08000260   0x00000006   Code   RO         7679    .ARM.Collect$$rtentry$$00000004  c_w.l(__rtentry4.o)
    0x08000266   0x08000266   0x00000000   Code   RO         7669    .ARM.Collect$$rtentry$$00000009  c_w.l(__rtentry2.o)
    0x08000266   0x08000266   0x00000004   Code   RO         7670    .ARM.Collect$$rtentry$$0000000A  c_w.l(__rtentry2.o)
    0x0800026a   0x0800026a   0x00000000   Code   RO         7672    .ARM.Collect$$rtentry$$0000000C  c_w.l(__rtentry2.o)
    0x0800026a   0x0800026a   0x00000008   Code   RO         7673    .ARM.Collect$$rtentry$$0000000D  c_w.l(__rtentry2.o)
    0x08000272   0x08000272   0x00000002   Code   RO         7847    .ARM.Collect$$rtexit$$00000000  c_w.l(rtexit.o)
    0x08000274   0x08000274   0x00000000   Code   RO         7875    .ARM.Collect$$rtexit$$00000002  c_w.l(rtexit2.o)
    0x08000274   0x08000274   0x00000004   Code   RO         7876    .ARM.Collect$$rtexit$$00000003  c_w.l(rtexit2.o)
    0x08000278   0x08000278   0x00000006   Code   RO         7877    .ARM.Collect$$rtexit$$00000004  c_w.l(rtexit2.o)
    0x0800027e   0x0800027e   0x00000002   PAD
    0x08000280   0x08000280   0x00000096   Code   RO         5687    .emb_text           port.o
    0x08000316   0x08000316   0x00000002   PAD
    0x08000318   0x08000318   0x00000000   Code   RO         7687    .emb_text           c_w.l(maybetermalloc1.o)
    0x08000318   0x08000318   0x00000040   Code   RO            4    .text               startup_stm32f103xe.o
    0x08000358   0x08000358   0x00000028   Code   RO         7361    .text               c_w.l(calloc.o)
    0x08000380   0x08000380   0x0000005e   Code   RO         7363    .text               c_w.l(h1_alloc.o)
    0x080003de   0x080003de   0x0000004e   Code   RO         7365    .text               c_w.l(h1_free.o)
    0x0800042c   0x0800042c   0x000000ee   Code   RO         7421    .text               c_w.l(lludivv7m.o)
    0x0800051a   0x0800051a   0x00000002   PAD
    0x0800051c   0x0800051c   0x00000024   Code   RO         7425    .text               c_w.l(vsprintf.o)
    0x08000540   0x08000540   0x0000002c   Code   RO         7429    .text               c_w.l(__2sprintf.o)
    0x0800056c   0x0800056c   0x00000052   Code   RO         7437    .text               c_w.l(_printf_str.o)
    0x080005be   0x080005be   0x00000002   PAD
    0x080005c0   0x080005c0   0x00000078   Code   RO         7439    .text               c_w.l(_printf_dec.o)
    0x08000638   0x08000638   0x00000188   Code   RO         7458    .text               c_w.l(__printf_flags_ss_wp.o)
    0x080007c0   0x080007c0   0x00000016   Code   RO         7465    .text               c_w.l(abort.o)
    0x080007d6   0x080007d6   0x00000058   Code   RO         7467    .text               c_w.l(memcmp.o)
    0x0800082e   0x0800082e   0x00000048   Code   RO         7469    .text               c_w.l(strcpy.o)
    0x08000876   0x08000876   0x0000003e   Code   RO         7471    .text               c_w.l(strlen.o)
    0x080008b4   0x080008b4   0x0000008a   Code   RO         7473    .text               c_w.l(rt_memcpy_v6.o)
    0x0800093e   0x0800093e   0x00000010   Code   RO         7477    .text               c_w.l(aeabi_memset.o)
    0x0800094e   0x0800094e   0x00000044   Code   RO         7479    .text               c_w.l(rt_memclr.o)
    0x08000992   0x08000992   0x0000004e   Code   RO         7481    .text               c_w.l(rt_memclr_w.o)
    0x080009e0   0x080009e0   0x00000080   Code   RO         7483    .text               c_w.l(strcmpv7m.o)
    0x08000a60   0x08000a60   0x00000006   Code   RO         7485    .text               c_w.l(heapauxi.o)
    0x08000a66   0x08000a66   0x00000002   PAD
    0x08000a68   0x08000a68   0x0000000c   Code   RO         7489    .text               c_w.l(sys_exit.o)
    0x08000a74   0x08000a74   0x00000008   Code   RO         7501    .text               c_w.l(rt_heap_descriptor_intlibspace.o)
    0x08000a7c   0x08000a7c   0x00000004   Code   RO         7503    .text               c_w.l(hguard.o)
    0x08000a80   0x08000a80   0x0000008a   Code   RO         7505    .text               c_w.l(init_alloc.o)
    0x08000b0a   0x08000b0a   0x0000000e   Code   RO         7509    .text               c_w.l(h1_init.o)
    0x08000b18   0x08000b18   0x0000004e   Code   RO         7523    .text               c_w.l(_printf_pad.o)
    0x08000b66   0x08000b66   0x00000024   Code   RO         7525    .text               c_w.l(_printf_truncate.o)
    0x08000b8a   0x08000b8a   0x000000b2   Code   RO         7527    .text               c_w.l(_printf_intcommon.o)
    0x08000c3c   0x08000c3c   0x00000028   Code   RO         7529    .text               c_w.l(_printf_charcount.o)
    0x08000c64   0x08000c64   0x00000030   Code   RO         7531    .text               c_w.l(_printf_char_common.o)
    0x08000c94   0x08000c94   0x0000000a   Code   RO         7533    .text               c_w.l(_sputc.o)
    0x08000c9e   0x08000c9e   0x0000002c   Code   RO         7535    .text               c_w.l(_printf_char.o)
    0x08000cca   0x08000cca   0x00000002   PAD
    0x08000ccc   0x08000ccc   0x000000bc   Code   RO         7539    .text               c_w.l(_printf_wctomb.o)
    0x08000d88   0x08000d88   0x0000007c   Code   RO         7542    .text               c_w.l(_printf_longlong_dec.o)
    0x08000e04   0x08000e04   0x00000070   Code   RO         7548    .text               c_w.l(_printf_oct_int_ll.o)
    0x08000e74   0x08000e74   0x00000094   Code   RO         7568    .text               c_w.l(_printf_hex_int_ll_ptr.o)
    0x08000f08   0x08000f08   0x0000000e   Code   RO         7597    .text               c_w.l(defsig_abrt_outer.o)
    0x08000f16   0x08000f16   0x00000064   Code   RO         7601    .text               c_w.l(rt_memcpy_w.o)
    0x08000f7a   0x08000f7a   0x00000002   PAD
    0x08000f7c   0x08000f7c   0x00000008   Code   RO         7660    .text               c_w.l(libspace.o)
    0x08000f84   0x08000f84   0x00000002   Code   RO         7663    .text               c_w.l(use_no_semi.o)
    0x08000f86   0x08000f86   0x00000000   Code   RO         7665    .text               c_w.l(indicate_semi.o)
    0x08000f86   0x08000f86   0x00000034   Code   RO         7689    .text               c_w.l(h1_extend.o)
    0x08000fba   0x08000fba   0x0000008a   Code   RO         7693    .text               c_w.l(lludiv10.o)
    0x08001044   0x08001044   0x0000041e   Code   RO         7695    .text               c_w.l(_printf_fp_dec.o)
    0x08001462   0x08001462   0x00000002   PAD
    0x08001464   0x08001464   0x000002fc   Code   RO         7697    .text               c_w.l(_printf_fp_hex.o)
    0x08001760   0x08001760   0x0000002c   Code   RO         7702    .text               c_w.l(_printf_wchar.o)
    0x0800178c   0x0800178c   0x00000040   Code   RO         7718    .text               c_w.l(_wcrtomb.o)
    0x080017cc   0x080017cc   0x0000000a   Code   RO         7720    .text               c_w.l(defsig_exit.o)
    0x080017d6   0x080017d6   0x00000002   PAD
    0x080017d8   0x080017d8   0x00000030   Code   RO         7722    .text               c_w.l(defsig_abrt_inner.o)
    0x08001808   0x08001808   0x0000000e   Code   RO         7724    .text               c_w.l(defsig_rtmem_outer.o)
    0x08001816   0x08001816   0x0000004a   Code   RO         7740    .text               c_w.l(sys_stackheap_outer.o)
    0x08001860   0x08001860   0x00000010   Code   RO         7742    .text               c_w.l(rt_ctype_table.o)
    0x08001870   0x08001870   0x00000008   Code   RO         7747    .text               c_w.l(rt_locale_intlibspace.o)
    0x08001878   0x08001878   0x00000080   Code   RO         7751    .text               c_w.l(_printf_fp_infnan.o)
    0x080018f8   0x080018f8   0x000000e4   Code   RO         7753    .text               c_w.l(bigflt0.o)
    0x080019dc   0x080019dc   0x00000012   Code   RO         7794    .text               c_w.l(exit.o)
    0x080019ee   0x080019ee   0x00000032   Code   RO         7798    .text               c_w.l(defsig_general.o)
    0x08001a20   0x08001a20   0x00000050   Code   RO         7808    .text               c_w.l(defsig_rtmem_inner.o)
    0x08001a70   0x08001a70   0x0000000e   Code   RO         7845    .text               c_w.l(sys_wrch.o)
    0x08001a7e   0x08001a7e   0x0000003e   Code   RO         7756    CL$$btod_d2e        c_w.l(btod.o)
    0x08001abc   0x08001abc   0x00000046   Code   RO         7758    CL$$btod_d2e_denorm_low  c_w.l(btod.o)
    0x08001b02   0x08001b02   0x00000060   Code   RO         7757    CL$$btod_d2e_norm_op1  c_w.l(btod.o)
    0x08001b62   0x08001b62   0x00000338   Code   RO         7766    CL$$btod_div_common  c_w.l(btod.o)
    0x08001e9a   0x08001e9a   0x000000dc   Code   RO         7763    CL$$btod_e2e        c_w.l(btod.o)
    0x08001f76   0x08001f76   0x0000002a   Code   RO         7760    CL$$btod_ediv       c_w.l(btod.o)
    0x08001fa0   0x08001fa0   0x0000002a   Code   RO         7759    CL$$btod_emul       c_w.l(btod.o)
    0x08001fca   0x08001fca   0x00000244   Code   RO         7765    CL$$btod_mult_common  c_w.l(btod.o)
    0x0800220e   0x0800220e   0x00000002   PAD
    0x08002210   0x08002210   0x00000054   Code   RO         6545    i.Ble_Task          au_ble.o
    0x08002264   0x08002264   0x00000002   Code   RO          731    i.BusFault_Handler  stm32f1xx_it.o
    0x08002266   0x08002266   0x00000010   Code   RO          984    i.DAC_DMAConvCpltCh1  stm32f1xx_hal_dac.o
    0x08002276   0x08002276   0x00000010   Code   RO         1128    i.DAC_DMAConvCpltCh2  stm32f1xx_hal_dac_ex.o
    0x08002286   0x08002286   0x00000018   Code   RO          985    i.DAC_DMAErrorCh1   stm32f1xx_hal_dac.o
    0x0800229e   0x0800229e   0x00000018   Code   RO         1129    i.DAC_DMAErrorCh2   stm32f1xx_hal_dac_ex.o
    0x080022b6   0x080022b6   0x0000000a   Code   RO          986    i.DAC_DMAHalfConvCpltCh1  stm32f1xx_hal_dac.o
    0x080022c0   0x080022c0   0x0000000a   Code   RO         1130    i.DAC_DMAHalfConvCpltCh2  stm32f1xx_hal_dac_ex.o
    0x080022ca   0x080022ca   0x00000002   PAD
    0x080022cc   0x080022cc   0x0000000c   Code   RO          732    i.DMA1_Channel4_IRQHandler  stm32f1xx_it.o
    0x080022d8   0x080022d8   0x0000000c   Code   RO          733    i.DMA1_Channel5_IRQHandler  stm32f1xx_it.o
    0x080022e4   0x080022e4   0x0000000c   Code   RO          734    i.DMA2_Channel3_IRQHandler  stm32f1xx_it.o
    0x080022f0   0x080022f0   0x0000002a   Code   RO         1604    i.DMA_SetConfig     stm32f1xx_hal_dma.o
    0x0800231a   0x0800231a   0x0000002a   Code   RO         6433    i.Data_16to12_Mult  au_decode.o
    0x08002344   0x08002344   0x00000002   Code   RO          735    i.DebugMon_Handler  stm32f1xx_it.o
    0x08002346   0x08002346   0x00000002   PAD
    0x08002348   0x08002348   0x00000020   Code   RO           13    i.Error_Handler     main.o
    0x08002368   0x08002368   0x00000006   Code   RO         7216    i.FATFS_LinkDriver  ff_gen_drv.o
    0x0800236e   0x0800236e   0x00000002   PAD
    0x08002370   0x08002370   0x00000040   Code   RO         7217    i.FATFS_LinkDriverEx  ff_gen_drv.o
    0x080023b0   0x080023b0   0x00000006   Code   RO         7218    i.FATFS_UnLinkDriver  ff_gen_drv.o
    0x080023b6   0x080023b6   0x00000002   PAD
    0x080023b8   0x080023b8   0x00000034   Code   RO         7219    i.FATFS_UnLinkDriverEx  ff_gen_drv.o
    0x080023ec   0x080023ec   0x000000d0   Code   RO         5773    i.GPIO_Configuration  bsp_spi_sdcard.o
    0x080024bc   0x080024bc   0x00000068   Code   RO         6356    i.GUI_Task          gui.o
    0x08002524   0x08002524   0x00000002   Code   RO         1131    i.HAL_DACEx_ConvCpltCallbackCh2  stm32f1xx_hal_dac_ex.o
    0x08002526   0x08002526   0x00000002   Code   RO         1132    i.HAL_DACEx_ConvHalfCpltCallbackCh2  stm32f1xx_hal_dac_ex.o
    0x08002528   0x08002528   0x00000002   Code   RO         1138    i.HAL_DACEx_ErrorCallbackCh2  stm32f1xx_hal_dac_ex.o
    0x0800252a   0x0800252a   0x00000002   PAD
    0x0800252c   0x0800252c   0x000000e0   Code   RO          987    i.HAL_DAC_ConfigChannel  stm32f1xx_hal_dac.o
    0x0800260c   0x0800260c   0x00000038   Code   RO         6050    i.HAL_DAC_ConvCpltCallbackCh1  user_bsp_it.o
    0x08002644   0x08002644   0x00000038   Code   RO         6051    i.HAL_DAC_ConvHalfCpltCallbackCh1  user_bsp_it.o
    0x0800267c   0x0800267c   0x0000000c   Code   RO         6052    i.HAL_DAC_ErrorCallbackCh1  user_bsp_it.o
    0x08002688   0x08002688   0x00000078   Code   RO          997    i.HAL_DAC_Init      stm32f1xx_hal_dac.o
    0x08002700   0x08002700   0x00000090   Code   RO          519    i.HAL_DAC_MspInit   dac.o
    0x08002790   0x08002790   0x000000ac   Code   RO         1001    i.HAL_DAC_Start     stm32f1xx_hal_dac.o
    0x0800283c   0x0800283c   0x0000012c   Code   RO         1002    i.HAL_DAC_Start_DMA  stm32f1xx_hal_dac.o
    0x08002968   0x08002968   0x00000088   Code   RO         1004    i.HAL_DAC_Stop_DMA  stm32f1xx_hal_dac.o
    0x080029f0   0x080029f0   0x00000046   Code   RO         1605    i.HAL_DMA_Abort     stm32f1xx_hal_dma.o
    0x08002a36   0x08002a36   0x00000002   PAD
    0x08002a38   0x08002a38   0x00000130   Code   RO         1606    i.HAL_DMA_Abort_IT  stm32f1xx_hal_dma.o
    0x08002b68   0x08002b68   0x00000248   Code   RO         1610    i.HAL_DMA_IRQHandler  stm32f1xx_hal_dma.o
    0x08002db0   0x08002db0   0x000001b0   Code   RO         1611    i.HAL_DMA_Init      stm32f1xx_hal_dma.o
    0x08002f60   0x08002f60   0x000000cc   Code   RO         1615    i.HAL_DMA_Start_IT  stm32f1xx_hal_dma.o
    0x0800302c   0x0800302c   0x0000034c   Code   RO         1541    i.HAL_GPIO_Init     stm32f1xx_hal_gpio.o
    0x08003378   0x08003378   0x00000058   Code   RO         1543    i.HAL_GPIO_ReadPin  stm32f1xx_hal_gpio.o
    0x080033d0   0x080033d0   0x00000060   Code   RO         1544    i.HAL_GPIO_TogglePin  stm32f1xx_hal_gpio.o
    0x08003430   0x08003430   0x0000006c   Code   RO         1545    i.HAL_GPIO_WritePin  stm32f1xx_hal_gpio.o
    0x0800349c   0x0800349c   0x0000000c   Code   RO         1235    i.HAL_GetTick       stm32f1xx_hal.o
    0x080034a8   0x080034a8   0x00000002   Code   RO         3874    i.HAL_I2S_ErrorCallback  stm32f1xx_hal_i2s.o
    0x080034aa   0x080034aa   0x000000b8   Code   RO         3877    i.HAL_I2S_IRQHandler  stm32f1xx_hal_i2s.o
    0x08003562   0x08003562   0x00000002   PAD
    0x08003564   0x08003564   0x000001e8   Code   RO         3878    i.HAL_I2S_Init      stm32f1xx_hal_i2s.o
    0x0800374c   0x0800374c   0x000000a0   Code   RO          907    i.HAL_I2S_MspInit   i2s.o
    0x080037ec   0x080037ec   0x000000d4   Code   RO         3882    i.HAL_I2S_Receive_DMA  stm32f1xx_hal_i2s.o
    0x080038c0   0x080038c0   0x00000040   Code   RO         6053    i.HAL_I2S_RxCpltCallback  user_bsp_it.o
    0x08003900   0x08003900   0x00000038   Code   RO         6054    i.HAL_I2S_RxHalfCpltCallback  user_bsp_it.o
    0x08003938   0x08003938   0x00000002   Code   RO         3889    i.HAL_I2S_TxCpltCallback  stm32f1xx_hal_i2s.o
    0x0800393a   0x0800393a   0x00000002   PAD
    0x0800393c   0x0800393c   0x00000010   Code   RO         1241    i.HAL_IncTick       stm32f1xx_hal.o
    0x0800394c   0x0800394c   0x00000024   Code   RO         1242    i.HAL_Init          stm32f1xx_hal.o
    0x08003970   0x08003970   0x0000008c   Code   RO          867    i.HAL_InitTick      stm32f1xx_hal_timebase_tim.o
    0x080039fc   0x080039fc   0x00000048   Code   RO          843    i.HAL_MspInit       stm32f1xx_hal_msp.o
    0x08003a44   0x08003a44   0x00000064   Code   RO         1701    i.HAL_NVIC_EnableIRQ  stm32f1xx_hal_cortex.o
    0x08003aa8   0x08003aa8   0x000000a0   Code   RO         1707    i.HAL_NVIC_SetPriority  stm32f1xx_hal_cortex.o
    0x08003b48   0x08003b48   0x00000080   Code   RO         1708    i.HAL_NVIC_SetPriorityGrouping  stm32f1xx_hal_cortex.o
    0x08003bc8   0x08003bc8   0x00000114   Code   RO         1502    i.HAL_RCCEx_GetPeriphCLKFreq  stm32f1xx_hal_rcc_ex.o
    0x08003cdc   0x08003cdc   0x0000022c   Code   RO         1399    i.HAL_RCC_ClockConfig  stm32f1xx_hal_rcc.o
    0x08003f08   0x08003f08   0x00000094   Code   RO         1403    i.HAL_RCC_GetClockConfig  stm32f1xx_hal_rcc.o
    0x08003f9c   0x08003f9c   0x00000020   Code   RO         1406    i.HAL_RCC_GetPCLK1Freq  stm32f1xx_hal_rcc.o
    0x08003fbc   0x08003fbc   0x00000020   Code   RO         1407    i.HAL_RCC_GetPCLK2Freq  stm32f1xx_hal_rcc.o
    0x08003fdc   0x08003fdc   0x0000004c   Code   RO         1408    i.HAL_RCC_GetSysClockFreq  stm32f1xx_hal_rcc.o
    0x08004028   0x08004028   0x0000048e   Code   RO         1411    i.HAL_RCC_OscConfig  stm32f1xx_hal_rcc.o
    0x080044b6   0x080044b6   0x00000002   PAD
    0x080044b8   0x080044b8   0x0000023c   Code   RO         2222    i.HAL_SPI_Init      stm32f1xx_hal_spi.o
    0x080046f4   0x080046f4   0x00000070   Code   RO          588    i.HAL_SPI_MspInit   spi.o
    0x08004764   0x08004764   0x00000002   Code   RO         3240    i.HAL_TIMEx_BreakCallback  stm32f1xx_hal_tim_ex.o
    0x08004766   0x08004766   0x00000002   Code   RO         3241    i.HAL_TIMEx_CommutCallback  stm32f1xx_hal_tim_ex.o
    0x08004768   0x08004768   0x0000013c   Code   RO         3259    i.HAL_TIMEx_MasterConfigSynchronization  stm32f1xx_hal_tim_ex.o
    0x080048a4   0x080048a4   0x0000014c   Code   RO         2535    i.HAL_TIM_Base_Init  stm32f1xx_hal_tim.o
    0x080049f0   0x080049f0   0x000000a0   Code   RO          630    i.HAL_TIM_Base_MspInit  tim.o
    0x08004a90   0x08004a90   0x000000e0   Code   RO         2538    i.HAL_TIM_Base_Start  stm32f1xx_hal_tim.o
    0x08004b70   0x08004b70   0x000000ec   Code   RO         2540    i.HAL_TIM_Base_Start_IT  stm32f1xx_hal_tim.o
    0x08004c5c   0x08004c5c   0x000000bc   Code   RO         2541    i.HAL_TIM_Base_Stop  stm32f1xx_hal_tim.o
    0x08004d18   0x08004d18   0x000003a0   Code   RO         2544    i.HAL_TIM_ConfigClockSource  stm32f1xx_hal_tim.o
    0x080050b8   0x080050b8   0x00000002   Code   RO         6055    i.HAL_TIM_IC_CaptureCallback  user_bsp_it.o
    0x080050ba   0x080050ba   0x00000166   Code   RO         2583    i.HAL_TIM_IRQHandler  stm32f1xx_hal_tim.o
    0x08005220   0x08005220   0x00000002   Code   RO         2586    i.HAL_TIM_OC_DelayElapsedCallback  stm32f1xx_hal_tim.o
    0x08005222   0x08005222   0x00000002   Code   RO         2613    i.HAL_TIM_PWM_PulseFinishedCallback  stm32f1xx_hal_tim.o
    0x08005224   0x08005224   0x00000020   Code   RO           14    i.HAL_TIM_PeriodElapsedCallback  main.o
    0x08005244   0x08005244   0x00000002   Code   RO         2626    i.HAL_TIM_TriggerCallback  stm32f1xx_hal_tim.o
    0x08005246   0x08005246   0x00000002   Code   RO         3519    i.HAL_UARTEx_RxEventCallback  stm32f1xx_hal_uart.o
    0x08005248   0x08005248   0x00000070   Code   RO         3531    i.HAL_UART_DMAStop  stm32f1xx_hal_uart.o
    0x080052b8   0x080052b8   0x00000002   Code   RO         3533    i.HAL_UART_ErrorCallback  stm32f1xx_hal_uart.o
    0x080052ba   0x080052ba   0x00000002   PAD
    0x080052bc   0x080052bc   0x0000026c   Code   RO         3536    i.HAL_UART_IRQHandler  stm32f1xx_hal_uart.o
    0x08005528   0x08005528   0x0000012c   Code   RO         3537    i.HAL_UART_Init     stm32f1xx_hal_uart.o
    0x08005654   0x08005654   0x000000b0   Code   RO          690    i.HAL_UART_MspInit  usart.o
    0x08005704   0x08005704   0x0000001c   Code   RO         3541    i.HAL_UART_Receive_DMA  stm32f1xx_hal_uart.o
    0x08005720   0x08005720   0x00000002   Code   RO         3543    i.HAL_UART_RxCpltCallback  stm32f1xx_hal_uart.o
    0x08005722   0x08005722   0x00000002   Code   RO         3544    i.HAL_UART_RxHalfCpltCallback  stm32f1xx_hal_uart.o
    0x08005724   0x08005724   0x0000009a   Code   RO         3545    i.HAL_UART_Transmit  stm32f1xx_hal_uart.o
    0x080057be   0x080057be   0x00000002   Code   RO         3548    i.HAL_UART_TxCpltCallback  stm32f1xx_hal_uart.o
    0x080057c0   0x080057c0   0x00000002   Code   RO          736    i.HardFault_Handler  stm32f1xx_it.o
    0x080057c2   0x080057c2   0x00000028   Code   RO         3891    i.I2S_DMAError      stm32f1xx_hal_i2s.o
    0x080057ea   0x080057ea   0x00000024   Code   RO         3892    i.I2S_DMARxCplt     stm32f1xx_hal_i2s.o
    0x0800580e   0x0800580e   0x0000000a   Code   RO         3893    i.I2S_DMARxHalfCplt  stm32f1xx_hal_i2s.o
    0x08005818   0x08005818   0x0000006c   Code   RO         6131    i.ILI9341_DispChar_EN  bsp_ili9341_lcd.o
    0x08005884   0x08005884   0x00000050   Code   RO         6132    i.ILI9341_DispStringLine_EN  bsp_ili9341_lcd.o
    0x080058d4   0x080058d4   0x00000058   Code   RO         6143    i.ILI9341_OpenWindow  bsp_ili9341_lcd.o
    0x0800592c   0x0800592c   0x00000024   Code   RO         6296    i.ILI9341_Write_Cmd  bsp_ili9341_lcd.o
    0x08005950   0x08005950   0x00000024   Code   RO         6302    i.ILI9341_Write_Data  bsp_ili9341_lcd.o
    0x08005974   0x08005974   0x00000054   Code   RO         5989    i.Key_Run_Task      user_bsp_handler.o
    0x080059c8   0x080059c8   0x0000008c   Code   RO         5990    i.Key_Scan_Task     user_bsp_handler.o
    0x08005a54   0x08005a54   0x0000000c   Code   RO         6150    i.LCD_GetFont       bsp_ili9341_lcd.o
    0x08005a60   0x08005a60   0x0000000c   Code   RO         6152    i.LCD_SetColors     bsp_ili9341_lcd.o
    0x08005a6c   0x08005a6c   0x0000003c   Code   RO          520    i.MX_DAC_Init       dac.o
    0x08005aa8   0x08005aa8   0x0000005c   Code   RO          560    i.MX_DMA_Init       dma.o
    0x08005b04   0x08005b04   0x000000d8   Code   RO         6773    i.MX_FATFS_Init     fatfs.o
    0x08005bdc   0x08005bdc   0x00000058   Code   RO          408    i.MX_FREERTOS_Init  freertos.o
    0x08005c34   0x08005c34   0x000000b8   Code   RO          286    i.MX_GPIO_Init      gpio.o
    0x08005cec   0x08005cec   0x00000038   Code   RO          908    i.MX_I2S2_Init      i2s.o
    0x08005d24   0x08005d24   0x00000048   Code   RO          589    i.MX_SPI1_Init      spi.o
    0x08005d6c   0x08005d6c   0x00000064   Code   RO          631    i.MX_TIM2_Init      tim.o
    0x08005dd0   0x08005dd0   0x00000068   Code   RO          632    i.MX_TIM4_Init      tim.o
    0x08005e38   0x08005e38   0x00000044   Code   RO          633    i.MX_TIM6_Init      tim.o
    0x08005e7c   0x08005e7c   0x00000044   Code   RO          634    i.MX_TIM7_Init      tim.o
    0x08005ec0   0x08005ec0   0x00000038   Code   RO          691    i.MX_USART1_UART_Init  usart.o
    0x08005ef8   0x08005ef8   0x00000002   Code   RO          737    i.MemManage_Handler  stm32f1xx_it.o
    0x08005efa   0x08005efa   0x00000002   PAD
    0x08005efc   0x08005efc   0x00000048   Code   RO         6357    i.MicList_ShowAll_Func  gui.o
    0x08005f44   0x08005f44   0x00000110   Code   RO         6358    i.MicList_Update    gui.o
    0x08006054   0x08006054   0x00000004   Code   RO         6359    i.MicList_destroy_Func  gui.o
    0x08006058   0x08006058   0x00000084   Code   RO         6360    i.MicList_reinit    gui.o
    0x080060dc   0x080060dc   0x000000b4   Code   RO         6361    i.MusicList_MovePointer  gui.o
    0x08006190   0x08006190   0x00000002   Code   RO          738    i.NMI_Handler       stm32f1xx_it.o
    0x08006192   0x08006192   0x00000002   Code   RO          409    i.PostSleepProcessing  freertos.o
    0x08006194   0x08006194   0x00000002   Code   RO          410    i.PreSleepProcessing  freertos.o
    0x08006196   0x08006196   0x00000002   PAD
    0x08006198   0x08006198   0x00000254   Code   RO         6774    i.Printf_FATFS_Error  fatfs.o
    0x080063ec   0x080063ec   0x000000fc   Code   RO         5775    i.SD_GetCIDRegister  bsp_spi_sdcard.o
    0x080064e8   0x080064e8   0x000001c8   Code   RO         5776    i.SD_GetCSDRegister  bsp_spi_sdcard.o
    0x080066b0   0x080066b0   0x00000078   Code   RO         5777    i.SD_GetCardInfo    bsp_spi_sdcard.o
    0x08006728   0x08006728   0x00000128   Code   RO         5778    i.SD_GetCardType    bsp_spi_sdcard.o
    0x08006850   0x08006850   0x00000032   Code   RO         5779    i.SD_GetDataResponse  bsp_spi_sdcard.o
    0x08006882   0x08006882   0x00000024   Code   RO         5780    i.SD_GetResponse    bsp_spi_sdcard.o
    0x080068a6   0x080068a6   0x00000002   PAD
    0x080068a8   0x080068a8   0x00000034   Code   RO         5782    i.SD_GoIdleState    bsp_spi_sdcard.o
    0x080068dc   0x080068dc   0x00000044   Code   RO         5783    i.SD_Init           bsp_spi_sdcard.o
    0x08006920   0x08006920   0x00000078   Code   RO         5784    i.SD_ReadBlock      bsp_spi_sdcard.o
    0x08006998   0x08006998   0x00000024   Code   RO         5785    i.SD_ReadByte       bsp_spi_sdcard.o
    0x080069bc   0x080069bc   0x000000a4   Code   RO         5786    i.SD_ReadMultiBlocks  bsp_spi_sdcard.o
    0x08006a60   0x08006a60   0x00000036   Code   RO         5787    i.SD_SendCmd        bsp_spi_sdcard.o
    0x08006a96   0x08006a96   0x00000002   PAD
    0x08006a98   0x08006a98   0x00000024   Code   RO         5789    i.SD_WriteByte      bsp_spi_sdcard.o
    0x08006abc   0x08006abc   0x000000a8   Code   RO         5790    i.SD_WriteMultiBlocks  bsp_spi_sdcard.o
    0x08006b64   0x08006b64   0x0000000c   Code   RO          739    i.SPI2_IRQHandler   stm32f1xx_it.o
    0x08006b70   0x08006b70   0x00000028   Code   RO         5991    i.SoftReset         user_bsp_handler.o
    0x08006b98   0x08006b98   0x000000d4   Code   RO         6546    i.Start_Ble         au_ble.o
    0x08006c6c   0x08006c6c   0x000000d4   Code   RO         6481    i.Start_Wav         au_os.o
    0x08006d40   0x08006d40   0x0000002c   Code   RO         5688    i.SysTick_Handler   port.o
    0x08006d6c   0x08006d6c   0x000000e8   Code   RO          411    i.Sys_Init_Task     freertos.o
    0x08006e54   0x08006e54   0x00000058   Code   RO           15    i.SystemClock_Config  main.o
    0x08006eac   0x08006eac   0x00000002   Code   RO         4045    i.SystemInit        system_stm32f1xx.o
    0x08006eae   0x08006eae   0x00000002   PAD
    0x08006eb0   0x08006eb0   0x0000007c   Code   RO         5905    i.System_Init       user_bsp.o
    0x08006f2c   0x08006f2c   0x0000000c   Code   RO          740    i.TIM1_UP_IRQHandler  stm32f1xx_it.o
    0x08006f38   0x08006f38   0x0000000c   Code   RO          741    i.TIM2_IRQHandler   stm32f1xx_it.o
    0x08006f44   0x08006f44   0x0000000c   Code   RO          742    i.TIM6_IRQHandler   stm32f1xx_it.o
    0x08006f50   0x08006f50   0x0000000c   Code   RO          743    i.TIM7_IRQHandler   stm32f1xx_it.o
    0x08006f5c   0x08006f5c   0x0000008c   Code   RO         2628    i.TIM_Base_SetConfig  stm32f1xx_hal_tim.o
    0x08006fe8   0x08006fe8   0x00000014   Code   RO         2639    i.TIM_ETR_SetConfig  stm32f1xx_hal_tim.o
    0x08006ffc   0x08006ffc   0x00000010   Code   RO         2640    i.TIM_ITRx_SetConfig  stm32f1xx_hal_tim.o
    0x0800700c   0x0800700c   0x00000022   Code   RO         2646    i.TIM_TI1_ConfigInputStage  stm32f1xx_hal_tim.o
    0x0800702e   0x0800702e   0x00000024   Code   RO         2648    i.TIM_TI2_ConfigInputStage  stm32f1xx_hal_tim.o
    0x08007052   0x08007052   0x00000002   PAD
    0x08007054   0x08007054   0x0000001c   Code   RO         5906    i.Tim_Init          user_bsp.o
    0x08007070   0x08007070   0x00000010   Code   RO         3550    i.UART_DMAAbortOnError  stm32f1xx_hal_uart.o
    0x08007080   0x08007080   0x0000004a   Code   RO         3551    i.UART_DMAError     stm32f1xx_hal_uart.o
    0x080070ca   0x080070ca   0x00000086   Code   RO         3552    i.UART_DMAReceiveCplt  stm32f1xx_hal_uart.o
    0x08007150   0x08007150   0x0000001e   Code   RO         3554    i.UART_DMARxHalfCplt  stm32f1xx_hal_uart.o
    0x0800716e   0x0800716e   0x0000004e   Code   RO         3560    i.UART_EndRxTransfer  stm32f1xx_hal_uart.o
    0x080071bc   0x080071bc   0x0000001c   Code   RO         3561    i.UART_EndTxTransfer  stm32f1xx_hal_uart.o
    0x080071d8   0x080071d8   0x000000c2   Code   RO         3562    i.UART_Receive_IT   stm32f1xx_hal_uart.o
    0x0800729a   0x0800729a   0x00000002   PAD
    0x0800729c   0x0800729c   0x0000014c   Code   RO         3563    i.UART_SetConfig    stm32f1xx_hal_uart.o
    0x080073e8   0x080073e8   0x00000090   Code   RO         3564    i.UART_Start_Receive_DMA  stm32f1xx_hal_uart.o
    0x08007478   0x08007478   0x00000078   Code   RO         3566    i.UART_WaitOnFlagUntilTimeout  stm32f1xx_hal_uart.o
    0x080074f0   0x080074f0   0x00000018   Code   RO          744    i.USART1_IRQHandler  stm32f1xx_it.o
    0x08007508   0x08007508   0x00000038   Code   RO         5907    i.USART_SendData    user_bsp.o
    0x08007540   0x08007540   0x00000024   Code   RO         6056    i.USER_TIM_PeriodElapsedCallback  user_bsp_it.o
    0x08007564   0x08007564   0x00000028   Code   RO         6690    i.USER_initialize   user_diskio.o
    0x0800758c   0x0800758c   0x00000040   Code   RO         6691    i.USER_ioctl        user_diskio.o
    0x080075cc   0x080075cc   0x0000003e   Code   RO         6692    i.USER_read         user_diskio.o
    0x0800760a   0x0800760a   0x00000002   PAD
    0x0800760c   0x0800760c   0x00000014   Code   RO         6693    i.USER_status       user_diskio.o
    0x08007620   0x08007620   0x00000030   Code   RO         6694    i.USER_write        user_diskio.o
    0x08007650   0x08007650   0x00000020   Code   RO         5908    i.Uart1_Init        user_bsp.o
    0x08007670   0x08007670   0x00000088   Code   RO         6057    i.Uart1_Reve_Callback  user_bsp_it.o
    0x080076f8   0x080076f8   0x00000218   Code   RO         5992    i.Uart1_Scan_Task   user_bsp_handler.o
    0x08007910   0x08007910   0x00000010   Code   RO         5909    i.Uart_Strcmp       user_bsp.o
    0x08007920   0x08007920   0x00000002   Code   RO          745    i.UsageFault_Handler  stm32f1xx_it.o
    0x08007922   0x08007922   0x00000002   PAD
    0x08007924   0x08007924   0x00000204   Code   RO         6434    i.WAV_Format_parsing  au_decode.o
    0x08007b28   0x08007b28   0x00000160   Code   RO         6482    i.Wav_OpenFile      au_os.o
    0x08007c88   0x08007c88   0x00000234   Code   RO         6483    i.Wav_Player        au_os.o
    0x08007ebc   0x08007ebc   0x000001c8   Code   RO         6484    i.Wav_Player_Init   au_os.o
    0x08008084   0x08008084   0x00000058   Code   RO         6435    i.Wav_Process_DualTrack  au_decode.o
    0x080080dc   0x080080dc   0x00000134   Code   RO         6485    i.Wav_Task          au_os.o
    0x08008210   0x08008210   0x00000028   Code   RO         7843    i.__ARM_fpclassify  m_ws.l(fpclassify.o)
    0x08008238   0x08008238   0x00000020   Code   RO         1714    i.__NVIC_SetPriority  stm32f1xx_hal_cortex.o
    0x08008258   0x08008258   0x0000000e   Code   RO         7451    i._is_digit         c_w.l(__printf_wp.o)
    0x08008266   0x08008266   0x00000002   PAD
    0x08008268   0x08008268   0x00000040   Code   RO           16    i.assert_failed     main.o
    0x080082a8   0x080082a8   0x00000078   Code   RO         6872    i.check_fs          ff.o
    0x08008320   0x08008320   0x00000010   Code   RO         6873    i.chk_chr           ff.o
    0x08008330   0x08008330   0x0000006c   Code   RO         6874    i.chk_lock          ff.o
    0x0800839c   0x0800839c   0x00000024   Code   RO         6875    i.clear_lock        ff.o
    0x080083c0   0x080083c0   0x0000002a   Code   RO         6876    i.clmt_clust        ff.o
    0x080083ea   0x080083ea   0x0000001e   Code   RO         6877    i.clust2sect        ff.o
    0x08008408   0x08008408   0x00000018   Code   RO          412    i.configureTimerForRunTimeStats  freertos.o
    0x08008420   0x08008420   0x000000b0   Code   RO         6878    i.create_chain      ff.o
    0x080084d0   0x080084d0   0x00000204   Code   RO         6879    i.create_name       ff.o
    0x080086d4   0x080086d4   0x0000003c   Code   RO         6880    i.dec_lock          ff.o
    0x08008710   0x08008710   0x00000144   Code   RO         6881    i.dir_find          ff.o
    0x08008854   0x08008854   0x0000011e   Code   RO         6882    i.dir_next          ff.o
    0x08008972   0x08008972   0x00000002   PAD
    0x08008974   0x08008974   0x00000108   Code   RO         6883    i.dir_read          ff.o
    0x08008a7c   0x08008a7c   0x000001d0   Code   RO         6884    i.dir_register      ff.o
    0x08008c4c   0x08008c4c   0x00000098   Code   RO         6886    i.dir_sdi           ff.o
    0x08008ce4   0x08008ce4   0x00000028   Code   RO         6817    i.disk_initialize   diskio.o
    0x08008d0c   0x08008d0c   0x0000001c   Code   RO         6818    i.disk_ioctl        diskio.o
    0x08008d28   0x08008d28   0x0000001c   Code   RO         6819    i.disk_read         diskio.o
    0x08008d44   0x08008d44   0x00000018   Code   RO         6820    i.disk_status       diskio.o
    0x08008d5c   0x08008d5c   0x0000001c   Code   RO         6821    i.disk_write        diskio.o
    0x08008d78   0x08008d78   0x00000030   Code   RO         4673    i.eTaskConfirmSleepModeStatus  tasks.o
    0x08008da8   0x08008da8   0x00000068   Code   RO         4674    i.eTaskGetState     tasks.o
    0x08008e10   0x08008e10   0x00000036   Code   RO         6888    i.f_close           ff.o
    0x08008e46   0x08008e46   0x00000030   Code   RO         6889    i.f_closedir        ff.o
    0x08008e76   0x08008e76   0x00000002   PAD
    0x08008e78   0x08008e78   0x000002ac   Code   RO         6892    i.f_lseek           ff.o
    0x08009124   0x08009124   0x00000084   Code   RO         6895    i.f_mount           ff.o
    0x080091a8   0x080091a8   0x000001ec   Code   RO         6896    i.f_open            ff.o
    0x08009394   0x08009394   0x000000c2   Code   RO         6897    i.f_opendir         ff.o
    0x08009456   0x08009456   0x00000002   PAD
    0x08009458   0x08009458   0x000001d2   Code   RO         6901    i.f_read            ff.o
    0x0800962a   0x0800962a   0x0000008e   Code   RO         6902    i.f_readdir         ff.o
    0x080096b8   0x080096b8   0x000000d2   Code   RO         6905    i.f_sync            ff.o
    0x0800978a   0x0800978a   0x00000002   PAD
    0x0800978c   0x0800978c   0x00000038   Code   RO         7326    i.ff_convert        ccsbcs.o
    0x080097c4   0x080097c4   0x00000014   Code   RO         7266    i.ff_cre_syncobj    syscall.o
    0x080097d8   0x080097d8   0x0000000a   Code   RO         7267    i.ff_del_syncobj    syscall.o
    0x080097e2   0x080097e2   0x00000004   Code   RO         7268    i.ff_memalloc       syscall.o
    0x080097e6   0x080097e6   0x00000004   Code   RO         7269    i.ff_memfree        syscall.o
    0x080097ea   0x080097ea   0x0000000a   Code   RO         7270    i.ff_rel_grant      syscall.o
    0x080097f4   0x080097f4   0x00000012   Code   RO         7271    i.ff_req_grant      syscall.o
    0x08009806   0x08009806   0x00000002   PAD
    0x08009808   0x08009808   0x00000024   Code   RO         7327    i.ff_wtoupper       ccsbcs.o
    0x0800982c   0x0800982c   0x000002dc   Code   RO         6910    i.find_volume       ff.o
    0x08009b08   0x08009b08   0x00000072   Code   RO         6911    i.follow_path       ff.o
    0x08009b7a   0x08009b7a   0x00000002   PAD
    0x08009b7c   0x08009b7c   0x00000080   Code   RO         6912    i.gen_numname       ff.o
    0x08009bfc   0x08009bfc   0x0000000c   Code   RO          413    i.getRunTimeCounterValue  freertos.o
    0x08009c08   0x08009c08   0x000000cc   Code   RO         6913    i.get_fat           ff.o
    0x08009cd4   0x08009cd4   0x00000004   Code   RO         6775    i.get_fattime       fatfs.o
    0x08009cd8   0x08009cd8   0x000000ce   Code   RO         6914    i.get_fileinfo      ff.o
    0x08009da6   0x08009da6   0x0000003c   Code   RO         6915    i.get_ldnumber      ff.o
    0x08009de2   0x08009de2   0x00000002   PAD
    0x08009de4   0x08009de4   0x000000a0   Code   RO         6916    i.inc_lock          ff.o
    0x08009e84   0x08009e84   0x0000000c   Code   RO         6586    i.is_empty          my_list.o
    0x08009e90   0x08009e90   0x00000014   Code   RO         6917    i.ld_clust          ff.o
    0x08009ea4   0x08009ea4   0x00000032   Code   RO         6588    i.list_destroy      my_list.o
    0x08009ed6   0x08009ed6   0x0000001e   Code   RO         6589    i.list_get_element  my_list.o
    0x08009ef4   0x08009ef4   0x00000026   Code   RO         6594    i.list_insert_at_tail  my_list.o
    0x08009f1a   0x08009f1a   0x0000001a   Code   RO         6598    i.list_traverse     my_list.o
    0x08009f34   0x08009f34   0x00000008   Code   RO         6918    i.lock_fs           ff.o
    0x08009f3c   0x08009f3c   0x00000042   Code   RO           17    i.main              main.o
    0x08009f7e   0x08009f7e   0x00000018   Code   RO         6599    i.make_node         my_list.o
    0x08009f96   0x08009f96   0x00000002   PAD
    0x08009f98   0x08009f98   0x00000012   Code   RO         6919    i.mem_cpy           ff.o
    0x08009faa   0x08009faa   0x0000000e   Code   RO         6920    i.mem_set           ff.o
    0x08009fb8   0x08009fb8   0x00000036   Code   RO         6921    i.move_window       ff.o
    0x08009fee   0x08009fee   0x00000042   Code   RO         6436    i.my_strnstr_kmp    au_decode.o
    0x0800a030   0x0800a030   0x00000038   Code   RO         5231    i.osKernelInitialize  cmsis_os2.o
    0x0800a068   0x0800a068   0x00000040   Code   RO         5234    i.osKernelStart     cmsis_os2.o
    0x0800a0a8   0x0800a0a8   0x000000a4   Code   RO         5268    i.osThreadNew       cmsis_os2.o
    0x0800a14c   0x0800a14c   0x00000048   Code   RO         6547    i.printf_BleInfo    au_ble.o
    0x0800a194   0x0800a194   0x0000005c   Code   RO         4676    i.prvAddCurrentTaskToDelayedList  tasks.o
    0x0800a1f0   0x0800a1f0   0x000000d0   Code   RO         4677    i.prvAddNewTaskToReadyList  tasks.o
    0x0800a2c0   0x0800a2c0   0x00000058   Code   RO         5063    i.prvCheckForValidListAndQueue  timers.o
    0x0800a318   0x0800a318   0x00000026   Code   RO         4278    i.prvCopyDataFromQueue  queue.o
    0x0800a33e   0x0800a33e   0x0000006c   Code   RO         4279    i.prvCopyDataToQueue  queue.o
    0x0800a3aa   0x0800a3aa   0x00000034   Code   RO         4678    i.prvDeleteTCB      tasks.o
    0x0800a3de   0x0800a3de   0x00000002   PAD
    0x0800a3e0   0x0800a3e0   0x00000030   Code   RO         4679    i.prvGetExpectedIdleTime  tasks.o
    0x0800a410   0x0800a410   0x0000004c   Code   RO         5638    i.prvHeapInit       heap_4.o
    0x0800a45c   0x0800a45c   0x00000090   Code   RO         4680    i.prvIdleTask       tasks.o
    0x0800a4ec   0x0800a4ec   0x00000016   Code   RO         4280    i.prvInitialiseMutex  queue.o
    0x0800a502   0x0800a502   0x00000002   PAD
    0x0800a504   0x0800a504   0x00000022   Code   RO         4281    i.prvInitialiseNewQueue  queue.o
    0x0800a526   0x0800a526   0x0000009e   Code   RO         4681    i.prvInitialiseNewTask  tasks.o
    0x0800a5c4   0x0800a5c4   0x0000004c   Code   RO         5639    i.prvInsertBlockIntoFreeList  heap_4.o
    0x0800a610   0x0800a610   0x00000038   Code   RO         5065    i.prvInsertTimerInActiveList  timers.o
    0x0800a648   0x0800a648   0x0000001c   Code   RO         4282    i.prvIsQueueEmpty   queue.o
    0x0800a664   0x0800a664   0x00000058   Code   RO         4682    i.prvListTasksWithinSingleList  tasks.o
    0x0800a6bc   0x0800a6bc   0x000000cc   Code   RO         5066    i.prvProcessReceivedCommands  timers.o
    0x0800a788   0x0800a788   0x000000b4   Code   RO         5067    i.prvProcessTimerOrBlockTask  timers.o
    0x0800a83c   0x0800a83c   0x00000020   Code   RO         4683    i.prvResetNextTaskUnblockTime  tasks.o
    0x0800a85c   0x0800a85c   0x00000028   Code   RO         5068    i.prvSampleTimeNow  timers.o
    0x0800a884   0x0800a884   0x0000006c   Code   RO         5069    i.prvSwitchTimerLists  timers.o
    0x0800a8f0   0x0800a8f0   0x00000014   Code   RO         4684    i.prvTaskCheckFreeStackSpace  tasks.o
    0x0800a904   0x0800a904   0x00000028   Code   RO         5689    i.prvTaskExitError  port.o
    0x0800a92c   0x0800a92c   0x00000014   Code   RO         4116    i.prvTestWaitCondition  event_groups.o
    0x0800a940   0x0800a940   0x00000024   Code   RO         5070    i.prvTimerTask      timers.o
    0x0800a964   0x0800a964   0x0000006a   Code   RO         4283    i.prvUnlockQueue    queue.o
    0x0800a9ce   0x0800a9ce   0x00000022   Code   RO         4686    i.prvWriteNameToBuffer  tasks.o
    0x0800a9f0   0x0800a9f0   0x000000f6   Code   RO         6922    i.put_fat           ff.o
    0x0800aae6   0x0800aae6   0x00000002   PAD
    0x0800aae8   0x0800aae8   0x000000d8   Code   RO         5640    i.pvPortMalloc      heap_4.o
    0x0800abc0   0x0800abc0   0x00000018   Code   RO         4687    i.pvTaskIncrementMutexHeldCount  tasks.o
    0x0800abd8   0x0800abd8   0x00000024   Code   RO         5690    i.pxPortInitialiseStack  port.o
    0x0800abfc   0x0800abfc   0x0000006e   Code   RO         6924    i.remove_chain      ff.o
    0x0800ac6a   0x0800ac6a   0x00000010   Code   RO         6925    i.st_clust          ff.o
    0x0800ac7a   0x0800ac7a   0x0000001a   Code   RO         6926    i.sum_sfn           ff.o
    0x0800ac94   0x0800ac94   0x000000b6   Code   RO         6927    i.sync_fs           ff.o
    0x0800ad4a   0x0800ad4a   0x00000060   Code   RO         6928    i.sync_window       ff.o
    0x0800adaa   0x0800adaa   0x00000002   PAD
    0x0800adac   0x0800adac   0x00000068   Code   RO         4688    i.ulTaskNotifyTake  tasks.o
    0x0800ae14   0x0800ae14   0x0000001e   Code   RO         6929    i.unlock_fs         ff.o
    0x0800ae32   0x0800ae32   0x00000026   Code   RO         4238    i.uxListRemove      list.o
    0x0800ae58   0x0800ae58   0x000000ac   Code   RO         4691    i.uxTaskGetSystemState  tasks.o
    0x0800af04   0x0800af04   0x00000018   Code   RO         4695    i.uxTaskResetEventItemValue  tasks.o
    0x0800af1c   0x0800af1c   0x00000014   Code   RO         5280    i.vApplicationGetIdleTaskMemory  cmsis_os2.o
    0x0800af30   0x0800af30   0x00000014   Code   RO         5281    i.vApplicationGetTimerTaskMemory  cmsis_os2.o
    0x0800af44   0x0800af44   0x00000016   Code   RO         4239    i.vListInitialise   list.o
    0x0800af5a   0x0800af5a   0x00000006   Code   RO         4240    i.vListInitialiseItem  list.o
    0x0800af60   0x0800af60   0x00000030   Code   RO         4241    i.vListInsert       list.o
    0x0800af90   0x0800af90   0x00000018   Code   RO         4242    i.vListInsertEnd    list.o
    0x0800afa8   0x0800afa8   0x00000040   Code   RO         5692    i.vPortEnterCritical  port.o
    0x0800afe8   0x0800afe8   0x00000028   Code   RO         5693    i.vPortExitCritical  port.o
    0x0800b010   0x0800b010   0x0000005c   Code   RO         5641    i.vPortFree         heap_4.o
    0x0800b06c   0x0800b06c   0x00000048   Code   RO         5694    i.vPortSetupTimerInterrupt  port.o
    0x0800b0b4   0x0800b0b4   0x000000ec   Code   RO         5695    i.vPortSuppressTicksAndSleep  port.o
    0x0800b1a0   0x0800b1a0   0x00000054   Code   RO         5696    i.vPortValidateInterruptPriority  port.o
    0x0800b1f4   0x0800b1f4   0x00000028   Code   RO         4289    i.vQueueAddToRegistry  queue.o
    0x0800b21c   0x0800b21c   0x0000002e   Code   RO         4290    i.vQueueDelete      queue.o
    0x0800b24a   0x0800b24a   0x00000002   PAD
    0x0800b24c   0x0800b24c   0x00000028   Code   RO         4292    i.vQueueUnregisterQueue  queue.o
    0x0800b274   0x0800b274   0x00000044   Code   RO         4293    i.vQueueWaitForMessageRestricted  queue.o
    0x0800b2b8   0x0800b2b8   0x0000004c   Code   RO         4696    i.vTaskDelay        tasks.o
    0x0800b304   0x0800b304   0x00000090   Code   RO         4698    i.vTaskDelete       tasks.o
    0x0800b394   0x0800b394   0x00000078   Code   RO         4700    i.vTaskGetInfo      tasks.o
    0x0800b40c   0x0800b40c   0x000000b4   Code   RO         4701    i.vTaskGetRunTimeStats  tasks.o
    0x0800b4c0   0x0800b4c0   0x00000010   Code   RO         4702    i.vTaskInternalSetTimeOutState  tasks.o
    0x0800b4d0   0x0800b4d0   0x000000c0   Code   RO         4703    i.vTaskList         tasks.o
    0x0800b590   0x0800b590   0x0000000c   Code   RO         4704    i.vTaskMissedYield  tasks.o
    0x0800b59c   0x0800b59c   0x000000b0   Code   RO         4705    i.vTaskNotifyGiveFromISR  tasks.o
    0x0800b64c   0x0800b64c   0x00000030   Code   RO         4706    i.vTaskPlaceOnEventList  tasks.o
    0x0800b67c   0x0800b67c   0x00000038   Code   RO         4707    i.vTaskPlaceOnEventListRestricted  tasks.o
    0x0800b6b4   0x0800b6b4   0x00000050   Code   RO         4708    i.vTaskPlaceOnUnorderedEventList  tasks.o
    0x0800b704   0x0800b704   0x00000090   Code   RO         4709    i.vTaskPriorityDisinheritAfterTimeout  tasks.o
    0x0800b794   0x0800b794   0x00000070   Code   RO         4711    i.vTaskRemoveFromUnorderedEventList  tasks.o
    0x0800b804   0x0800b804   0x0000008c   Code   RO         4715    i.vTaskStartScheduler  tasks.o
    0x0800b890   0x0800b890   0x00000028   Code   RO         4716    i.vTaskStepTick     tasks.o
    0x0800b8b8   0x0800b8b8   0x00000010   Code   RO         4718    i.vTaskSuspendAll   tasks.o
    0x0800b8c8   0x0800b8c8   0x0000007c   Code   RO         4719    i.vTaskSwitchContext  tasks.o
    0x0800b944   0x0800b944   0x00000040   Code   RO         6930    i.validate          ff.o
    0x0800b984   0x0800b984   0x0000001c   Code   RO         4124    i.xEventGroupCreate  event_groups.o
    0x0800b9a0   0x0800b9a0   0x0000008c   Code   RO         4127    i.xEventGroupSetBits  event_groups.o
    0x0800ba2c   0x0800ba2c   0x00000108   Code   RO         4130    i.xEventGroupWaitBits  event_groups.o
    0x0800bb34   0x0800bb34   0x000000a8   Code   RO         5697    i.xPortStartScheduler  port.o
    0x0800bbdc   0x0800bbdc   0x00000016   Code   RO         4296    i.xQueueCreateMutex  queue.o
    0x0800bbf2   0x0800bbf2   0x00000048   Code   RO         4298    i.xQueueGenericCreate  queue.o
    0x0800bc3a   0x0800bc3a   0x00000066   Code   RO         4299    i.xQueueGenericCreateStatic  queue.o
    0x0800bca0   0x0800bca0   0x00000088   Code   RO         4300    i.xQueueGenericReset  queue.o
    0x0800bd28   0x0800bd28   0x00000160   Code   RO         4301    i.xQueueGenericSend  queue.o
    0x0800be88   0x0800be88   0x000000bc   Code   RO         4302    i.xQueueGenericSendFromISR  queue.o
    0x0800bf44   0x0800bf44   0x00000138   Code   RO         4311    i.xQueueReceive     queue.o
    0x0800c07c   0x0800c07c   0x00000178   Code   RO         4313    i.xQueueSemaphoreTake  queue.o
    0x0800c1f4   0x0800c1f4   0x00000074   Code   RO         4720    i.xTaskCheckForTimeOut  tasks.o
    0x0800c268   0x0800c268   0x0000005a   Code   RO         4721    i.xTaskCreate       tasks.o
    0x0800c2c2   0x0800c2c2   0x00000056   Code   RO         4722    i.xTaskCreateStatic  tasks.o
    0x0800c318   0x0800c318   0x000000cc   Code   RO         4723    i.xTaskGenericNotify  tasks.o
    0x0800c3e4   0x0800c3e4   0x000000ec   Code   RO         4724    i.xTaskGenericNotifyFromISR  tasks.o
    0x0800c4d0   0x0800c4d0   0x0000001c   Code   RO         4726    i.xTaskGetSchedulerState  tasks.o
    0x0800c4ec   0x0800c4ec   0x0000000c   Code   RO         4727    i.xTaskGetTickCount  tasks.o
    0x0800c4f8   0x0800c4f8   0x000000c8   Code   RO         4729    i.xTaskIncrementTick  tasks.o
    0x0800c5c0   0x0800c5c0   0x0000008c   Code   RO         4731    i.xTaskNotifyWait   tasks.o
    0x0800c64c   0x0800c64c   0x00000080   Code   RO         4732    i.xTaskPriorityDisinherit  tasks.o
    0x0800c6cc   0x0800c6cc   0x00000078   Code   RO         4733    i.xTaskPriorityInherit  tasks.o
    0x0800c744   0x0800c744   0x00000074   Code   RO         4734    i.xTaskRemoveFromEventList  tasks.o
    0x0800c7b8   0x0800c7b8   0x000000c4   Code   RO         4735    i.xTaskResumeAll    tasks.o
    0x0800c87c   0x0800c87c   0x00000060   Code   RO         5077    i.xTimerCreateTimerTask  timers.o
    0x0800c8dc   0x0800c8dc   0x00000068   Code   RO         5078    i.xTimerGenericCommand  timers.o
    0x0800c944   0x0800c944   0x0000002c   Code   RO         7792    locale$$code        c_w.l(lc_numeric_c.o)
    0x0800c970   0x0800c970   0x0000002c   Code   RO         7864    locale$$code        c_w.l(lc_ctype_c.o)
    0x0800c99c   0x0800c99c   0x00000004   Code   RO         7650    x$fpl$printf1       fz_ws.l(printf1.o)
    0x0800c9a0   0x0800c9a0   0x00000004   Code   RO         7652    x$fpl$printf2       fz_ws.l(printf2.o)
    0x0800c9a4   0x0800c9a4   0x00000000   Code   RO         7842    x$fpl$usenofp       fz_ws.l(usenofp.o)
    0x0800c9a4   0x0800c9a4   0x00000024   Data   RO          414    .constdata          freertos.o
    0x0800c9c8   0x0800c9c8   0x00000012   Data   RO         1412    .constdata          stm32f1xx_hal_rcc.o
    0x0800c9da   0x0800c9da   0x00000012   Data   RO         1504    .constdata          stm32f1xx_hal_rcc_ex.o
    0x0800c9ec   0x0800c9ec   0x00000010   Data   RO         4046    .constdata          system_stm32f1xx.o
    0x0800c9fc   0x0800c9fc   0x00000008   Data   RO         4047    .constdata          system_stm32f1xx.o
    0x0800ca04   0x0800ca04   0x000005f0   Data   RO         6329    .constdata          fonts.o
    0x0800cff4   0x0800cff4   0x000000ba   Data   RO         6932    .constdata          ff.o
    0x0800d0ae   0x0800d0ae   0x000004c0   Data   RO         7328    .constdata          ccsbcs.o
    0x0800d56e   0x0800d56e   0x00000011   Data   RO         7459    .constdata          c_w.l(__printf_flags_ss_wp.o)
    0x0800d57f   0x0800d57f   0x00000001   PAD
    0x0800d580   0x0800d580   0x00000008   Data   RO         7540    .constdata          c_w.l(_printf_wctomb.o)
    0x0800d588   0x0800d588   0x00000028   Data   RO         7569    .constdata          c_w.l(_printf_hex_int_ll_ptr.o)
    0x0800d5b0   0x0800d5b0   0x00000026   Data   RO         7698    .constdata          c_w.l(_printf_fp_hex.o)
    0x0800d5d6   0x0800d5d6   0x00000002   PAD
    0x0800d5d8   0x0800d5d8   0x00000094   Data   RO         7754    .constdata          c_w.l(bigflt0.o)
    0x0800d66c   0x0800d66c   0x0000000c   Data   RO          415    .conststring        freertos.o
    0x0800d678   0x0800d678   0x00000020   Data   RO         7909    Region$$Table       anon$$obj.o
    0x0800d698   0x0800d698   0x0000001c   Data   RO         7791    locale$$data        c_w.l(lc_numeric_c.o)
    0x0800d6b4   0x0800d6b4   0x00000110   Data   RO         7863    locale$$data        c_w.l(lc_ctype_c.o)


    Execution Region RW_IRAM1 (Exec base: 0x20000000, Load base: 0x0800d7c4, Size: 0x0000a0c8, Max: 0x0000c000, ABSOLUTE)

    Exec Addr    Load Addr    Size         Type   Attr      Idx    E Section Name        Object

    0x20000000   0x0800d7c4   0x00000014   Data   RW          416    .data               freertos.o
    0x20000014   0x0800d7d8   0x0000000c   Data   RW         1249    .data               stm32f1xx_hal.o
    0x20000020   0x0800d7e4   0x00000004   Data   RW         4048    .data               system_stm32f1xx.o
    0x20000024   0x0800d7e8   0x00000044   Data   RW         4738    .data               tasks.o
    0x20000068   0x0800d82c   0x00000014   Data   RW         5086    .data               timers.o
    0x2000007c   0x0800d840   0x00000004   Data   RW         5283    .data               cmsis_os2.o
    0x20000080   0x0800d844   0x00000018   Data   RW         5646    .data               heap_4.o
    0x20000098   0x0800d85c   0x00000018   Data   RW         5698    .data               port.o
    0x200000b0   0x0800d874   0x00000001   Data   RW         5792    .data               bsp_spi_sdcard.o
    0x200000b1   0x0800d875   0x00000003   PAD
    0x200000b4   0x0800d878   0x00000004   Data   RW         5912    .data               user_bsp.o
    0x200000b8   0x0800d87c   0x00000001   Data   RW         5913    .data               user_bsp.o
    0x200000b9   0x0800d87d   0x00000001   Data   RW         5914    .data               user_bsp.o
    0x200000ba   0x0800d87e   0x00000002   PAD
    0x200000bc   0x0800d880   0x00000008   Data   RW         5994    .data               user_bsp_handler.o
    0x200000c4   0x0800d888   0x00000010   Data   RW         6155    .data               bsp_ili9341_lcd.o
    0x200000d4   0x0800d898   0x00000008   Data   RW         6330    .data               fonts.o
    0x200000dc   0x0800d8a0   0x00000008   Data   RW         6365    .data               gui.o
    0x200000e4   0x0800d8a8   0x00000001   Data   RW         6366    .data               gui.o
    0x200000e5   0x0800d8a9   0x00000003   PAD
    0x200000e8   0x0800d8ac   0x00000008   Data   RW         6487    .data               au_os.o
    0x200000f0   0x0800d8b4   0x00000004   Data   RW         6549    .data               au_ble.o
    0x200000f4   0x0800d8b8   0x00000001   Data   RW         6695    .data               user_diskio.o
    0x200000f5   0x0800d8b9   0x00000003   PAD
    0x200000f8   0x0800d8bc   0x00000014   Data   RW         6696    .data               user_diskio.o
    0x2000010c   0x0800d8d0   0x00000005   Data   RW         6778    .data               fatfs.o
    0x20000111   0x0800d8d5   0x00000003   PAD
    0x20000114   0x0800d8d8   0x00000008   Data   RW         6933    .data               ff.o
    0x2000011c        -       0x00000058   Zero   RW          521    .bss                dac.o
    0x20000174        -       0x00000058   Zero   RW          590    .bss                spi.o
    0x200001cc        -       0x00000120   Zero   RW          635    .bss                tim.o
    0x200002ec        -       0x0000008c   Zero   RW          692    .bss                usart.o
    0x20000378        -       0x00000048   Zero   RW          870    .bss                stm32f1xx_hal_timebase_tim.o
    0x200003c0        -       0x00000080   Zero   RW          909    .bss                i2s.o
    0x20000440        -       0x00000040   Zero   RW         4315    .bss                queue.o
    0x20000480        -       0x00000104   Zero   RW         4737    .bss                tasks.o
    0x20000584        -       0x00000118   Zero   RW         5085    .bss                timers.o
    0x2000069c        -       0x000003c0   Zero   RW         5282    .bss                cmsis_os2.o
    0x20000a5c        -       0x00004000   Zero   RW         5645    .bss                heap_4.o
    0x20004a5c   0x0800d8e0   0x00000004   PAD
    0x20004a60        -       0x000000b0   Zero   RW         5791    .bss                bsp_spi_sdcard.o
    0x20004b10        -       0x00000100   Zero   RW         5910    .bss                user_bsp.o
    0x20004c10        -       0x00000800   Zero   RW         5911    .bss                user_bsp.o
    0x20005410        -       0x000001f4   Zero   RW         5993    .bss                user_bsp_handler.o
    0x20005604        -       0x0000000c   Zero   RW         6362    .bss                gui.o
    0x20005610        -       0x00000234   Zero   RW         6776    .bss                fatfs.o
    0x20005844        -       0x00000018   Zero   RW         6931    .bss                ff.o
    0x2000585c        -       0x0000000c   Zero   RW         7220    .bss                ff_gen_drv.o
    0x20005868        -       0x00000060   Zero   RW         7661    .bss                c_w.l(libspace.o)
    0x200058c8        -       0x00004000   Zero   RW            2    HEAP                startup_stm32f103xe.o
    0x200098c8        -       0x00000800   Zero   RW            1    STACK               startup_stm32f103xe.o


==============================================================================

Image component sizes


      Code (inc. data)   RO Data    RW Data    ZI Data      Debug   Object Name

       368        170          0          4          0       3021   au_ble.o
       712        182          0          0          0       5925   au_decode.o
      1892        734          0          8          0       6347   au_os.o
       372         34          0         16          0       6541   bsp_ili9341_lcd.o
      2116        102          0          1        176      15826   bsp_spi_sdcard.o
        92         12       1216          0          0       2103   ccsbcs.o
       324         24          0          4        960      16736   cmsis_os2.o
         0          0          0          0          0       7176   croutine.o
       204         30          0          0         88       1848   dac.o
       148         22          0          0          0       3769   diskio.o
        92          4          0          0          0        870   dma.o
       452          4          0          0          0      26171   event_groups.o
       816        636          0          5        564       2301   fatfs.o
      7504         96        186          8         24      45684   ff.o
       128          8          0          0         12       2999   ff_gen_drv.o
         0          0       1520          8          0       1315   fonts.o
       360        174         48         20          0       7974   freertos.o
       184         12          0          0          0     497283   gpio.o
       764        266          0          9         12       4691   gui.o
       460         24          0         24      16384       4879   heap_4.o
       216         32          0          0        128       1862   i2s.o
       138          0          0          0          0       3610   list.o
       282         78          0          0          0     512670   main.o
       180          0          0          0          0       5125   my_list.o
       934         80          0         24          0      12362   port.o
      2090         28          0          0         64      22791   queue.o
       184         24          0          0         88       1781   spi.o
        64         26        304          0      18432        840   startup_stm32f103xe.o
        64         14          0         12          0       5430   stm32f1xx_hal.o
       420        196          0          0          0      28514   stm32f1xx_hal_cortex.o
      1002        314          0          0          0       6606   stm32f1xx_hal_dac.o
        56          0          0          0          0       3969   stm32f1xx_hal_dac_ex.o
      1636        160          0          0          0       5486   stm32f1xx_hal_dma.o
      1136        320          0          0          0       4600   stm32f1xx_hal_gpio.o
       974         84          0          0          0       6355   stm32f1xx_hal_i2s.o
        72         10          0          0          0        930   stm32f1xx_hal_msp.o
      2010        258         18          0          0       6177   stm32f1xx_hal_rcc.o
       276         78         18          0          0       1533   stm32f1xx_hal_rcc_ex.o
       572         68          0          0          0       1383   stm32f1xx_hal_spi.o
      2518        448          0          0          0      11467   stm32f1xx_hal_tim.o
       320         88          0          0          0       2601   stm32f1xx_hal_tim_ex.o
       140         22          0          0         72       1519   stm32f1xx_hal_timebase_tim.o
      2374        168          0          0          0      16013   stm32f1xx_hal_uart.o
       132         54          0          0          0       7039   stm32f1xx_it.o
         0          0          0          0          0       8804   stream_buffer.o
        66          0          0          0          0       4639   syscall.o
         2          0         24          4          0       1211   system_stm32f1xx.o
      4700        384          0         68        260      45150   tasks.o
       500         50          0          0        288       3717   tim.o
       912         82          0         20        280      26307   timers.o
       232         30          0          0        140       1909   usart.o
       256         82          0          6       2304       4229   user_bsp.o
       800        312          0          8        500       6795   user_bsp_handler.o
       418         90          0          0          0       5053   user_bsp_it.o
       234         16          0         21          0      12853   user_diskio.o

    ----------------------------------------------------------------------
     42964       6130       3366        284      40780    1454789   Object Totals
         0          0         32          0          0          0   (incl. Generated)
        66          0          0         14          4          0   (incl. Padding)

    ----------------------------------------------------------------------

      Code (inc. data)   RO Data    RW Data    ZI Data      Debug   Library Member Name

        44          6          0          0          0         84   __2sprintf.o
         8          0          0          0          0         68   __main.o
       392          4         17          0          0         92   __printf_flags_ss_wp.o
        14          0          0          0          0         68   __printf_wp.o
         0          0          0          0          0          0   __rtentry.o
        12          0          0          0          0          0   __rtentry2.o
         6          0          0          0          0          0   __rtentry4.o
        52          8          0          0          0          0   __scatter.o
        26          0          0          0          0          0   __scatter_copy.o
        28          0          0          0          0          0   __scatter_zi.o
         6          0          0          0          0          0   _printf_a.o
         6          0          0          0          0          0   _printf_c.o
        44          0          0          0          0        108   _printf_char.o
        48          6          0          0          0         96   _printf_char_common.o
        40          0          0          0          0         68   _printf_charcount.o
         6          0          0          0          0          0   _printf_d.o
       120         16          0          0          0         92   _printf_dec.o
         6          0          0          0          0          0   _printf_e.o
         6          0          0          0          0          0   _printf_f.o
      1054          0          0          0          0        216   _printf_fp_dec.o
       764          8         38          0          0        100   _printf_fp_hex.o
       128         16          0          0          0         84   _printf_fp_infnan.o
         6          0          0          0          0          0   _printf_g.o
       148          4         40          0          0        160   _printf_hex_int_ll_ptr.o
         6          0          0          0          0          0   _printf_i.o
       178          0          0          0          0         88   _printf_intcommon.o
        10          0          0          0          0          0   _printf_l.o
         6          0          0          0          0          0   _printf_lc.o
        10          0          0          0          0          0   _printf_ll.o
         6          0          0          0          0          0   _printf_lld.o
         6          0          0          0          0          0   _printf_lli.o
         6          0          0          0          0          0   _printf_llo.o
         6          0          0          0          0          0   _printf_llu.o
         6          0          0          0          0          0   _printf_llx.o
       124         16          0          0          0         92   _printf_longlong_dec.o
         6          0          0          0          0          0   _printf_ls.o
         6          0          0          0          0          0   _printf_n.o
         6          0          0          0          0          0   _printf_o.o
       112         10          0          0          0        124   _printf_oct_int_ll.o
         6          0          0          0          0          0   _printf_p.o
        78          0          0          0          0        108   _printf_pad.o
         0          0          0          0          0          0   _printf_percent.o
         4          0          0          0          0          0   _printf_percent_end.o
         6          0          0          0          0          0   _printf_s.o
        82          0          0          0          0         80   _printf_str.o
        36          0          0          0          0         84   _printf_truncate.o
         6          0          0          0          0          0   _printf_u.o
        44          0          0          0          0        108   _printf_wchar.o
       188          6          8          0          0         92   _printf_wctomb.o
         6          0          0          0          0          0   _printf_x.o
        10          0          0          0          0         68   _sputc.o
        64          0          0          0          0         92   _wcrtomb.o
        22          0          0          0          0         80   abort.o
        16          0          0          0          0         68   aeabi_memset.o
       228          4        148          0          0         96   bigflt0.o
      1936        128          0          0          0        672   btod.o
        40          0          0          0          0         80   calloc.o
        48         34          0          0          0         76   defsig_abrt_inner.o
        14          0          0          0          0         80   defsig_abrt_outer.o
        10          0          0          0          0         68   defsig_exit.o
        50          0          0          0          0         88   defsig_general.o
        80         58          0          0          0         76   defsig_rtmem_inner.o
        14          0          0          0          0         80   defsig_rtmem_outer.o
        18          0          0          0          0         80   exit.o
        94          0          0          0          0         80   h1_alloc.o
        52          0          0          0          0         68   h1_extend.o
        78          0          0          0          0         80   h1_free.o
        14          0          0          0          0         84   h1_init.o
         6          0          0          0          0        152   heapauxi.o
         4          0          0          0          0        136   hguard.o
         0          0          0          0          0          0   indicate_semi.o
       138          0          0          0          0        168   init_alloc.o
        44         10        272          0          0         76   lc_ctype_c.o
        44         10         28          0          0         76   lc_numeric_c.o
         2          0          0          0          0          0   libinit.o
        38          0          0          0          0          0   libinit2.o
         2          0          0          0          0          0   libshutdown.o
         2          0          0          0          0          0   libshutdown2.o
         8          4          0          0         96         68   libspace.o
       138          0          0          0          0         80   lludiv10.o
       238          0          0          0          0        100   lludivv7m.o
         0          0          0          0          0          0   maybetermalloc1.o
        88          0          0          0          0         76   memcmp.o
        16          4          0          0          0         76   rt_ctype_table.o
         8          4          0          0          0         68   rt_heap_descriptor_intlibspace.o
         8          4          0          0          0         68   rt_locale_intlibspace.o
        68          0          0          0          0         68   rt_memclr.o
        78          0          0          0          0         80   rt_memclr_w.o
       138          0          0          0          0         68   rt_memcpy_v6.o
       100          0          0          0          0         80   rt_memcpy_w.o
         2          0          0          0          0          0   rtexit.o
        10          0          0          0          0          0   rtexit2.o
       128          0          0          0          0         68   strcmpv7m.o
        72          0          0          0          0         80   strcpy.o
        62          0          0          0          0         76   strlen.o
        12          4          0          0          0         68   sys_exit.o
        74          0          0          0          0         80   sys_stackheap_outer.o
        14          0          0          0          0         76   sys_wrch.o
         2          0          0          0          0         68   use_no_semi.o
        36          4          0          0          0         76   vsprintf.o
         4          0          0          0          0         68   printf1.o
         4          0          0          0          0         68   printf2.o
         0          0          0          0          0          0   usenofp.o
        40          0          0          0          0         68   fpclassify.o

    ----------------------------------------------------------------------
      8352        368        554          0         96       6264   Library Totals
        22          0          3          0          0          0   (incl. Padding)

    ----------------------------------------------------------------------

      Code (inc. data)   RO Data    RW Data    ZI Data      Debug   Library Name

      8282        368        551          0         96       6060   c_w.l
         8          0          0          0          0        136   fz_ws.l
        40          0          0          0          0         68   m_ws.l

    ----------------------------------------------------------------------
      8352        368        554          0         96       6264   Library Totals

    ----------------------------------------------------------------------

==============================================================================


      Code (inc. data)   RO Data    RW Data    ZI Data      Debug   

     51316       6498       3920        284      40876    1438949   Grand Totals
     51316       6498       3920        284      40876    1438949   ELF Image Totals
     51316       6498       3920        284          0          0   ROM Totals

==============================================================================

    Total RO  Size (Code + RO Data)                55236 (  53.94kB)
    Total RW  Size (RW Data + ZI Data)             41160 (  40.20kB)
    Total ROM Size (Code + RO Data + RW Data)      55520 (  54.22kB)

==============================================================================

